[0.186s] DEBUG:colcon:Command line arguments: ['/usr/bin/colcon', 'build']
[0.186s] DEBUG:colcon:Parsed command line arguments: Namespace(log_base=None, log_level=None, verb_name='build', build_base='build', install_base='install', merge_install=False, symlink_install=False, test_result_base=None, continue_on_error=False, executor='parallel', parallel_workers=4, event_handlers=None, ignore_user_meta=False, metas=['./colcon.meta'], base_paths=['.'], packages_ignore=None, packages_ignore_regex=None, paths=None, packages_up_to=None, packages_up_to_regex=None, packages_above=None, packages_above_and_dependencies=None, packages_above_depth=None, packages_select_by_dep=None, packages_skip_by_dep=None, packages_skip_up_to=None, packages_select_build_failed=False, packages_skip_build_finished=False, packages_select_test_failures=False, packages_skip_test_passed=False, packages_select=None, packages_skip=None, packages_select_regex=None, packages_skip_regex=None, packages_start=None, packages_end=None, allow_overriding=[], cmake_args=None, cmake_target=None, cmake_target_skip_unavailable=False, cmake_clean_cache=False, cmake_clean_first=False, cmake_force_configure=False, ament_cmake_args=None, catkin_cmake_args=None, catkin_skip_building_tests=False, mixin_files=None, mixin=None, verb_parser=<colcon_mixin.mixin.mixin_argument.MixinArgumentDecorator object at 0x7a4a36701840>, verb_extension=<colcon_core.verb.build.BuildVerb object at 0x7a4a368729b0>, main=<bound method BuildVerb.main of <colcon_core.verb.build.BuildVerb object at 0x7a4a368729b0>>, mixin_verb=('build',))
[0.476s] Level 1:colcon.colcon_core.package_discovery:discover_packages(colcon_meta) check parameters
[0.476s] Level 1:colcon.colcon_core.package_discovery:discover_packages(recursive) check parameters
[0.476s] Level 1:colcon.colcon_core.package_discovery:discover_packages(ignore) check parameters
[0.476s] Level 1:colcon.colcon_core.package_discovery:discover_packages(path) check parameters
[0.476s] Level 1:colcon.colcon_core.package_discovery:discover_packages(colcon_meta) discover
[0.477s] Level 1:colcon.colcon_core.package_discovery:discover_packages(recursive) discover
[0.477s] INFO:colcon.colcon_core.package_discovery:Crawling recursively for packages in '/home/vboxuser/ROS-Learning/src'
[0.477s] Level 1:colcon.colcon_core.package_identification:_identify(.) by extensions ['ignore', 'ignore_ament_install']
[0.477s] Level 1:colcon.colcon_core.package_identification:_identify(.) by extension 'ignore'
[0.477s] Level 1:colcon.colcon_core.package_identification:_identify(.) by extension 'ignore_ament_install'
[0.477s] Level 1:colcon.colcon_core.package_identification:_identify(.) by extensions ['colcon_pkg']
[0.477s] Level 1:colcon.colcon_core.package_identification:_identify(.) by extension 'colcon_pkg'
[0.477s] Level 1:colcon.colcon_core.package_identification:_identify(.) by extensions ['colcon_meta']
[0.477s] Level 1:colcon.colcon_core.package_identification:_identify(.) by extension 'colcon_meta'
[0.477s] Level 1:colcon.colcon_core.package_identification:_identify(.) by extensions ['ros']
[0.477s] Level 1:colcon.colcon_core.package_identification:_identify(.) by extension 'ros'
[0.496s] Level 1:colcon.colcon_core.package_identification:_identify(.) by extensions ['cmake', 'python']
[0.496s] Level 1:colcon.colcon_core.package_identification:_identify(.) by extension 'cmake'
[0.496s] Level 1:colcon.colcon_core.package_identification:_identify(.) by extension 'python'
[0.496s] Level 1:colcon.colcon_core.package_identification:_identify(.) by extensions ['python_setup_py']
[0.496s] Level 1:colcon.colcon_core.package_identification:_identify(.) by extension 'python_setup_py'
[0.497s] Level 1:colcon.colcon_core.package_identification:_identify(build) by extensions ['ignore', 'ignore_ament_install']
[0.497s] Level 1:colcon.colcon_core.package_identification:_identify(build) by extension 'ignore'
[0.497s] Level 1:colcon.colcon_core.package_identification:_identify(build) ignored
[0.497s] Level 1:colcon.colcon_core.package_identification:_identify(custom_interfaces) by extensions ['ignore', 'ignore_ament_install']
[0.497s] Level 1:colcon.colcon_core.package_identification:_identify(custom_interfaces) by extension 'ignore'
[0.497s] Level 1:colcon.colcon_core.package_identification:_identify(custom_interfaces) by extension 'ignore_ament_install'
[0.498s] Level 1:colcon.colcon_core.package_identification:_identify(custom_interfaces) by extensions ['colcon_pkg']
[0.498s] Level 1:colcon.colcon_core.package_identification:_identify(custom_interfaces) by extension 'colcon_pkg'
[0.498s] Level 1:colcon.colcon_core.package_identification:_identify(custom_interfaces) by extensions ['colcon_meta']
[0.498s] Level 1:colcon.colcon_core.package_identification:_identify(custom_interfaces) by extension 'colcon_meta'
[0.498s] Level 1:colcon.colcon_core.package_identification:_identify(custom_interfaces) by extensions ['ros']
[0.498s] Level 1:colcon.colcon_core.package_identification:_identify(custom_interfaces) by extension 'ros'
[0.502s] DEBUG:colcon.colcon_core.package_identification:Package 'custom_interfaces' with type 'ros.ament_cmake' and name 'custom_interfaces'
[0.502s] Level 1:colcon.colcon_core.package_identification:_identify(first_package) by extensions ['ignore', 'ignore_ament_install']
[0.503s] Level 1:colcon.colcon_core.package_identification:_identify(first_package) by extension 'ignore'
[0.503s] Level 1:colcon.colcon_core.package_identification:_identify(first_package) by extension 'ignore_ament_install'
[0.503s] Level 1:colcon.colcon_core.package_identification:_identify(first_package) by extensions ['colcon_pkg']
[0.503s] Level 1:colcon.colcon_core.package_identification:_identify(first_package) by extension 'colcon_pkg'
[0.503s] Level 1:colcon.colcon_core.package_identification:_identify(first_package) by extensions ['colcon_meta']
[0.503s] Level 1:colcon.colcon_core.package_identification:_identify(first_package) by extension 'colcon_meta'
[0.503s] Level 1:colcon.colcon_core.package_identification:_identify(first_package) by extensions ['ros']
[0.503s] Level 1:colcon.colcon_core.package_identification:_identify(first_package) by extension 'ros'
[0.504s] DEBUG:colcon.colcon_core.package_identification:Package 'first_package' with type 'ros.ament_python' and name 'first_package'
[0.504s] Level 1:colcon.colcon_core.package_identification:_identify(install) by extensions ['ignore', 'ignore_ament_install']
[0.504s] Level 1:colcon.colcon_core.package_identification:_identify(install) by extension 'ignore'
[0.504s] Level 1:colcon.colcon_core.package_identification:_identify(install) ignored
[0.505s] Level 1:colcon.colcon_core.package_identification:_identify(log) by extensions ['ignore', 'ignore_ament_install']
[0.505s] Level 1:colcon.colcon_core.package_identification:_identify(log) by extension 'ignore'
[0.505s] Level 1:colcon.colcon_core.package_identification:_identify(log) ignored
[0.505s] Level 1:colcon.colcon_core.package_discovery:discover_packages(recursive) using defaults
[0.505s] Level 1:colcon.colcon_core.package_discovery:discover_packages(ignore) discover
[0.505s] Level 1:colcon.colcon_core.package_discovery:discover_packages(ignore) using defaults
[0.505s] Level 1:colcon.colcon_core.package_discovery:discover_packages(path) discover
[0.505s] Level 1:colcon.colcon_core.package_discovery:discover_packages(path) using defaults
[0.559s] Level 1:colcon.colcon_core.package_discovery:discover_packages(prefix_path) check parameters
[0.559s] Level 1:colcon.colcon_core.package_discovery:discover_packages(prefix_path) discover
[0.562s] DEBUG:colcon.colcon_installed_package_information.package_discovery:Found 0 installed packages in /home/vboxuser/ROS-Learning/src/install
[0.565s] DEBUG:colcon.colcon_installed_package_information.package_discovery:Found 314 installed packages in /opt/ros/humble
[0.569s] Level 1:colcon.colcon_core.package_discovery:discover_packages(prefix_path) using defaults
[0.663s] Level 5:colcon.colcon_core.verb:set package 'custom_interfaces' build argument 'cmake_args' from command line to 'None'
[0.663s] Level 5:colcon.colcon_core.verb:set package 'custom_interfaces' build argument 'cmake_target' from command line to 'None'
[0.663s] Level 5:colcon.colcon_core.verb:set package 'custom_interfaces' build argument 'cmake_target_skip_unavailable' from command line to 'False'
[0.663s] Level 5:colcon.colcon_core.verb:set package 'custom_interfaces' build argument 'cmake_clean_cache' from command line to 'False'
[0.664s] Level 5:colcon.colcon_core.verb:set package 'custom_interfaces' build argument 'cmake_clean_first' from command line to 'False'
[0.664s] Level 5:colcon.colcon_core.verb:set package 'custom_interfaces' build argument 'cmake_force_configure' from command line to 'False'
[0.664s] Level 5:colcon.colcon_core.verb:set package 'custom_interfaces' build argument 'ament_cmake_args' from command line to 'None'
[0.664s] Level 5:colcon.colcon_core.verb:set package 'custom_interfaces' build argument 'catkin_cmake_args' from command line to 'None'
[0.664s] Level 5:colcon.colcon_core.verb:set package 'custom_interfaces' build argument 'catkin_skip_building_tests' from command line to 'False'
[0.664s] DEBUG:colcon.colcon_core.verb:Building package 'custom_interfaces' with the following arguments: {'ament_cmake_args': None, 'build_base': '/home/vboxuser/ROS-Learning/src/build/custom_interfaces', 'catkin_cmake_args': None, 'catkin_skip_building_tests': False, 'cmake_args': None, 'cmake_clean_cache': False, 'cmake_clean_first': False, 'cmake_force_configure': False, 'cmake_target': None, 'cmake_target_skip_unavailable': False, 'install_base': '/home/vboxuser/ROS-Learning/src/install/custom_interfaces', 'merge_install': False, 'path': '/home/vboxuser/ROS-Learning/src/custom_interfaces', 'symlink_install': False, 'test_result_base': None}
[0.665s] Level 5:colcon.colcon_core.verb:set package 'first_package' build argument 'cmake_args' from command line to 'None'
[0.665s] Level 5:colcon.colcon_core.verb:set package 'first_package' build argument 'cmake_target' from command line to 'None'
[0.665s] Level 5:colcon.colcon_core.verb:set package 'first_package' build argument 'cmake_target_skip_unavailable' from command line to 'False'
[0.665s] Level 5:colcon.colcon_core.verb:set package 'first_package' build argument 'cmake_clean_cache' from command line to 'False'
[0.665s] Level 5:colcon.colcon_core.verb:set package 'first_package' build argument 'cmake_clean_first' from command line to 'False'
[0.665s] Level 5:colcon.colcon_core.verb:set package 'first_package' build argument 'cmake_force_configure' from command line to 'False'
[0.665s] Level 5:colcon.colcon_core.verb:set package 'first_package' build argument 'ament_cmake_args' from command line to 'None'
[0.665s] Level 5:colcon.colcon_core.verb:set package 'first_package' build argument 'catkin_cmake_args' from command line to 'None'
[0.665s] Level 5:colcon.colcon_core.verb:set package 'first_package' build argument 'catkin_skip_building_tests' from command line to 'False'
[0.665s] DEBUG:colcon.colcon_core.verb:Building package 'first_package' with the following arguments: {'ament_cmake_args': None, 'build_base': '/home/vboxuser/ROS-Learning/src/build/first_package', 'catkin_cmake_args': None, 'catkin_skip_building_tests': False, 'cmake_args': None, 'cmake_clean_cache': False, 'cmake_clean_first': False, 'cmake_force_configure': False, 'cmake_target': None, 'cmake_target_skip_unavailable': False, 'install_base': '/home/vboxuser/ROS-Learning/src/install/first_package', 'merge_install': False, 'path': '/home/vboxuser/ROS-Learning/src/first_package', 'symlink_install': False, 'test_result_base': None}
[0.666s] INFO:colcon.colcon_core.executor:Executing jobs using 'parallel' executor
[0.667s] DEBUG:colcon.colcon_parallel_executor.executor.parallel:run_until_complete
[0.668s] INFO:colcon.colcon_ros.task.ament_cmake.build:Building ROS package in '/home/vboxuser/ROS-Learning/src/custom_interfaces' with build type 'ament_cmake'
[0.668s] INFO:colcon.colcon_cmake.task.cmake.build:Building CMake package in '/home/vboxuser/ROS-Learning/src/custom_interfaces'
[0.672s] INFO:colcon.colcon_core.plugin_system:Skipping extension 'colcon_core.shell.bat': Not used on non-Windows systems
[0.672s] INFO:colcon.colcon_core.shell:Skip shell extension 'powershell' for command environment: Not usable outside of PowerShell
[0.672s] DEBUG:colcon.colcon_core.shell:Skip shell extension 'dsv' for command environment
[0.679s] INFO:colcon.colcon_ros.task.ament_python.build:Building ROS package in '/home/vboxuser/ROS-Learning/src/first_package' with build type 'ament_python'
[0.679s] Level 1:colcon.colcon_core.shell:create_environment_hook('first_package', 'ament_prefix_path')
[0.680s] INFO:colcon.colcon_core.shell:Creating environment hook '/home/vboxuser/ROS-Learning/src/install/first_package/share/first_package/hook/ament_prefix_path.ps1'
[0.681s] INFO:colcon.colcon_core.shell:Creating environment descriptor '/home/vboxuser/ROS-Learning/src/install/first_package/share/first_package/hook/ament_prefix_path.dsv'
[0.683s] INFO:colcon.colcon_core.shell:Creating environment hook '/home/vboxuser/ROS-Learning/src/install/first_package/share/first_package/hook/ament_prefix_path.sh'
[0.685s] INFO:colcon.colcon_core.shell:Skip shell extension 'powershell' for command environment: Not usable outside of PowerShell
[0.685s] DEBUG:colcon.colcon_core.shell:Skip shell extension 'dsv' for command environment
[0.696s] DEBUG:colcon.colcon_core.event_handler.log_command:Invoking command in '/home/vboxuser/ROS-Learning/src/build/custom_interfaces': CMAKE_PREFIX_PATH=/opt/ros/humble /usr/bin/cmake /home/vboxuser/ROS-Learning/src/custom_interfaces -DCMAKE_INSTALL_PREFIX=/home/vboxuser/ROS-Learning/src/install/custom_interfaces
[1.189s] INFO:colcon.colcon_core.task.python.build:Building Python package in '/home/vboxuser/ROS-Learning/src/first_package'
[1.189s] INFO:colcon.colcon_core.shell:Skip shell extension 'powershell' for command environment: Not usable outside of PowerShell
[1.189s] DEBUG:colcon.colcon_core.shell:Skip shell extension 'dsv' for command environment
[1.788s] DEBUG:colcon.colcon_core.task.python.build:Available setuptools commands: rotate, install, build_ext, build_scripts, register, check, bdist_egg, install_headers, dist_info, build_py, test, sdist, build_clib, clean, saveopts, install_lib, symlink_data, easy_install, bdist, bdist_rpm, install_data, build, install_scripts, setopt, upload_docs, install_egg_info, bdist_dumb, egg_info, alias, develop, upload
[1.793s] DEBUG:colcon.colcon_core.event_handler.log_command:Invoking command in '/home/vboxuser/ROS-Learning/src/first_package': PYTHONPATH=/home/vboxuser/ROS-Learning/src/build/first_package/prefix_override:/usr/lib/python3/dist-packages/colcon_core/task/python/colcon_distutils_commands:/home/vboxuser/ROS-Learning/src/install/first_package/lib/python3.10/site-packages:${PYTHONPATH} /usr/bin/python3 -W ignore:setup.py install is deprecated -W ignore:easy_install command is deprecated setup.py egg_info --egg-base ../build/first_package build --build-base /home/vboxuser/ROS-Learning/src/build/first_package/build install --record /home/vboxuser/ROS-Learning/src/build/first_package/install.log --install-scripts $base/lib/first_package --single-version-externally-managed install_data
[2.375s] DEBUG:colcon.colcon_core.event_handler.log_command:Invoked command in '/home/vboxuser/ROS-Learning/src/first_package' returned '0': PYTHONPATH=/home/vboxuser/ROS-Learning/src/build/first_package/prefix_override:/usr/lib/python3/dist-packages/colcon_core/task/python/colcon_distutils_commands:/home/vboxuser/ROS-Learning/src/install/first_package/lib/python3.10/site-packages:${PYTHONPATH} /usr/bin/python3 -W ignore:setup.py install is deprecated -W ignore:easy_install command is deprecated setup.py egg_info --egg-base ../build/first_package build --build-base /home/vboxuser/ROS-Learning/src/build/first_package/build install --record /home/vboxuser/ROS-Learning/src/build/first_package/install.log --install-scripts $base/lib/first_package --single-version-externally-managed install_data
[2.378s] Level 1:colcon.colcon_core.environment:checking '/home/vboxuser/ROS-Learning/src/install/first_package' for CMake module files
[2.379s] Level 1:colcon.colcon_core.environment:checking '/home/vboxuser/ROS-Learning/src/install/first_package' for CMake config files
[2.380s] Level 1:colcon.colcon_core.environment:checking '/home/vboxuser/ROS-Learning/src/install/first_package/lib'
[2.380s] Level 1:colcon.colcon_core.environment:checking '/home/vboxuser/ROS-Learning/src/install/first_package/bin'
[2.380s] Level 1:colcon.colcon_core.environment:checking '/home/vboxuser/ROS-Learning/src/install/first_package/lib/pkgconfig/first_package.pc'
[2.381s] Level 1:colcon.colcon_core.environment:checking '/home/vboxuser/ROS-Learning/src/install/first_package/lib/python3.10/site-packages'
[2.381s] Level 1:colcon.colcon_core.shell:create_environment_hook('first_package', 'pythonpath')
[2.381s] INFO:colcon.colcon_core.shell:Creating environment hook '/home/vboxuser/ROS-Learning/src/install/first_package/share/first_package/hook/pythonpath.ps1'
[2.382s] INFO:colcon.colcon_core.shell:Creating environment descriptor '/home/vboxuser/ROS-Learning/src/install/first_package/share/first_package/hook/pythonpath.dsv'
[2.382s] INFO:colcon.colcon_core.shell:Creating environment hook '/home/vboxuser/ROS-Learning/src/install/first_package/share/first_package/hook/pythonpath.sh'
[2.384s] Level 1:colcon.colcon_core.environment:checking '/home/vboxuser/ROS-Learning/src/install/first_package/bin'
[2.384s] Level 1:colcon.colcon_core.environment:create_environment_scripts_only(first_package)
[2.384s] INFO:colcon.colcon_core.shell:Creating package script '/home/vboxuser/ROS-Learning/src/install/first_package/share/first_package/package.ps1'
[2.387s] INFO:colcon.colcon_core.shell:Creating package descriptor '/home/vboxuser/ROS-Learning/src/install/first_package/share/first_package/package.dsv'
[2.388s] INFO:colcon.colcon_core.shell:Creating package script '/home/vboxuser/ROS-Learning/src/install/first_package/share/first_package/package.sh'
[2.389s] INFO:colcon.colcon_core.shell:Creating package script '/home/vboxuser/ROS-Learning/src/install/first_package/share/first_package/package.bash'
[2.390s] INFO:colcon.colcon_core.shell:Creating package script '/home/vboxuser/ROS-Learning/src/install/first_package/share/first_package/package.zsh'
[2.392s] Level 1:colcon.colcon_core.environment:create_file_with_runtime_dependencies(/home/vboxuser/ROS-Learning/src/install/first_package/share/colcon-core/packages/first_package)
[3.200s] DEBUG:colcon.colcon_core.event_handler.log_command:Invoked command in '/home/vboxuser/ROS-Learning/src/build/custom_interfaces' returned '0': CMAKE_PREFIX_PATH=/opt/ros/humble /usr/bin/cmake /home/vboxuser/ROS-Learning/src/custom_interfaces -DCMAKE_INSTALL_PREFIX=/home/vboxuser/ROS-Learning/src/install/custom_interfaces
[3.201s] DEBUG:colcon.colcon_core.event_handler.log_command:Invoking command in '/home/vboxuser/ROS-Learning/src/build/custom_interfaces': CMAKE_PREFIX_PATH=/opt/ros/humble /usr/bin/cmake --build /home/vboxuser/ROS-Learning/src/build/custom_interfaces -- -j4 -l4
[7.917s] DEBUG:colcon.colcon_core.event_handler.log_command:Invoked command in '/home/vboxuser/ROS-Learning/src/build/custom_interfaces' returned '0': CMAKE_PREFIX_PATH=/opt/ros/humble /usr/bin/cmake --build /home/vboxuser/ROS-Learning/src/build/custom_interfaces -- -j4 -l4
[7.928s] DEBUG:colcon.colcon_core.event_handler.log_command:Invoking command in '/home/vboxuser/ROS-Learning/src/build/custom_interfaces': CMAKE_PREFIX_PATH=/opt/ros/humble /usr/bin/cmake --install /home/vboxuser/ROS-Learning/src/build/custom_interfaces
[8.025s] Level 1:colcon.colcon_core.environment:create_environment_scripts_only(custom_interfaces)
[8.025s] Level 1:colcon.colcon_core.environment:checking '/home/vboxuser/ROS-Learning/src/install/custom_interfaces' for CMake module files
[8.026s] DEBUG:colcon.colcon_core.event_handler.log_command:Invoked command in '/home/vboxuser/ROS-Learning/src/build/custom_interfaces' returned '0': CMAKE_PREFIX_PATH=/opt/ros/humble /usr/bin/cmake --install /home/vboxuser/ROS-Learning/src/build/custom_interfaces
[8.027s] Level 1:colcon.colcon_core.environment:checking '/home/vboxuser/ROS-Learning/src/install/custom_interfaces' for CMake config files
[8.028s] Level 1:colcon.colcon_core.shell:create_environment_hook('custom_interfaces', 'cmake_prefix_path')
[8.028s] INFO:colcon.colcon_core.shell:Creating environment hook '/home/vboxuser/ROS-Learning/src/install/custom_interfaces/share/custom_interfaces/hook/cmake_prefix_path.ps1'
[8.029s] INFO:colcon.colcon_core.shell:Creating environment descriptor '/home/vboxuser/ROS-Learning/src/install/custom_interfaces/share/custom_interfaces/hook/cmake_prefix_path.dsv'
[8.029s] INFO:colcon.colcon_core.shell:Creating environment hook '/home/vboxuser/ROS-Learning/src/install/custom_interfaces/share/custom_interfaces/hook/cmake_prefix_path.sh'
[8.030s] Level 1:colcon.colcon_core.environment:checking '/home/vboxuser/ROS-Learning/src/install/custom_interfaces/lib'
[8.030s] Level 1:colcon.colcon_core.shell:create_environment_hook('custom_interfaces', 'ld_library_path_lib')
[8.031s] INFO:colcon.colcon_core.shell:Creating environment hook '/home/vboxuser/ROS-Learning/src/install/custom_interfaces/share/custom_interfaces/hook/ld_library_path_lib.ps1'
[8.031s] INFO:colcon.colcon_core.shell:Creating environment descriptor '/home/vboxuser/ROS-Learning/src/install/custom_interfaces/share/custom_interfaces/hook/ld_library_path_lib.dsv'
[8.032s] INFO:colcon.colcon_core.shell:Creating environment hook '/home/vboxuser/ROS-Learning/src/install/custom_interfaces/share/custom_interfaces/hook/ld_library_path_lib.sh'
[8.032s] Level 1:colcon.colcon_core.environment:checking '/home/vboxuser/ROS-Learning/src/install/custom_interfaces/bin'
[8.032s] Level 1:colcon.colcon_core.environment:checking '/home/vboxuser/ROS-Learning/src/install/custom_interfaces/lib/pkgconfig/custom_interfaces.pc'
[8.033s] Level 1:colcon.colcon_core.environment:checking '/home/vboxuser/ROS-Learning/src/install/custom_interfaces/lib/python3.10/site-packages'
[8.033s] Level 1:colcon.colcon_core.environment:checking '/home/vboxuser/ROS-Learning/src/install/custom_interfaces/bin'
[8.034s] INFO:colcon.colcon_core.shell:Creating package script '/home/vboxuser/ROS-Learning/src/install/custom_interfaces/share/custom_interfaces/package.ps1'
[8.035s] INFO:colcon.colcon_core.shell:Creating package descriptor '/home/vboxuser/ROS-Learning/src/install/custom_interfaces/share/custom_interfaces/package.dsv'
[8.036s] INFO:colcon.colcon_core.shell:Creating package script '/home/vboxuser/ROS-Learning/src/install/custom_interfaces/share/custom_interfaces/package.sh'
[8.036s] INFO:colcon.colcon_core.shell:Creating package script '/home/vboxuser/ROS-Learning/src/install/custom_interfaces/share/custom_interfaces/package.bash'
[8.037s] INFO:colcon.colcon_core.shell:Creating package script '/home/vboxuser/ROS-Learning/src/install/custom_interfaces/share/custom_interfaces/package.zsh'
[8.037s] Level 1:colcon.colcon_core.environment:create_file_with_runtime_dependencies(/home/vboxuser/ROS-Learning/src/install/custom_interfaces/share/colcon-core/packages/custom_interfaces)
[8.038s] Level 1:colcon.colcon_core.environment:create_environment_scripts_only(custom_interfaces)
[8.039s] Level 1:colcon.colcon_core.environment:checking '/home/vboxuser/ROS-Learning/src/install/custom_interfaces' for CMake module files
[8.040s] Level 1:colcon.colcon_core.environment:checking '/home/vboxuser/ROS-Learning/src/install/custom_interfaces' for CMake config files
[8.041s] Level 1:colcon.colcon_core.shell:create_environment_hook('custom_interfaces', 'cmake_prefix_path')
[8.041s] INFO:colcon.colcon_core.shell:Creating environment hook '/home/vboxuser/ROS-Learning/src/install/custom_interfaces/share/custom_interfaces/hook/cmake_prefix_path.ps1'
[8.042s] INFO:colcon.colcon_core.shell:Creating environment descriptor '/home/vboxuser/ROS-Learning/src/install/custom_interfaces/share/custom_interfaces/hook/cmake_prefix_path.dsv'
[8.042s] INFO:colcon.colcon_core.shell:Creating environment hook '/home/vboxuser/ROS-Learning/src/install/custom_interfaces/share/custom_interfaces/hook/cmake_prefix_path.sh'
[8.043s] Level 1:colcon.colcon_core.environment:checking '/home/vboxuser/ROS-Learning/src/install/custom_interfaces/lib'
[8.043s] Level 1:colcon.colcon_core.shell:create_environment_hook('custom_interfaces', 'ld_library_path_lib')
[8.044s] INFO:colcon.colcon_core.shell:Creating environment hook '/home/vboxuser/ROS-Learning/src/install/custom_interfaces/share/custom_interfaces/hook/ld_library_path_lib.ps1'
[8.045s] INFO:colcon.colcon_core.shell:Creating environment descriptor '/home/vboxuser/ROS-Learning/src/install/custom_interfaces/share/custom_interfaces/hook/ld_library_path_lib.dsv'
[8.045s] INFO:colcon.colcon_core.shell:Creating environment hook '/home/vboxuser/ROS-Learning/src/install/custom_interfaces/share/custom_interfaces/hook/ld_library_path_lib.sh'
[8.046s] Level 1:colcon.colcon_core.environment:checking '/home/vboxuser/ROS-Learning/src/install/custom_interfaces/bin'
[8.046s] Level 1:colcon.colcon_core.environment:checking '/home/vboxuser/ROS-Learning/src/install/custom_interfaces/lib/pkgconfig/custom_interfaces.pc'
[8.047s] Level 1:colcon.colcon_core.environment:checking '/home/vboxuser/ROS-Learning/src/install/custom_interfaces/lib/python3.10/site-packages'
[8.047s] Level 1:colcon.colcon_core.environment:checking '/home/vboxuser/ROS-Learning/src/install/custom_interfaces/bin'
[8.048s] INFO:colcon.colcon_core.shell:Creating package script '/home/vboxuser/ROS-Learning/src/install/custom_interfaces/share/custom_interfaces/package.ps1'
[8.049s] INFO:colcon.colcon_core.shell:Creating package descriptor '/home/vboxuser/ROS-Learning/src/install/custom_interfaces/share/custom_interfaces/package.dsv'
[8.050s] INFO:colcon.colcon_core.shell:Creating package script '/home/vboxuser/ROS-Learning/src/install/custom_interfaces/share/custom_interfaces/package.sh'
[8.051s] INFO:colcon.colcon_core.shell:Creating package script '/home/vboxuser/ROS-Learning/src/install/custom_interfaces/share/custom_interfaces/package.bash'
[8.052s] INFO:colcon.colcon_core.shell:Creating package script '/home/vboxuser/ROS-Learning/src/install/custom_interfaces/share/custom_interfaces/package.zsh'
[8.052s] Level 1:colcon.colcon_core.environment:create_file_with_runtime_dependencies(/home/vboxuser/ROS-Learning/src/install/custom_interfaces/share/colcon-core/packages/custom_interfaces)
[8.053s] DEBUG:colcon.colcon_parallel_executor.executor.parallel:closing loop
[8.053s] DEBUG:colcon.colcon_parallel_executor.executor.parallel:loop closed
[8.053s] DEBUG:colcon.colcon_parallel_executor.executor.parallel:run_until_complete finished with '0'
[8.053s] DEBUG:colcon.colcon_core.event_reactor:joining thread
[8.060s] INFO:colcon.colcon_core.plugin_system:Skipping extension 'colcon_notification.desktop_notification.terminal_notifier': Not used on non-Darwin systems
[8.060s] INFO:colcon.colcon_core.plugin_system:Skipping extension 'colcon_notification.desktop_notification.win32': Not used on non-Windows systems
[8.060s] INFO:colcon.colcon_notification.desktop_notification:Sending desktop notification using 'notify2'
[8.079s] DEBUG:colcon.colcon_core.event_reactor:joined thread
[8.079s] INFO:colcon.colcon_core.shell:Creating prefix script '/home/vboxuser/ROS-Learning/src/install/local_setup.ps1'
[8.081s] INFO:colcon.colcon_core.shell:Creating prefix util module '/home/vboxuser/ROS-Learning/src/install/_local_setup_util_ps1.py'
[8.088s] INFO:colcon.colcon_core.shell:Creating prefix chain script '/home/vboxuser/ROS-Learning/src/install/setup.ps1'
[8.090s] INFO:colcon.colcon_core.shell:Creating prefix script '/home/vboxuser/ROS-Learning/src/install/local_setup.sh'
[8.091s] INFO:colcon.colcon_core.shell:Creating prefix util module '/home/vboxuser/ROS-Learning/src/install/_local_setup_util_sh.py'
[8.092s] INFO:colcon.colcon_core.shell:Creating prefix chain script '/home/vboxuser/ROS-Learning/src/install/setup.sh'
[8.094s] INFO:colcon.colcon_core.shell:Creating prefix script '/home/vboxuser/ROS-Learning/src/install/local_setup.bash'
[8.095s] INFO:colcon.colcon_core.shell:Creating prefix chain script '/home/vboxuser/ROS-Learning/src/install/setup.bash'
[8.097s] INFO:colcon.colcon_core.shell:Creating prefix script '/home/vboxuser/ROS-Learning/src/install/local_setup.zsh'
[8.098s] INFO:colcon.colcon_core.shell:Creating prefix chain script '/home/vboxuser/ROS-Learning/src/install/setup.zsh'
