-- Found ament_cmake: 1.3.14 (/opt/ros/humble/share/ament_cmake/cmake)
-- Found rosidl_default_generators: 1.2.1 (/opt/ros/humble/share/rosidl_default_generators/cmake)
-- Using all available rosidl_typesupport_c: rosidl_typesupport_fastrtps_c;rosidl_typesupport_introspection_c
-- Found rosidl_adapter: 3.1.9 (/opt/ros/humble/share/rosidl_adapter/cmake)
-- Using all available rosidl_typesupport_cpp: rosidl_typesupport_fastrtps_cpp;rosidl_typesupport_introspection_cpp
-- Found ament_cmake_ros: 0.10.0 (/opt/ros/humble/share/ament_cmake_ros/cmake)
-- Using all available rosidl_typesupport_c: rosidl_typesupport_fastrtps_c;rosidl_typesupport_introspection_c
-- Using all available rosidl_typesupport_cpp: rosidl_typesupport_fastrtps_cpp;rosidl_typesupport_introspection_cpp
-- Found python_cmake_module: 0.10.0 (/opt/ros/humble/share/python_cmake_module/cmake)
-- Using PYTHON_EXECUTABLE: /usr/bin/python3
-- Using PYTHON_INCLUDE_DIRS: /usr/include/python3.10
-- Using PYTHON_LIBRARIES: /usr/lib/x86_64-linux-gnu/libpython3.10.so
-- Found ament_lint_auto: 0.12.15 (/opt/ros/humble/share/ament_lint_auto/cmake)
-- Added test 'lint_cmake' to check CMake code style
-- Added test 'xmllint' to check XML markup files
-- Configuring done
-- Generating done
-- Build files have been written to: /home/vboxuser/ROS-Learning/src/build/custom_interfaces
[  2%] [34m[1mGenerating Rust code for ROS interfaces[0m
[  4%] [34m[1mGenerating C++ code for ROS interfaces[0m
[  4%] Built target ament_cmake_python_copy_custom_interfaces
[  6%] [34m[1mGenerating C code for ROS interfaces[0m
running egg_info
writing custom_interfaces.egg-info/PKG-INFO
writing dependency_links to custom_interfaces.egg-info/dependency_links.txt
writing top-level names to custom_interfaces.egg-info/top_level.txt
reading manifest file 'custom_interfaces.egg-info/SOURCES.txt'
writing manifest file 'custom_interfaces.egg-info/SOURCES.txt'
[  6%] Built target ament_cmake_python_build_custom_interfaces_egg
[  6%] Built target custom_interfaces__rs
[  6%] Built target custom_interfaces__cpp
[  8%] [34m[1mGenerating C++ type support for eProsima Fast-RTPS[0m
[ 10%] [34m[1mGenerating C++ type support dispatch for ROS interfaces[0m
[ 12%] [34m[1mGenerating C++ introspection for ROS interfaces[0m
[35m[1mConsolidate compiler generated dependencies of target custom_interfaces__rosidl_generator_c[0m
[ 14%] [32mBuilding C object CMakeFiles/custom_interfaces__rosidl_generator_c.dir/rosidl_generator_c/custom_interfaces/msg/detail/complex__functions.c.o[0m
[ 16%] [32mBuilding C object CMakeFiles/custom_interfaces__rosidl_generator_c.dir/rosidl_generator_c/custom_interfaces/srv/detail/cstm_srv__functions.c.o[0m
[ 18%] [32mBuilding C object CMakeFiles/custom_interfaces__rosidl_generator_c.dir/rosidl_generator_c/custom_interfaces/action/detail/fibonacci_action__functions.c.o[0m
[ 20%] [32m[1mLinking C shared library libcustom_interfaces__rosidl_generator_c.so[0m
[35m[1mConsolidate compiler generated dependencies of target custom_interfaces__rosidl_typesupport_cpp[0m
[ 20%] Built target custom_interfaces__rosidl_generator_c
[ 22%] [34m[1mGenerating C type support for eProsima Fast-RTPS[0m
[ 25%] [32mBuilding CXX object CMakeFiles/custom_interfaces__rosidl_typesupport_cpp.dir/rosidl_typesupport_cpp/custom_interfaces/msg/complex__type_support.cpp.o[0m
[35m[1mConsolidate compiler generated dependencies of target custom_interfaces__rosidl_typesupport_introspection_cpp[0m
[ 27%] [32mBuilding CXX object CMakeFiles/custom_interfaces__rosidl_typesupport_introspection_cpp.dir/rosidl_typesupport_introspection_cpp/custom_interfaces/msg/detail/complex__type_support.cpp.o[0m
[35m[1mConsolidate compiler generated dependencies of target custom_interfaces__rosidl_typesupport_fastrtps_cpp[0m
[ 29%] [32mBuilding CXX object CMakeFiles/custom_interfaces__rosidl_typesupport_fastrtps_cpp.dir/rosidl_typesupport_fastrtps_cpp/custom_interfaces/msg/detail/dds_fastrtps/complex__type_support.cpp.o[0m
[ 31%] [32mBuilding CXX object CMakeFiles/custom_interfaces__rosidl_typesupport_cpp.dir/rosidl_typesupport_cpp/custom_interfaces/srv/cstm_srv__type_support.cpp.o[0m
[ 33%] [32mBuilding CXX object CMakeFiles/custom_interfaces__rosidl_typesupport_cpp.dir/rosidl_typesupport_cpp/custom_interfaces/action/fibonacci_action__type_support.cpp.o[0m
[ 35%] [32mBuilding CXX object CMakeFiles/custom_interfaces__rosidl_typesupport_introspection_cpp.dir/rosidl_typesupport_introspection_cpp/custom_interfaces/srv/detail/cstm_srv__type_support.cpp.o[0m
[ 37%] [32mBuilding CXX object CMakeFiles/custom_interfaces__rosidl_typesupport_fastrtps_cpp.dir/rosidl_typesupport_fastrtps_cpp/custom_interfaces/srv/detail/dds_fastrtps/cstm_srv__type_support.cpp.o[0m
[35m[1mConsolidate compiler generated dependencies of target custom_interfaces__rosidl_typesupport_fastrtps_c[0m
[ 39%] [32mBuilding CXX object CMakeFiles/custom_interfaces__rosidl_typesupport_fastrtps_c.dir/rosidl_typesupport_fastrtps_c/custom_interfaces/msg/detail/complex__type_support_c.cpp.o[0m
[ 41%] [32mBuilding CXX object CMakeFiles/custom_interfaces__rosidl_typesupport_introspection_cpp.dir/rosidl_typesupport_introspection_cpp/custom_interfaces/action/detail/fibonacci_action__type_support.cpp.o[0m
[ 43%] [32mBuilding CXX object CMakeFiles/custom_interfaces__rosidl_typesupport_fastrtps_c.dir/rosidl_typesupport_fastrtps_c/custom_interfaces/srv/detail/cstm_srv__type_support_c.cpp.o[0m
[ 45%] [32m[1mLinking CXX shared library libcustom_interfaces__rosidl_typesupport_cpp.so[0m
[ 45%] Built target custom_interfaces__rosidl_typesupport_cpp
[ 47%] [34m[1mGenerating C introspection for ROS interfaces[0m
[ 50%] [32mBuilding CXX object CMakeFiles/custom_interfaces__rosidl_typesupport_fastrtps_cpp.dir/rosidl_typesupport_fastrtps_cpp/custom_interfaces/action/detail/dds_fastrtps/fibonacci_action__type_support.cpp.o[0m
[ 52%] [32mBuilding CXX object CMakeFiles/custom_interfaces__rosidl_typesupport_fastrtps_c.dir/rosidl_typesupport_fastrtps_c/custom_interfaces/action/detail/fibonacci_action__type_support_c.cpp.o[0m
[ 54%] [32m[1mLinking CXX shared library libcustom_interfaces__rosidl_typesupport_introspection_cpp.so[0m
[ 54%] Built target custom_interfaces__rosidl_typesupport_introspection_cpp
[ 56%] [34m[1mGenerating C type support dispatch for ROS interfaces[0m
[ 58%] [32m[1mLinking CXX shared library libcustom_interfaces__rosidl_typesupport_fastrtps_cpp.so[0m
[ 58%] Built target custom_interfaces__rosidl_typesupport_fastrtps_cpp
[ 60%] [32m[1mLinking CXX shared library libcustom_interfaces__rosidl_typesupport_fastrtps_c.so[0m
[35m[1mConsolidate compiler generated dependencies of target custom_interfaces__rosidl_typesupport_introspection_c[0m
[ 60%] Built target custom_interfaces__rosidl_typesupport_fastrtps_c
[ 62%] [32mBuilding C object CMakeFiles/custom_interfaces__rosidl_typesupport_introspection_c.dir/rosidl_typesupport_introspection_c/custom_interfaces/srv/detail/cstm_srv__type_support.c.o[0m
[ 64%] [32mBuilding C object CMakeFiles/custom_interfaces__rosidl_typesupport_introspection_c.dir/rosidl_typesupport_introspection_c/custom_interfaces/msg/detail/complex__type_support.c.o[0m
[ 66%] [32mBuilding C object CMakeFiles/custom_interfaces__rosidl_typesupport_introspection_c.dir/rosidl_typesupport_introspection_c/custom_interfaces/action/detail/fibonacci_action__type_support.c.o[0m
[ 68%] [32m[1mLinking C shared library libcustom_interfaces__rosidl_typesupport_introspection_c.so[0m
[ 68%] Built target custom_interfaces__rosidl_typesupport_introspection_c
[35m[1mConsolidate compiler generated dependencies of target custom_interfaces__rosidl_typesupport_c[0m
[ 72%] [32mBuilding CXX object CMakeFiles/custom_interfaces__rosidl_typesupport_c.dir/rosidl_typesupport_c/custom_interfaces/srv/cstm_srv__type_support.cpp.o[0m
[ 72%] [32mBuilding CXX object CMakeFiles/custom_interfaces__rosidl_typesupport_c.dir/rosidl_typesupport_c/custom_interfaces/msg/complex__type_support.cpp.o[0m
[ 75%] [32mBuilding CXX object CMakeFiles/custom_interfaces__rosidl_typesupport_c.dir/rosidl_typesupport_c/custom_interfaces/action/fibonacci_action__type_support.cpp.o[0m
[ 77%] [32m[1mLinking CXX shared library libcustom_interfaces__rosidl_typesupport_c.so[0m
[ 77%] Built target custom_interfaces__rosidl_typesupport_c
[ 77%] Built target custom_interfaces
[ 79%] [34m[1mGenerating Python code for ROS interfaces[0m
[ 79%] Built target custom_interfaces__py
[35m[1mConsolidate compiler generated dependencies of target custom_interfaces__rosidl_generator_py[0m
[ 81%] [32mBuilding C object CMakeFiles/custom_interfaces__rosidl_generator_py.dir/rosidl_generator_py/custom_interfaces/msg/_complex_s.c.o[0m
[ 83%] [32mBuilding C object CMakeFiles/custom_interfaces__rosidl_generator_py.dir/rosidl_generator_py/custom_interfaces/srv/_cstm_srv_s.c.o[0m
[ 85%] [32mBuilding C object CMakeFiles/custom_interfaces__rosidl_generator_py.dir/rosidl_generator_py/custom_interfaces/action/_fibonacci_action_s.c.o[0m
[ 87%] [32m[1mLinking C shared library rosidl_generator_py/custom_interfaces/libcustom_interfaces__rosidl_generator_py.so[0m
[ 87%] Built target custom_interfaces__rosidl_generator_py
[35m[1mConsolidate compiler generated dependencies of target custom_interfaces__rosidl_typesupport_introspection_c__pyext[0m
[35m[1mConsolidate compiler generated dependencies of target custom_interfaces__rosidl_typesupport_fastrtps_c__pyext[0m
[35m[1mConsolidate compiler generated dependencies of target custom_interfaces__rosidl_typesupport_c__pyext[0m
[ 89%] [32mBuilding C object CMakeFiles/custom_interfaces__rosidl_typesupport_introspection_c__pyext.dir/rosidl_generator_py/custom_interfaces/_custom_interfaces_s.ep.rosidl_typesupport_introspection_c.c.o[0m
[ 91%] [32mBuilding C object CMakeFiles/custom_interfaces__rosidl_typesupport_fastrtps_c__pyext.dir/rosidl_generator_py/custom_interfaces/_custom_interfaces_s.ep.rosidl_typesupport_fastrtps_c.c.o[0m
[ 93%] [32mBuilding C object CMakeFiles/custom_interfaces__rosidl_typesupport_c__pyext.dir/rosidl_generator_py/custom_interfaces/_custom_interfaces_s.ep.rosidl_typesupport_c.c.o[0m
[ 95%] [32m[1mLinking C shared library rosidl_generator_py/custom_interfaces/custom_interfaces_s__rosidl_typesupport_fastrtps_c.cpython-310-x86_64-linux-gnu.so[0m
[ 97%] [32m[1mLinking C shared library rosidl_generator_py/custom_interfaces/custom_interfaces_s__rosidl_typesupport_introspection_c.cpython-310-x86_64-linux-gnu.so[0m
[ 97%] Built target custom_interfaces__rosidl_typesupport_fastrtps_c__pyext
[ 97%] Built target custom_interfaces__rosidl_typesupport_introspection_c__pyext
[100%] [32m[1mLinking C shared library rosidl_generator_py/custom_interfaces/custom_interfaces_s__rosidl_typesupport_c.cpython-310-x86_64-linux-gnu.so[0m
[100%] Built target custom_interfaces__rosidl_typesupport_c__pyext
-- Install configuration: ""
-- Installing: /home/vboxuser/ROS-Learning/src/install/custom_interfaces/share/ament_index/resource_index/rosidl_interfaces/custom_interfaces
-- Up-to-date: /home/vboxuser/ROS-Learning/src/install/custom_interfaces/include/custom_interfaces/custom_interfaces
-- Installing: /home/vboxuser/ROS-Learning/src/install/custom_interfaces/include/custom_interfaces/custom_interfaces/action
-- Installing: /home/vboxuser/ROS-Learning/src/install/custom_interfaces/include/custom_interfaces/custom_interfaces/action/fibonacci_action.h
-- Installing: /home/vboxuser/ROS-Learning/src/install/custom_interfaces/include/custom_interfaces/custom_interfaces/action/detail
-- Installing: /home/vboxuser/ROS-Learning/src/install/custom_interfaces/include/custom_interfaces/custom_interfaces/action/detail/fibonacci_action__struct.h
-- Installing: /home/vboxuser/ROS-Learning/src/install/custom_interfaces/include/custom_interfaces/custom_interfaces/action/detail/fibonacci_action__functions.c
-- Installing: /home/vboxuser/ROS-Learning/src/install/custom_interfaces/include/custom_interfaces/custom_interfaces/action/detail/fibonacci_action__type_support.h
-- Installing: /home/vboxuser/ROS-Learning/src/install/custom_interfaces/include/custom_interfaces/custom_interfaces/action/detail/fibonacci_action__functions.h
-- Up-to-date: /home/vboxuser/ROS-Learning/src/install/custom_interfaces/include/custom_interfaces/custom_interfaces/srv
-- Installing: /home/vboxuser/ROS-Learning/src/install/custom_interfaces/include/custom_interfaces/custom_interfaces/srv/cstm_srv.h
-- Up-to-date: /home/vboxuser/ROS-Learning/src/install/custom_interfaces/include/custom_interfaces/custom_interfaces/srv/detail
-- Installing: /home/vboxuser/ROS-Learning/src/install/custom_interfaces/include/custom_interfaces/custom_interfaces/srv/detail/cstm_srv__functions.h
-- Installing: /home/vboxuser/ROS-Learning/src/install/custom_interfaces/include/custom_interfaces/custom_interfaces/srv/detail/cstm_srv__functions.c
-- Installing: /home/vboxuser/ROS-Learning/src/install/custom_interfaces/include/custom_interfaces/custom_interfaces/srv/detail/cstm_srv__type_support.h
-- Installing: /home/vboxuser/ROS-Learning/src/install/custom_interfaces/include/custom_interfaces/custom_interfaces/srv/detail/cstm_srv__struct.h
-- Up-to-date: /home/vboxuser/ROS-Learning/src/install/custom_interfaces/include/custom_interfaces/custom_interfaces/msg
-- Up-to-date: /home/vboxuser/ROS-Learning/src/install/custom_interfaces/include/custom_interfaces/custom_interfaces/msg/rosidl_generator_c__visibility_control.h
-- Installing: /home/vboxuser/ROS-Learning/src/install/custom_interfaces/include/custom_interfaces/custom_interfaces/msg/complex.h
-- Up-to-date: /home/vboxuser/ROS-Learning/src/install/custom_interfaces/include/custom_interfaces/custom_interfaces/msg/detail
-- Installing: /home/vboxuser/ROS-Learning/src/install/custom_interfaces/include/custom_interfaces/custom_interfaces/msg/detail/complex__type_support.h
-- Installing: /home/vboxuser/ROS-Learning/src/install/custom_interfaces/include/custom_interfaces/custom_interfaces/msg/detail/complex__functions.h
-- Installing: /home/vboxuser/ROS-Learning/src/install/custom_interfaces/include/custom_interfaces/custom_interfaces/msg/detail/complex__struct.h
-- Installing: /home/vboxuser/ROS-Learning/src/install/custom_interfaces/include/custom_interfaces/custom_interfaces/msg/detail/complex__functions.c
-- Up-to-date: /home/vboxuser/ROS-Learning/src/install/custom_interfaces/share/custom_interfaces/environment/library_path.sh
-- Installing: /home/vboxuser/ROS-Learning/src/install/custom_interfaces/share/custom_interfaces/environment/library_path.dsv
-- Installing: /home/vboxuser/ROS-Learning/src/install/custom_interfaces/lib/libcustom_interfaces__rosidl_generator_c.so
-- Set runtime path of "/home/vboxuser/ROS-Learning/src/install/custom_interfaces/lib/libcustom_interfaces__rosidl_generator_c.so" to ""
-- Up-to-date: /home/vboxuser/ROS-Learning/src/install/custom_interfaces/include/custom_interfaces/custom_interfaces
-- Up-to-date: /home/vboxuser/ROS-Learning/src/install/custom_interfaces/include/custom_interfaces/custom_interfaces/action
-- Up-to-date: /home/vboxuser/ROS-Learning/src/install/custom_interfaces/include/custom_interfaces/custom_interfaces/action/detail
-- Installing: /home/vboxuser/ROS-Learning/src/install/custom_interfaces/include/custom_interfaces/custom_interfaces/action/detail/fibonacci_action__rosidl_typesupport_fastrtps_c.h
-- Up-to-date: /home/vboxuser/ROS-Learning/src/install/custom_interfaces/include/custom_interfaces/custom_interfaces/srv
-- Up-to-date: /home/vboxuser/ROS-Learning/src/install/custom_interfaces/include/custom_interfaces/custom_interfaces/srv/detail
-- Installing: /home/vboxuser/ROS-Learning/src/install/custom_interfaces/include/custom_interfaces/custom_interfaces/srv/detail/cstm_srv__rosidl_typesupport_fastrtps_c.h
-- Up-to-date: /home/vboxuser/ROS-Learning/src/install/custom_interfaces/include/custom_interfaces/custom_interfaces/msg
-- Up-to-date: /home/vboxuser/ROS-Learning/src/install/custom_interfaces/include/custom_interfaces/custom_interfaces/msg/rosidl_typesupport_fastrtps_c__visibility_control.h
-- Up-to-date: /home/vboxuser/ROS-Learning/src/install/custom_interfaces/include/custom_interfaces/custom_interfaces/msg/detail
-- Installing: /home/vboxuser/ROS-Learning/src/install/custom_interfaces/include/custom_interfaces/custom_interfaces/msg/detail/complex__rosidl_typesupport_fastrtps_c.h
-- Installing: /home/vboxuser/ROS-Learning/src/install/custom_interfaces/lib/libcustom_interfaces__rosidl_typesupport_fastrtps_c.so
-- Set runtime path of "/home/vboxuser/ROS-Learning/src/install/custom_interfaces/lib/libcustom_interfaces__rosidl_typesupport_fastrtps_c.so" to ""
-- Up-to-date: /home/vboxuser/ROS-Learning/src/install/custom_interfaces/include/custom_interfaces/custom_interfaces
-- Up-to-date: /home/vboxuser/ROS-Learning/src/install/custom_interfaces/include/custom_interfaces/custom_interfaces/action
-- Up-to-date: /home/vboxuser/ROS-Learning/src/install/custom_interfaces/include/custom_interfaces/custom_interfaces/action/detail
-- Installing: /home/vboxuser/ROS-Learning/src/install/custom_interfaces/include/custom_interfaces/custom_interfaces/action/detail/fibonacci_action__type_support.c
-- Installing: /home/vboxuser/ROS-Learning/src/install/custom_interfaces/include/custom_interfaces/custom_interfaces/action/detail/fibonacci_action__rosidl_typesupport_introspection_c.h
-- Up-to-date: /home/vboxuser/ROS-Learning/src/install/custom_interfaces/include/custom_interfaces/custom_interfaces/srv
-- Up-to-date: /home/vboxuser/ROS-Learning/src/install/custom_interfaces/include/custom_interfaces/custom_interfaces/srv/detail
-- Installing: /home/vboxuser/ROS-Learning/src/install/custom_interfaces/include/custom_interfaces/custom_interfaces/srv/detail/cstm_srv__rosidl_typesupport_introspection_c.h
-- Installing: /home/vboxuser/ROS-Learning/src/install/custom_interfaces/include/custom_interfaces/custom_interfaces/srv/detail/cstm_srv__type_support.c
-- Up-to-date: /home/vboxuser/ROS-Learning/src/install/custom_interfaces/include/custom_interfaces/custom_interfaces/msg
-- Up-to-date: /home/vboxuser/ROS-Learning/src/install/custom_interfaces/include/custom_interfaces/custom_interfaces/msg/rosidl_typesupport_introspection_c__visibility_control.h
-- Up-to-date: /home/vboxuser/ROS-Learning/src/install/custom_interfaces/include/custom_interfaces/custom_interfaces/msg/detail
-- Installing: /home/vboxuser/ROS-Learning/src/install/custom_interfaces/include/custom_interfaces/custom_interfaces/msg/detail/complex__rosidl_typesupport_introspection_c.h
-- Installing: /home/vboxuser/ROS-Learning/src/install/custom_interfaces/include/custom_interfaces/custom_interfaces/msg/detail/complex__type_support.c
-- Installing: /home/vboxuser/ROS-Learning/src/install/custom_interfaces/lib/libcustom_interfaces__rosidl_typesupport_introspection_c.so
-- Set runtime path of "/home/vboxuser/ROS-Learning/src/install/custom_interfaces/lib/libcustom_interfaces__rosidl_typesupport_introspection_c.so" to ""
-- Installing: /home/vboxuser/ROS-Learning/src/install/custom_interfaces/lib/libcustom_interfaces__rosidl_typesupport_c.so
-- Set runtime path of "/home/vboxuser/ROS-Learning/src/install/custom_interfaces/lib/libcustom_interfaces__rosidl_typesupport_c.so" to ""
-- Up-to-date: /home/vboxuser/ROS-Learning/src/install/custom_interfaces/include/custom_interfaces/custom_interfaces
-- Up-to-date: /home/vboxuser/ROS-Learning/src/install/custom_interfaces/include/custom_interfaces/custom_interfaces/action
-- Installing: /home/vboxuser/ROS-Learning/src/install/custom_interfaces/include/custom_interfaces/custom_interfaces/action/fibonacci_action.hpp
-- Up-to-date: /home/vboxuser/ROS-Learning/src/install/custom_interfaces/include/custom_interfaces/custom_interfaces/action/detail
-- Installing: /home/vboxuser/ROS-Learning/src/install/custom_interfaces/include/custom_interfaces/custom_interfaces/action/detail/fibonacci_action__builder.hpp
-- Installing: /home/vboxuser/ROS-Learning/src/install/custom_interfaces/include/custom_interfaces/custom_interfaces/action/detail/fibonacci_action__type_support.hpp
-- Installing: /home/vboxuser/ROS-Learning/src/install/custom_interfaces/include/custom_interfaces/custom_interfaces/action/detail/fibonacci_action__traits.hpp
-- Installing: /home/vboxuser/ROS-Learning/src/install/custom_interfaces/include/custom_interfaces/custom_interfaces/action/detail/fibonacci_action__struct.hpp
-- Up-to-date: /home/vboxuser/ROS-Learning/src/install/custom_interfaces/include/custom_interfaces/custom_interfaces/srv
-- Installing: /home/vboxuser/ROS-Learning/src/install/custom_interfaces/include/custom_interfaces/custom_interfaces/srv/cstm_srv.hpp
-- Up-to-date: /home/vboxuser/ROS-Learning/src/install/custom_interfaces/include/custom_interfaces/custom_interfaces/srv/detail
-- Installing: /home/vboxuser/ROS-Learning/src/install/custom_interfaces/include/custom_interfaces/custom_interfaces/srv/detail/cstm_srv__type_support.hpp
-- Installing: /home/vboxuser/ROS-Learning/src/install/custom_interfaces/include/custom_interfaces/custom_interfaces/srv/detail/cstm_srv__builder.hpp
-- Installing: /home/vboxuser/ROS-Learning/src/install/custom_interfaces/include/custom_interfaces/custom_interfaces/srv/detail/cstm_srv__struct.hpp
-- Installing: /home/vboxuser/ROS-Learning/src/install/custom_interfaces/include/custom_interfaces/custom_interfaces/srv/detail/cstm_srv__traits.hpp
-- Up-to-date: /home/vboxuser/ROS-Learning/src/install/custom_interfaces/include/custom_interfaces/custom_interfaces/msg
-- Up-to-date: /home/vboxuser/ROS-Learning/src/install/custom_interfaces/include/custom_interfaces/custom_interfaces/msg/rosidl_generator_cpp__visibility_control.hpp
-- Installing: /home/vboxuser/ROS-Learning/src/install/custom_interfaces/include/custom_interfaces/custom_interfaces/msg/complex.hpp
-- Up-to-date: /home/vboxuser/ROS-Learning/src/install/custom_interfaces/include/custom_interfaces/custom_interfaces/msg/detail
-- Installing: /home/vboxuser/ROS-Learning/src/install/custom_interfaces/include/custom_interfaces/custom_interfaces/msg/detail/complex__struct.hpp
-- Installing: /home/vboxuser/ROS-Learning/src/install/custom_interfaces/include/custom_interfaces/custom_interfaces/msg/detail/complex__traits.hpp
-- Installing: /home/vboxuser/ROS-Learning/src/install/custom_interfaces/include/custom_interfaces/custom_interfaces/msg/detail/complex__builder.hpp
-- Installing: /home/vboxuser/ROS-Learning/src/install/custom_interfaces/include/custom_interfaces/custom_interfaces/msg/detail/complex__type_support.hpp
-- Up-to-date: /home/vboxuser/ROS-Learning/src/install/custom_interfaces/include/custom_interfaces/custom_interfaces
-- Up-to-date: /home/vboxuser/ROS-Learning/src/install/custom_interfaces/include/custom_interfaces/custom_interfaces/action
-- Up-to-date: /home/vboxuser/ROS-Learning/src/install/custom_interfaces/include/custom_interfaces/custom_interfaces/action/detail
-- Installing: /home/vboxuser/ROS-Learning/src/install/custom_interfaces/include/custom_interfaces/custom_interfaces/action/detail/dds_fastrtps
-- Installing: /home/vboxuser/ROS-Learning/src/install/custom_interfaces/include/custom_interfaces/custom_interfaces/action/detail/fibonacci_action__rosidl_typesupport_fastrtps_cpp.hpp
-- Up-to-date: /home/vboxuser/ROS-Learning/src/install/custom_interfaces/include/custom_interfaces/custom_interfaces/srv
-- Up-to-date: /home/vboxuser/ROS-Learning/src/install/custom_interfaces/include/custom_interfaces/custom_interfaces/srv/detail
-- Up-to-date: /home/vboxuser/ROS-Learning/src/install/custom_interfaces/include/custom_interfaces/custom_interfaces/srv/detail/dds_fastrtps
-- Installing: /home/vboxuser/ROS-Learning/src/install/custom_interfaces/include/custom_interfaces/custom_interfaces/srv/detail/cstm_srv__rosidl_typesupport_fastrtps_cpp.hpp
-- Up-to-date: /home/vboxuser/ROS-Learning/src/install/custom_interfaces/include/custom_interfaces/custom_interfaces/msg
-- Up-to-date: /home/vboxuser/ROS-Learning/src/install/custom_interfaces/include/custom_interfaces/custom_interfaces/msg/rosidl_typesupport_fastrtps_cpp__visibility_control.h
-- Up-to-date: /home/vboxuser/ROS-Learning/src/install/custom_interfaces/include/custom_interfaces/custom_interfaces/msg/detail
-- Up-to-date: /home/vboxuser/ROS-Learning/src/install/custom_interfaces/include/custom_interfaces/custom_interfaces/msg/detail/dds_fastrtps
-- Installing: /home/vboxuser/ROS-Learning/src/install/custom_interfaces/include/custom_interfaces/custom_interfaces/msg/detail/complex__rosidl_typesupport_fastrtps_cpp.hpp
-- Installing: /home/vboxuser/ROS-Learning/src/install/custom_interfaces/lib/libcustom_interfaces__rosidl_typesupport_fastrtps_cpp.so
-- Set runtime path of "/home/vboxuser/ROS-Learning/src/install/custom_interfaces/lib/libcustom_interfaces__rosidl_typesupport_fastrtps_cpp.so" to ""
-- Up-to-date: /home/vboxuser/ROS-Learning/src/install/custom_interfaces/include/custom_interfaces/custom_interfaces
-- Up-to-date: /home/vboxuser/ROS-Learning/src/install/custom_interfaces/include/custom_interfaces/custom_interfaces/action
-- Up-to-date: /home/vboxuser/ROS-Learning/src/install/custom_interfaces/include/custom_interfaces/custom_interfaces/action/detail
-- Installing: /home/vboxuser/ROS-Learning/src/install/custom_interfaces/include/custom_interfaces/custom_interfaces/action/detail/fibonacci_action__rosidl_typesupport_introspection_cpp.hpp
-- Installing: /home/vboxuser/ROS-Learning/src/install/custom_interfaces/include/custom_interfaces/custom_interfaces/action/detail/fibonacci_action__type_support.cpp
-- Up-to-date: /home/vboxuser/ROS-Learning/src/install/custom_interfaces/include/custom_interfaces/custom_interfaces/srv
-- Up-to-date: /home/vboxuser/ROS-Learning/src/install/custom_interfaces/include/custom_interfaces/custom_interfaces/srv/detail
-- Installing: /home/vboxuser/ROS-Learning/src/install/custom_interfaces/include/custom_interfaces/custom_interfaces/srv/detail/cstm_srv__type_support.cpp
-- Installing: /home/vboxuser/ROS-Learning/src/install/custom_interfaces/include/custom_interfaces/custom_interfaces/srv/detail/cstm_srv__rosidl_typesupport_introspection_cpp.hpp
-- Up-to-date: /home/vboxuser/ROS-Learning/src/install/custom_interfaces/include/custom_interfaces/custom_interfaces/msg
-- Up-to-date: /home/vboxuser/ROS-Learning/src/install/custom_interfaces/include/custom_interfaces/custom_interfaces/msg/detail
-- Installing: /home/vboxuser/ROS-Learning/src/install/custom_interfaces/include/custom_interfaces/custom_interfaces/msg/detail/complex__rosidl_typesupport_introspection_cpp.hpp
-- Installing: /home/vboxuser/ROS-Learning/src/install/custom_interfaces/include/custom_interfaces/custom_interfaces/msg/detail/complex__type_support.cpp
-- Installing: /home/vboxuser/ROS-Learning/src/install/custom_interfaces/lib/libcustom_interfaces__rosidl_typesupport_introspection_cpp.so
-- Set runtime path of "/home/vboxuser/ROS-Learning/src/install/custom_interfaces/lib/libcustom_interfaces__rosidl_typesupport_introspection_cpp.so" to ""
-- Installing: /home/vboxuser/ROS-Learning/src/install/custom_interfaces/lib/libcustom_interfaces__rosidl_typesupport_cpp.so
-- Set runtime path of "/home/vboxuser/ROS-Learning/src/install/custom_interfaces/lib/libcustom_interfaces__rosidl_typesupport_cpp.so" to ""
-- Up-to-date: /home/vboxuser/ROS-Learning/src/install/custom_interfaces/share/custom_interfaces/environment/pythonpath.sh
-- Installing: /home/vboxuser/ROS-Learning/src/install/custom_interfaces/share/custom_interfaces/environment/pythonpath.dsv
-- Up-to-date: /home/vboxuser/ROS-Learning/src/install/custom_interfaces/local/lib/python3.10/dist-packages/custom_interfaces-0.0.0-py3.10.egg-info
-- Installing: /home/vboxuser/ROS-Learning/src/install/custom_interfaces/local/lib/python3.10/dist-packages/custom_interfaces-0.0.0-py3.10.egg-info/SOURCES.txt
-- Installing: /home/vboxuser/ROS-Learning/src/install/custom_interfaces/local/lib/python3.10/dist-packages/custom_interfaces-0.0.0-py3.10.egg-info/top_level.txt
-- Installing: /home/vboxuser/ROS-Learning/src/install/custom_interfaces/local/lib/python3.10/dist-packages/custom_interfaces-0.0.0-py3.10.egg-info/PKG-INFO
-- Installing: /home/vboxuser/ROS-Learning/src/install/custom_interfaces/local/lib/python3.10/dist-packages/custom_interfaces-0.0.0-py3.10.egg-info/dependency_links.txt
-- Up-to-date: /home/vboxuser/ROS-Learning/src/install/custom_interfaces/local/lib/python3.10/dist-packages/custom_interfaces
-- Installing: /home/vboxuser/ROS-Learning/src/install/custom_interfaces/local/lib/python3.10/dist-packages/custom_interfaces/__init__.py
-- Installing: /home/vboxuser/ROS-Learning/src/install/custom_interfaces/local/lib/python3.10/dist-packages/custom_interfaces/action
-- Installing: /home/vboxuser/ROS-Learning/src/install/custom_interfaces/local/lib/python3.10/dist-packages/custom_interfaces/action/__init__.py
-- Installing: /home/vboxuser/ROS-Learning/src/install/custom_interfaces/local/lib/python3.10/dist-packages/custom_interfaces/action/_fibonacci_action_s.c
-- Installing: /home/vboxuser/ROS-Learning/src/install/custom_interfaces/local/lib/python3.10/dist-packages/custom_interfaces/action/_fibonacci_action.py
-- Installing: /home/vboxuser/ROS-Learning/src/install/custom_interfaces/local/lib/python3.10/dist-packages/custom_interfaces/custom_interfaces_s__rosidl_typesupport_c.cpython-310-x86_64-linux-gnu.so
-- Installing: /home/vboxuser/ROS-Learning/src/install/custom_interfaces/local/lib/python3.10/dist-packages/custom_interfaces/_custom_interfaces_s.ep.rosidl_typesupport_c.c
-- Up-to-date: /home/vboxuser/ROS-Learning/src/install/custom_interfaces/local/lib/python3.10/dist-packages/custom_interfaces/srv
-- Installing: /home/vboxuser/ROS-Learning/src/install/custom_interfaces/local/lib/python3.10/dist-packages/custom_interfaces/srv/__init__.py
-- Installing: /home/vboxuser/ROS-Learning/src/install/custom_interfaces/local/lib/python3.10/dist-packages/custom_interfaces/srv/_cstm_srv_s.c
-- Installing: /home/vboxuser/ROS-Learning/src/install/custom_interfaces/local/lib/python3.10/dist-packages/custom_interfaces/srv/_cstm_srv.py
-- Installing: /home/vboxuser/ROS-Learning/src/install/custom_interfaces/local/lib/python3.10/dist-packages/custom_interfaces/custom_interfaces_s__rosidl_typesupport_fastrtps_c.cpython-310-x86_64-linux-gnu.so
-- Installing: /home/vboxuser/ROS-Learning/src/install/custom_interfaces/local/lib/python3.10/dist-packages/custom_interfaces/_custom_interfaces_s.ep.rosidl_typesupport_fastrtps_c.c
-- Installing: /home/vboxuser/ROS-Learning/src/install/custom_interfaces/local/lib/python3.10/dist-packages/custom_interfaces/custom_interfaces_s__rosidl_typesupport_introspection_c.cpython-310-x86_64-linux-gnu.so
-- Up-to-date: /home/vboxuser/ROS-Learning/src/install/custom_interfaces/local/lib/python3.10/dist-packages/custom_interfaces/msg
-- Installing: /home/vboxuser/ROS-Learning/src/install/custom_interfaces/local/lib/python3.10/dist-packages/custom_interfaces/msg/__init__.py
-- Installing: /home/vboxuser/ROS-Learning/src/install/custom_interfaces/local/lib/python3.10/dist-packages/custom_interfaces/msg/_complex.py
-- Installing: /home/vboxuser/ROS-Learning/src/install/custom_interfaces/local/lib/python3.10/dist-packages/custom_interfaces/msg/_complex_s.c
-- Installing: /home/vboxuser/ROS-Learning/src/install/custom_interfaces/local/lib/python3.10/dist-packages/custom_interfaces/libcustom_interfaces__rosidl_generator_py.so
-- Installing: /home/vboxuser/ROS-Learning/src/install/custom_interfaces/local/lib/python3.10/dist-packages/custom_interfaces/_custom_interfaces_s.ep.rosidl_typesupport_introspection_c.c
Listing '/home/vboxuser/ROS-Learning/src/install/custom_interfaces/local/lib/python3.10/dist-packages/custom_interfaces'...
Compiling '/home/vboxuser/ROS-Learning/src/install/custom_interfaces/local/lib/python3.10/dist-packages/custom_interfaces/__init__.py'...
Listing '/home/vboxuser/ROS-Learning/src/install/custom_interfaces/local/lib/python3.10/dist-packages/custom_interfaces/action'...
Compiling '/home/vboxuser/ROS-Learning/src/install/custom_interfaces/local/lib/python3.10/dist-packages/custom_interfaces/action/__init__.py'...
Compiling '/home/vboxuser/ROS-Learning/src/install/custom_interfaces/local/lib/python3.10/dist-packages/custom_interfaces/action/_fibonacci_action.py'...
Listing '/home/vboxuser/ROS-Learning/src/install/custom_interfaces/local/lib/python3.10/dist-packages/custom_interfaces/msg'...
Compiling '/home/vboxuser/ROS-Learning/src/install/custom_interfaces/local/lib/python3.10/dist-packages/custom_interfaces/msg/__init__.py'...
Compiling '/home/vboxuser/ROS-Learning/src/install/custom_interfaces/local/lib/python3.10/dist-packages/custom_interfaces/msg/_complex.py'...
Listing '/home/vboxuser/ROS-Learning/src/install/custom_interfaces/local/lib/python3.10/dist-packages/custom_interfaces/srv'...
Compiling '/home/vboxuser/ROS-Learning/src/install/custom_interfaces/local/lib/python3.10/dist-packages/custom_interfaces/srv/__init__.py'...
Compiling '/home/vboxuser/ROS-Learning/src/install/custom_interfaces/local/lib/python3.10/dist-packages/custom_interfaces/srv/_cstm_srv.py'...
-- Installing: /home/vboxuser/ROS-Learning/src/install/custom_interfaces/local/lib/python3.10/dist-packages/custom_interfaces/custom_interfaces_s__rosidl_typesupport_fastrtps_c.cpython-310-x86_64-linux-gnu.so
-- Set runtime path of "/home/vboxuser/ROS-Learning/src/install/custom_interfaces/local/lib/python3.10/dist-packages/custom_interfaces/custom_interfaces_s__rosidl_typesupport_fastrtps_c.cpython-310-x86_64-linux-gnu.so" to ""
-- Installing: /home/vboxuser/ROS-Learning/src/install/custom_interfaces/local/lib/python3.10/dist-packages/custom_interfaces/custom_interfaces_s__rosidl_typesupport_introspection_c.cpython-310-x86_64-linux-gnu.so
-- Set runtime path of "/home/vboxuser/ROS-Learning/src/install/custom_interfaces/local/lib/python3.10/dist-packages/custom_interfaces/custom_interfaces_s__rosidl_typesupport_introspection_c.cpython-310-x86_64-linux-gnu.so" to ""
-- Installing: /home/vboxuser/ROS-Learning/src/install/custom_interfaces/local/lib/python3.10/dist-packages/custom_interfaces/custom_interfaces_s__rosidl_typesupport_c.cpython-310-x86_64-linux-gnu.so
-- Set runtime path of "/home/vboxuser/ROS-Learning/src/install/custom_interfaces/local/lib/python3.10/dist-packages/custom_interfaces/custom_interfaces_s__rosidl_typesupport_c.cpython-310-x86_64-linux-gnu.so" to ""
-- Installing: /home/vboxuser/ROS-Learning/src/install/custom_interfaces/lib/libcustom_interfaces__rosidl_generator_py.so
-- Set runtime path of "/home/vboxuser/ROS-Learning/src/install/custom_interfaces/lib/libcustom_interfaces__rosidl_generator_py.so" to ""
-- Up-to-date: /home/vboxuser/ROS-Learning/src/install/custom_interfaces/share/ament_index/resource_index/rust_packages/custom_interfaces
-- Up-to-date: /home/vboxuser/ROS-Learning/src/install/custom_interfaces/share/custom_interfaces/rust
-- Up-to-date: /home/vboxuser/ROS-Learning/src/install/custom_interfaces/share/custom_interfaces/rust/src
-- Installing: /home/vboxuser/ROS-Learning/src/install/custom_interfaces/share/custom_interfaces/rust/src/action
-- Installing: /home/vboxuser/ROS-Learning/src/install/custom_interfaces/share/custom_interfaces/rust/src/action/rmw.rs
-- Up-to-date: /home/vboxuser/ROS-Learning/src/install/custom_interfaces/share/custom_interfaces/rust/src/srv
-- Installing: /home/vboxuser/ROS-Learning/src/install/custom_interfaces/share/custom_interfaces/rust/src/srv/rmw.rs
-- Installing: /home/vboxuser/ROS-Learning/src/install/custom_interfaces/share/custom_interfaces/rust/src/action.rs
-- Installing: /home/vboxuser/ROS-Learning/src/install/custom_interfaces/share/custom_interfaces/rust/src/msg.rs
-- Installing: /home/vboxuser/ROS-Learning/src/install/custom_interfaces/share/custom_interfaces/rust/src/srv.rs
-- Installing: /home/vboxuser/ROS-Learning/src/install/custom_interfaces/share/custom_interfaces/rust/src/lib.rs
-- Up-to-date: /home/vboxuser/ROS-Learning/src/install/custom_interfaces/share/custom_interfaces/rust/src/msg
-- Installing: /home/vboxuser/ROS-Learning/src/install/custom_interfaces/share/custom_interfaces/rust/src/msg/rmw.rs
-- Installing: /home/vboxuser/ROS-Learning/src/install/custom_interfaces/share/custom_interfaces/rust/Cargo.toml
-- Installing: /home/vboxuser/ROS-Learning/src/install/custom_interfaces/share/custom_interfaces/rust/build.rs
-- Up-to-date: /home/vboxuser/ROS-Learning/src/install/custom_interfaces/share/custom_interfaces/msg/Complex.idl
-- Up-to-date: /home/vboxuser/ROS-Learning/src/install/custom_interfaces/share/custom_interfaces/srv/CstmSrv.idl
-- Installing: /home/vboxuser/ROS-Learning/src/install/custom_interfaces/share/custom_interfaces/action/FibonacciAction.idl
-- Up-to-date: /home/vboxuser/ROS-Learning/src/install/custom_interfaces/share/custom_interfaces/msg/Complex.msg
-- Up-to-date: /home/vboxuser/ROS-Learning/src/install/custom_interfaces/share/custom_interfaces/srv/CstmSrv.srv
-- Up-to-date: /home/vboxuser/ROS-Learning/src/install/custom_interfaces/share/custom_interfaces/srv/CstmSrv_Request.msg
-- Up-to-date: /home/vboxuser/ROS-Learning/src/install/custom_interfaces/share/custom_interfaces/srv/CstmSrv_Response.msg
-- Installing: /home/vboxuser/ROS-Learning/src/install/custom_interfaces/share/custom_interfaces/action/FibonacciAction.action
-- Up-to-date: /home/vboxuser/ROS-Learning/src/install/custom_interfaces/share/ament_index/resource_index/package_run_dependencies/custom_interfaces
-- Up-to-date: /home/vboxuser/ROS-Learning/src/install/custom_interfaces/share/ament_index/resource_index/parent_prefix_path/custom_interfaces
-- Up-to-date: /home/vboxuser/ROS-Learning/src/install/custom_interfaces/share/custom_interfaces/environment/ament_prefix_path.sh
-- Installing: /home/vboxuser/ROS-Learning/src/install/custom_interfaces/share/custom_interfaces/environment/ament_prefix_path.dsv
-- Up-to-date: /home/vboxuser/ROS-Learning/src/install/custom_interfaces/share/custom_interfaces/environment/path.sh
-- Installing: /home/vboxuser/ROS-Learning/src/install/custom_interfaces/share/custom_interfaces/environment/path.dsv
-- Up-to-date: /home/vboxuser/ROS-Learning/src/install/custom_interfaces/share/custom_interfaces/local_setup.bash
-- Up-to-date: /home/vboxuser/ROS-Learning/src/install/custom_interfaces/share/custom_interfaces/local_setup.sh
-- Up-to-date: /home/vboxuser/ROS-Learning/src/install/custom_interfaces/share/custom_interfaces/local_setup.zsh
-- Installing: /home/vboxuser/ROS-Learning/src/install/custom_interfaces/share/custom_interfaces/local_setup.dsv
-- Installing: /home/vboxuser/ROS-Learning/src/install/custom_interfaces/share/custom_interfaces/package.dsv
-- Up-to-date: /home/vboxuser/ROS-Learning/src/install/custom_interfaces/share/ament_index/resource_index/packages/custom_interfaces
-- Old export file "/home/vboxuser/ROS-Learning/src/install/custom_interfaces/share/custom_interfaces/cmake/export_custom_interfaces__rosidl_generator_cExport.cmake" will be replaced.  Removing files [/home/vboxuser/ROS-Learning/src/install/custom_interfaces/share/custom_interfaces/cmake/export_custom_interfaces__rosidl_generator_cExport-noconfig.cmake].
-- Installing: /home/vboxuser/ROS-Learning/src/install/custom_interfaces/share/custom_interfaces/cmake/export_custom_interfaces__rosidl_generator_cExport.cmake
-- Installing: /home/vboxuser/ROS-Learning/src/install/custom_interfaces/share/custom_interfaces/cmake/export_custom_interfaces__rosidl_generator_cExport-noconfig.cmake
-- Old export file "/home/vboxuser/ROS-Learning/src/install/custom_interfaces/share/custom_interfaces/cmake/export_custom_interfaces__rosidl_typesupport_fastrtps_cExport.cmake" will be replaced.  Removing files [/home/vboxuser/ROS-Learning/src/install/custom_interfaces/share/custom_interfaces/cmake/export_custom_interfaces__rosidl_typesupport_fastrtps_cExport-noconfig.cmake].
-- Installing: /home/vboxuser/ROS-Learning/src/install/custom_interfaces/share/custom_interfaces/cmake/export_custom_interfaces__rosidl_typesupport_fastrtps_cExport.cmake
-- Installing: /home/vboxuser/ROS-Learning/src/install/custom_interfaces/share/custom_interfaces/cmake/export_custom_interfaces__rosidl_typesupport_fastrtps_cExport-noconfig.cmake
-- Old export file "/home/vboxuser/ROS-Learning/src/install/custom_interfaces/share/custom_interfaces/cmake/custom_interfaces__rosidl_typesupport_introspection_cExport.cmake" will be replaced.  Removing files [/home/vboxuser/ROS-Learning/src/install/custom_interfaces/share/custom_interfaces/cmake/custom_interfaces__rosidl_typesupport_introspection_cExport-noconfig.cmake].
-- Installing: /home/vboxuser/ROS-Learning/src/install/custom_interfaces/share/custom_interfaces/cmake/custom_interfaces__rosidl_typesupport_introspection_cExport.cmake
-- Installing: /home/vboxuser/ROS-Learning/src/install/custom_interfaces/share/custom_interfaces/cmake/custom_interfaces__rosidl_typesupport_introspection_cExport-noconfig.cmake
-- Old export file "/home/vboxuser/ROS-Learning/src/install/custom_interfaces/share/custom_interfaces/cmake/custom_interfaces__rosidl_typesupport_cExport.cmake" will be replaced.  Removing files [/home/vboxuser/ROS-Learning/src/install/custom_interfaces/share/custom_interfaces/cmake/custom_interfaces__rosidl_typesupport_cExport-noconfig.cmake].
-- Installing: /home/vboxuser/ROS-Learning/src/install/custom_interfaces/share/custom_interfaces/cmake/custom_interfaces__rosidl_typesupport_cExport.cmake
-- Installing: /home/vboxuser/ROS-Learning/src/install/custom_interfaces/share/custom_interfaces/cmake/custom_interfaces__rosidl_typesupport_cExport-noconfig.cmake
-- Installing: /home/vboxuser/ROS-Learning/src/install/custom_interfaces/share/custom_interfaces/cmake/export_custom_interfaces__rosidl_generator_cppExport.cmake
-- Old export file "/home/vboxuser/ROS-Learning/src/install/custom_interfaces/share/custom_interfaces/cmake/export_custom_interfaces__rosidl_typesupport_fastrtps_cppExport.cmake" will be replaced.  Removing files [/home/vboxuser/ROS-Learning/src/install/custom_interfaces/share/custom_interfaces/cmake/export_custom_interfaces__rosidl_typesupport_fastrtps_cppExport-noconfig.cmake].
-- Installing: /home/vboxuser/ROS-Learning/src/install/custom_interfaces/share/custom_interfaces/cmake/export_custom_interfaces__rosidl_typesupport_fastrtps_cppExport.cmake
-- Installing: /home/vboxuser/ROS-Learning/src/install/custom_interfaces/share/custom_interfaces/cmake/export_custom_interfaces__rosidl_typesupport_fastrtps_cppExport-noconfig.cmake
-- Old export file "/home/vboxuser/ROS-Learning/src/install/custom_interfaces/share/custom_interfaces/cmake/custom_interfaces__rosidl_typesupport_introspection_cppExport.cmake" will be replaced.  Removing files [/home/vboxuser/ROS-Learning/src/install/custom_interfaces/share/custom_interfaces/cmake/custom_interfaces__rosidl_typesupport_introspection_cppExport-noconfig.cmake].
-- Installing: /home/vboxuser/ROS-Learning/src/install/custom_interfaces/share/custom_interfaces/cmake/custom_interfaces__rosidl_typesupport_introspection_cppExport.cmake
-- Installing: /home/vboxuser/ROS-Learning/src/install/custom_interfaces/share/custom_interfaces/cmake/custom_interfaces__rosidl_typesupport_introspection_cppExport-noconfig.cmake
-- Old export file "/home/vboxuser/ROS-Learning/src/install/custom_interfaces/share/custom_interfaces/cmake/custom_interfaces__rosidl_typesupport_cppExport.cmake" will be replaced.  Removing files [/home/vboxuser/ROS-Learning/src/install/custom_interfaces/share/custom_interfaces/cmake/custom_interfaces__rosidl_typesupport_cppExport-noconfig.cmake].
-- Installing: /home/vboxuser/ROS-Learning/src/install/custom_interfaces/share/custom_interfaces/cmake/custom_interfaces__rosidl_typesupport_cppExport.cmake
-- Installing: /home/vboxuser/ROS-Learning/src/install/custom_interfaces/share/custom_interfaces/cmake/custom_interfaces__rosidl_typesupport_cppExport-noconfig.cmake
-- Old export file "/home/vboxuser/ROS-Learning/src/install/custom_interfaces/share/custom_interfaces/cmake/export_custom_interfaces__rosidl_generator_pyExport.cmake" will be replaced.  Removing files [/home/vboxuser/ROS-Learning/src/install/custom_interfaces/share/custom_interfaces/cmake/export_custom_interfaces__rosidl_generator_pyExport-noconfig.cmake].
-- Installing: /home/vboxuser/ROS-Learning/src/install/custom_interfaces/share/custom_interfaces/cmake/export_custom_interfaces__rosidl_generator_pyExport.cmake
-- Installing: /home/vboxuser/ROS-Learning/src/install/custom_interfaces/share/custom_interfaces/cmake/export_custom_interfaces__rosidl_generator_pyExport-noconfig.cmake
-- Installing: /home/vboxuser/ROS-Learning/src/install/custom_interfaces/share/custom_interfaces/cmake/rosidl_cmake-extras.cmake
-- Installing: /home/vboxuser/ROS-Learning/src/install/custom_interfaces/share/custom_interfaces/cmake/ament_cmake_export_dependencies-extras.cmake
-- Up-to-date: /home/vboxuser/ROS-Learning/src/install/custom_interfaces/share/custom_interfaces/cmake/ament_cmake_export_include_directories-extras.cmake
-- Up-to-date: /home/vboxuser/ROS-Learning/src/install/custom_interfaces/share/custom_interfaces/cmake/ament_cmake_export_libraries-extras.cmake
-- Up-to-date: /home/vboxuser/ROS-Learning/src/install/custom_interfaces/share/custom_interfaces/cmake/ament_cmake_export_targets-extras.cmake
-- Up-to-date: /home/vboxuser/ROS-Learning/src/install/custom_interfaces/share/custom_interfaces/cmake/rosidl_cmake_export_typesupport_targets-extras.cmake
-- Up-to-date: /home/vboxuser/ROS-Learning/src/install/custom_interfaces/share/custom_interfaces/cmake/rosidl_cmake_export_typesupport_libraries-extras.cmake
-- Up-to-date: /home/vboxuser/ROS-Learning/src/install/custom_interfaces/share/custom_interfaces/cmake/rosidl_cmake_aggregate_target-extras.cmake
-- Installing: /home/vboxuser/ROS-Learning/src/install/custom_interfaces/share/custom_interfaces/cmake/custom_interfacesConfig.cmake
-- Up-to-date: /home/vboxuser/ROS-Learning/src/install/custom_interfaces/share/custom_interfaces/cmake/custom_interfacesConfig-version.cmake
-- Up-to-date: /home/vboxuser/ROS-Learning/src/install/custom_interfaces/share/custom_interfaces/package.xml
