[0.021s] Invoking command in '/home/vboxuser/ROS-Learning/src/build/custom_interfaces': CMAKE_PREFIX_PATH=${CMAKE_PREFIX_PATH}:/home/vboxuser/ROS-Learning/src/install/first_package:/opt/ros/humble /usr/bin/cmake --build /home/vboxuser/ROS-Learning/src/build/custom_interfaces -- -j4 -l4
[0.057s] -- Found ament_cmake: 1.3.14 (/opt/ros/humble/share/ament_cmake/cmake)
[0.331s] -- Found rosidl_default_generators: 1.2.1 (/opt/ros/humble/share/rosidl_default_generators/cmake)
[0.332s] -- Using all available rosidl_typesupport_c: rosidl_typesupport_fastrtps_c;rosidl_typesupport_introspection_c
[0.342s] -- Found rosidl_adapter: 3.1.9 (/opt/ros/humble/share/rosidl_adapter/cmake)
[0.401s] -- Using all available rosidl_typesupport_cpp: rosidl_typesupport_fastrtps_cpp;rosidl_typesupport_introspection_cpp
[1.032s] -- Found ament_cmake_ros: 0.10.0 (/opt/ros/humble/share/ament_cmake_ros/cmake)
[1.340s] -- Using all available rosidl_typesupport_c: rosidl_typesupport_fastrtps_c;rosidl_typesupport_introspection_c
[1.754s] -- Using all available rosidl_typesupport_cpp: rosidl_typesupport_fastrtps_cpp;rosidl_typesupport_introspection_cpp
[1.788s] -- Found python_cmake_module: 0.10.0 (/opt/ros/humble/share/python_cmake_module/cmake)
[1.823s] -- Using PYTHON_EXECUTABLE: /usr/bin/python3
[1.823s] -- Using PYTHON_INCLUDE_DIRS: /usr/include/python3.10
[1.824s] -- Using PYTHON_LIBRARIES: /usr/lib/x86_64-linux-gnu/libpython3.10.so
[1.969s] -- Found ament_lint_auto: 0.12.15 (/opt/ros/humble/share/ament_lint_auto/cmake)
[1.986s] -- Added test 'lint_cmake' to check CMake code style
[1.988s] -- Added test 'xmllint' to check XML markup files
[1.992s] -- Configuring done
[2.089s] -- Generating done
[2.119s] -- Build files have been written to: /home/vboxuser/ROS-Learning/src/build/custom_interfaces
[2.183s] [  2%] [34m[1mGenerating Rust code for ROS interfaces[0m
[2.183s] [  4%] [34m[1mGenerating C++ code for ROS interfaces[0m
[2.184s] [  4%] Built target ament_cmake_python_copy_custom_interfaces
[2.197s] [  6%] [34m[1mGenerating C code for ROS interfaces[0m
[2.873s] running egg_info
[2.875s] writing custom_interfaces.egg-info/PKG-INFO
[2.875s] writing dependency_links to custom_interfaces.egg-info/dependency_links.txt
[2.875s] writing top-level names to custom_interfaces.egg-info/top_level.txt
[2.877s] reading manifest file 'custom_interfaces.egg-info/SOURCES.txt'
[2.882s] writing manifest file 'custom_interfaces.egg-info/SOURCES.txt'
[2.993s] [  6%] Built target ament_cmake_python_build_custom_interfaces_egg
[3.090s] [  6%] Built target custom_interfaces__rs
[3.722s] [  6%] Built target custom_interfaces__cpp
[3.758s] [  8%] [34m[1mGenerating C++ type support for eProsima Fast-RTPS[0m
[3.763s] [ 10%] [34m[1mGenerating C++ type support dispatch for ROS interfaces[0m
[3.774s] [ 12%] [34m[1mGenerating C++ introspection for ROS interfaces[0m
[3.797s] [35m[1mConsolidate compiler generated dependencies of target custom_interfaces__rosidl_generator_c[0m
[3.831s] [ 14%] [32mBuilding C object CMakeFiles/custom_interfaces__rosidl_generator_c.dir/rosidl_generator_c/custom_interfaces/msg/detail/complex__functions.c.o[0m
[4.005s] [ 16%] [32mBuilding C object CMakeFiles/custom_interfaces__rosidl_generator_c.dir/rosidl_generator_c/custom_interfaces/srv/detail/cstm_srv__functions.c.o[0m
[4.227s] [ 18%] [32mBuilding C object CMakeFiles/custom_interfaces__rosidl_generator_c.dir/rosidl_generator_c/custom_interfaces/action/detail/fibonacci_action__functions.c.o[0m
[4.658s] [ 20%] [32m[1mLinking C shared library libcustom_interfaces__rosidl_generator_c.so[0m
[4.722s] [35m[1mConsolidate compiler generated dependencies of target custom_interfaces__rosidl_typesupport_cpp[0m
[4.730s] [ 20%] Built target custom_interfaces__rosidl_generator_c
[4.752s] [ 22%] [34m[1mGenerating C type support for eProsima Fast-RTPS[0m
[4.765s] [ 25%] [32mBuilding CXX object CMakeFiles/custom_interfaces__rosidl_typesupport_cpp.dir/rosidl_typesupport_cpp/custom_interfaces/msg/complex__type_support.cpp.o[0m
[5.155s] [35m[1mConsolidate compiler generated dependencies of target custom_interfaces__rosidl_typesupport_introspection_cpp[0m
[5.223s] [ 27%] [32mBuilding CXX object CMakeFiles/custom_interfaces__rosidl_typesupport_introspection_cpp.dir/rosidl_typesupport_introspection_cpp/custom_interfaces/msg/detail/complex__type_support.cpp.o[0m
[5.263s] [35m[1mConsolidate compiler generated dependencies of target custom_interfaces__rosidl_typesupport_fastrtps_cpp[0m
[5.327s] [ 29%] [32mBuilding CXX object CMakeFiles/custom_interfaces__rosidl_typesupport_fastrtps_cpp.dir/rosidl_typesupport_fastrtps_cpp/custom_interfaces/msg/detail/dds_fastrtps/complex__type_support.cpp.o[0m
[5.485s] [ 31%] [32mBuilding CXX object CMakeFiles/custom_interfaces__rosidl_typesupport_cpp.dir/rosidl_typesupport_cpp/custom_interfaces/srv/cstm_srv__type_support.cpp.o[0m
[6.509s] [ 33%] [32mBuilding CXX object CMakeFiles/custom_interfaces__rosidl_typesupport_cpp.dir/rosidl_typesupport_cpp/custom_interfaces/action/fibonacci_action__type_support.cpp.o[0m
[6.519s] [ 35%] [32mBuilding CXX object CMakeFiles/custom_interfaces__rosidl_typesupport_introspection_cpp.dir/rosidl_typesupport_introspection_cpp/custom_interfaces/srv/detail/cstm_srv__type_support.cpp.o[0m
[6.641s] [ 37%] [32mBuilding CXX object CMakeFiles/custom_interfaces__rosidl_typesupport_fastrtps_cpp.dir/rosidl_typesupport_fastrtps_cpp/custom_interfaces/srv/detail/dds_fastrtps/cstm_srv__type_support.cpp.o[0m
[6.750s] [35m[1mConsolidate compiler generated dependencies of target custom_interfaces__rosidl_typesupport_fastrtps_c[0m
[6.786s] [ 39%] [32mBuilding CXX object CMakeFiles/custom_interfaces__rosidl_typesupport_fastrtps_c.dir/rosidl_typesupport_fastrtps_c/custom_interfaces/msg/detail/complex__type_support_c.cpp.o[0m
[7.710s] [ 41%] [32mBuilding CXX object CMakeFiles/custom_interfaces__rosidl_typesupport_introspection_cpp.dir/rosidl_typesupport_introspection_cpp/custom_interfaces/action/detail/fibonacci_action__type_support.cpp.o[0m
[7.735s] [ 43%] [32mBuilding CXX object CMakeFiles/custom_interfaces__rosidl_typesupport_fastrtps_c.dir/rosidl_typesupport_fastrtps_c/custom_interfaces/srv/detail/cstm_srv__type_support_c.cpp.o[0m
[7.850s] [ 45%] [32m[1mLinking CXX shared library libcustom_interfaces__rosidl_typesupport_cpp.so[0m
[7.915s] [ 45%] Built target custom_interfaces__rosidl_typesupport_cpp
[7.943s] [ 47%] [34m[1mGenerating C introspection for ROS interfaces[0m
[8.050s] [ 50%] [32mBuilding CXX object CMakeFiles/custom_interfaces__rosidl_typesupport_fastrtps_cpp.dir/rosidl_typesupport_fastrtps_cpp/custom_interfaces/action/detail/dds_fastrtps/fibonacci_action__type_support.cpp.o[0m
[8.870s] [ 52%] [32mBuilding CXX object CMakeFiles/custom_interfaces__rosidl_typesupport_fastrtps_c.dir/rosidl_typesupport_fastrtps_c/custom_interfaces/action/detail/fibonacci_action__type_support_c.cpp.o[0m
[9.426s] [ 54%] [32m[1mLinking CXX shared library libcustom_interfaces__rosidl_typesupport_introspection_cpp.so[0m
[9.901s] [ 54%] Built target custom_interfaces__rosidl_typesupport_introspection_cpp
[9.941s] [ 56%] [34m[1mGenerating C type support dispatch for ROS interfaces[0m
[10.243s] [ 58%] [32m[1mLinking CXX shared library libcustom_interfaces__rosidl_typesupport_fastrtps_cpp.so[0m
[10.408s] [ 58%] Built target custom_interfaces__rosidl_typesupport_fastrtps_cpp
[10.425s] [ 60%] [32m[1mLinking CXX shared library libcustom_interfaces__rosidl_typesupport_fastrtps_c.so[0m
[10.552s] [35m[1mConsolidate compiler generated dependencies of target custom_interfaces__rosidl_typesupport_introspection_c[0m
[10.593s] [ 60%] Built target custom_interfaces__rosidl_typesupport_fastrtps_c
[10.608s] [ 62%] [32mBuilding C object CMakeFiles/custom_interfaces__rosidl_typesupport_introspection_c.dir/rosidl_typesupport_introspection_c/custom_interfaces/srv/detail/cstm_srv__type_support.c.o[0m
[10.617s] [ 64%] [32mBuilding C object CMakeFiles/custom_interfaces__rosidl_typesupport_introspection_c.dir/rosidl_typesupport_introspection_c/custom_interfaces/msg/detail/complex__type_support.c.o[0m
[10.619s] [ 66%] [32mBuilding C object CMakeFiles/custom_interfaces__rosidl_typesupport_introspection_c.dir/rosidl_typesupport_introspection_c/custom_interfaces/action/detail/fibonacci_action__type_support.c.o[0m
[10.758s] [ 68%] [32m[1mLinking C shared library libcustom_interfaces__rosidl_typesupport_introspection_c.so[0m
[10.832s] [ 68%] Built target custom_interfaces__rosidl_typesupport_introspection_c
[11.165s] [35m[1mConsolidate compiler generated dependencies of target custom_interfaces__rosidl_typesupport_c[0m
[11.188s] [ 72%] [32mBuilding CXX object CMakeFiles/custom_interfaces__rosidl_typesupport_c.dir/rosidl_typesupport_c/custom_interfaces/srv/cstm_srv__type_support.cpp.o[0m
[11.189s] [ 72%] [32mBuilding CXX object CMakeFiles/custom_interfaces__rosidl_typesupport_c.dir/rosidl_typesupport_c/custom_interfaces/msg/complex__type_support.cpp.o[0m
[11.209s] [ 75%] [32mBuilding CXX object CMakeFiles/custom_interfaces__rosidl_typesupport_c.dir/rosidl_typesupport_c/custom_interfaces/action/fibonacci_action__type_support.cpp.o[0m
[11.307s] [ 77%] [32m[1mLinking CXX shared library libcustom_interfaces__rosidl_typesupport_c.so[0m
[11.385s] [ 77%] Built target custom_interfaces__rosidl_typesupport_c
[11.419s] [ 77%] Built target custom_interfaces
[11.450s] [ 79%] [34m[1mGenerating Python code for ROS interfaces[0m
[14.048s] [ 79%] Built target custom_interfaces__py
[14.069s] [35m[1mConsolidate compiler generated dependencies of target custom_interfaces__rosidl_generator_py[0m
[14.090s] [ 81%] [32mBuilding C object CMakeFiles/custom_interfaces__rosidl_generator_py.dir/rosidl_generator_py/custom_interfaces/msg/_complex_s.c.o[0m
[14.099s] [ 83%] [32mBuilding C object CMakeFiles/custom_interfaces__rosidl_generator_py.dir/rosidl_generator_py/custom_interfaces/srv/_cstm_srv_s.c.o[0m
[14.103s] [ 85%] [32mBuilding C object CMakeFiles/custom_interfaces__rosidl_generator_py.dir/rosidl_generator_py/custom_interfaces/action/_fibonacci_action_s.c.o[0m
[14.480s] [ 87%] [32m[1mLinking C shared library rosidl_generator_py/custom_interfaces/libcustom_interfaces__rosidl_generator_py.so[0m
[14.561s] [ 87%] Built target custom_interfaces__rosidl_generator_py
[14.582s] [35m[1mConsolidate compiler generated dependencies of target custom_interfaces__rosidl_typesupport_introspection_c__pyext[0m
[14.589s] [35m[1mConsolidate compiler generated dependencies of target custom_interfaces__rosidl_typesupport_fastrtps_c__pyext[0m
[14.596s] [35m[1mConsolidate compiler generated dependencies of target custom_interfaces__rosidl_typesupport_c__pyext[0m
[14.612s] [ 89%] [32mBuilding C object CMakeFiles/custom_interfaces__rosidl_typesupport_introspection_c__pyext.dir/rosidl_generator_py/custom_interfaces/_custom_interfaces_s.ep.rosidl_typesupport_introspection_c.c.o[0m
[14.626s] [ 91%] [32mBuilding C object CMakeFiles/custom_interfaces__rosidl_typesupport_fastrtps_c__pyext.dir/rosidl_generator_py/custom_interfaces/_custom_interfaces_s.ep.rosidl_typesupport_fastrtps_c.c.o[0m
[14.645s] [ 93%] [32mBuilding C object CMakeFiles/custom_interfaces__rosidl_typesupport_c__pyext.dir/rosidl_generator_py/custom_interfaces/_custom_interfaces_s.ep.rosidl_typesupport_c.c.o[0m
[14.926s] [ 95%] [32m[1mLinking C shared library rosidl_generator_py/custom_interfaces/custom_interfaces_s__rosidl_typesupport_fastrtps_c.cpython-310-x86_64-linux-gnu.so[0m
[14.926s] [ 97%] [32m[1mLinking C shared library rosidl_generator_py/custom_interfaces/custom_interfaces_s__rosidl_typesupport_introspection_c.cpython-310-x86_64-linux-gnu.so[0m
[14.996s] [ 97%] Built target custom_interfaces__rosidl_typesupport_fastrtps_c__pyext
[15.035s] [ 97%] Built target custom_interfaces__rosidl_typesupport_introspection_c__pyext
[15.035s] [100%] [32m[1mLinking C shared library rosidl_generator_py/custom_interfaces/custom_interfaces_s__rosidl_typesupport_c.cpython-310-x86_64-linux-gnu.so[0m
[15.117s] [100%] Built target custom_interfaces__rosidl_typesupport_c__pyext
[15.141s] Invoked command in '/home/vboxuser/ROS-Learning/src/build/custom_interfaces' returned '0': CMAKE_PREFIX_PATH=${CMAKE_PREFIX_PATH}:/home/vboxuser/ROS-Learning/src/install/first_package:/opt/ros/humble /usr/bin/cmake --build /home/vboxuser/ROS-Learning/src/build/custom_interfaces -- -j4 -l4
[15.158s] Invoking command in '/home/vboxuser/ROS-Learning/src/build/custom_interfaces': CMAKE_PREFIX_PATH=${CMAKE_PREFIX_PATH}:/home/vboxuser/ROS-Learning/src/install/first_package:/opt/ros/humble /usr/bin/cmake --install /home/vboxuser/ROS-Learning/src/build/custom_interfaces
[15.170s] -- Install configuration: ""
[15.170s] -- Installing: /home/vboxuser/ROS-Learning/src/install/custom_interfaces/share/ament_index/resource_index/rosidl_interfaces/custom_interfaces
[15.171s] -- Up-to-date: /home/vboxuser/ROS-Learning/src/install/custom_interfaces/include/custom_interfaces/custom_interfaces
[15.171s] -- Installing: /home/vboxuser/ROS-Learning/src/install/custom_interfaces/include/custom_interfaces/custom_interfaces/action
[15.173s] -- Installing: /home/vboxuser/ROS-Learning/src/install/custom_interfaces/include/custom_interfaces/custom_interfaces/action/fibonacci_action.h
[15.173s] -- Installing: /home/vboxuser/ROS-Learning/src/install/custom_interfaces/include/custom_interfaces/custom_interfaces/action/detail
[15.174s] -- Installing: /home/vboxuser/ROS-Learning/src/install/custom_interfaces/include/custom_interfaces/custom_interfaces/action/detail/fibonacci_action__struct.h
[15.174s] -- Installing: /home/vboxuser/ROS-Learning/src/install/custom_interfaces/include/custom_interfaces/custom_interfaces/action/detail/fibonacci_action__functions.c
[15.174s] -- Installing: /home/vboxuser/ROS-Learning/src/install/custom_interfaces/include/custom_interfaces/custom_interfaces/action/detail/fibonacci_action__type_support.h
[15.175s] -- Installing: /home/vboxuser/ROS-Learning/src/install/custom_interfaces/include/custom_interfaces/custom_interfaces/action/detail/fibonacci_action__functions.h
[15.176s] -- Up-to-date: /home/vboxuser/ROS-Learning/src/install/custom_interfaces/include/custom_interfaces/custom_interfaces/srv
[15.176s] -- Installing: /home/vboxuser/ROS-Learning/src/install/custom_interfaces/include/custom_interfaces/custom_interfaces/srv/cstm_srv.h
[15.176s] -- Up-to-date: /home/vboxuser/ROS-Learning/src/install/custom_interfaces/include/custom_interfaces/custom_interfaces/srv/detail
[15.176s] -- Installing: /home/vboxuser/ROS-Learning/src/install/custom_interfaces/include/custom_interfaces/custom_interfaces/srv/detail/cstm_srv__functions.h
[15.176s] -- Installing: /home/vboxuser/ROS-Learning/src/install/custom_interfaces/include/custom_interfaces/custom_interfaces/srv/detail/cstm_srv__functions.c
[15.178s] -- Installing: /home/vboxuser/ROS-Learning/src/install/custom_interfaces/include/custom_interfaces/custom_interfaces/srv/detail/cstm_srv__type_support.h
[15.178s] -- Installing: /home/vboxuser/ROS-Learning/src/install/custom_interfaces/include/custom_interfaces/custom_interfaces/srv/detail/cstm_srv__struct.h
[15.179s] -- Up-to-date: /home/vboxuser/ROS-Learning/src/install/custom_interfaces/include/custom_interfaces/custom_interfaces/msg
[15.179s] -- Up-to-date: /home/vboxuser/ROS-Learning/src/install/custom_interfaces/include/custom_interfaces/custom_interfaces/msg/rosidl_generator_c__visibility_control.h
[15.179s] -- Installing: /home/vboxuser/ROS-Learning/src/install/custom_interfaces/include/custom_interfaces/custom_interfaces/msg/complex.h
[15.179s] -- Up-to-date: /home/vboxuser/ROS-Learning/src/install/custom_interfaces/include/custom_interfaces/custom_interfaces/msg/detail
[15.180s] -- Installing: /home/vboxuser/ROS-Learning/src/install/custom_interfaces/include/custom_interfaces/custom_interfaces/msg/detail/complex__type_support.h
[15.180s] -- Installing: /home/vboxuser/ROS-Learning/src/install/custom_interfaces/include/custom_interfaces/custom_interfaces/msg/detail/complex__functions.h
[15.180s] -- Installing: /home/vboxuser/ROS-Learning/src/install/custom_interfaces/include/custom_interfaces/custom_interfaces/msg/detail/complex__struct.h
[15.180s] -- Installing: /home/vboxuser/ROS-Learning/src/install/custom_interfaces/include/custom_interfaces/custom_interfaces/msg/detail/complex__functions.c
[15.180s] -- Up-to-date: /home/vboxuser/ROS-Learning/src/install/custom_interfaces/share/custom_interfaces/environment/library_path.sh
[15.180s] -- Installing: /home/vboxuser/ROS-Learning/src/install/custom_interfaces/share/custom_interfaces/environment/library_path.dsv
[15.180s] -- Installing: /home/vboxuser/ROS-Learning/src/install/custom_interfaces/lib/libcustom_interfaces__rosidl_generator_c.so
[15.182s] -- Set runtime path of "/home/vboxuser/ROS-Learning/src/install/custom_interfaces/lib/libcustom_interfaces__rosidl_generator_c.so" to ""
[15.182s] -- Up-to-date: /home/vboxuser/ROS-Learning/src/install/custom_interfaces/include/custom_interfaces/custom_interfaces
[15.183s] -- Up-to-date: /home/vboxuser/ROS-Learning/src/install/custom_interfaces/include/custom_interfaces/custom_interfaces/action
[15.183s] -- Up-to-date: /home/vboxuser/ROS-Learning/src/install/custom_interfaces/include/custom_interfaces/custom_interfaces/action/detail
[15.184s] -- Installing: /home/vboxuser/ROS-Learning/src/install/custom_interfaces/include/custom_interfaces/custom_interfaces/action/detail/fibonacci_action__rosidl_typesupport_fastrtps_c.h
[15.184s] -- Up-to-date: /home/vboxuser/ROS-Learning/src/install/custom_interfaces/include/custom_interfaces/custom_interfaces/srv
[15.184s] -- Up-to-date: /home/vboxuser/ROS-Learning/src/install/custom_interfaces/include/custom_interfaces/custom_interfaces/srv/detail
[15.184s] -- Installing: /home/vboxuser/ROS-Learning/src/install/custom_interfaces/include/custom_interfaces/custom_interfaces/srv/detail/cstm_srv__rosidl_typesupport_fastrtps_c.h
[15.185s] -- Up-to-date: /home/vboxuser/ROS-Learning/src/install/custom_interfaces/include/custom_interfaces/custom_interfaces/msg
[15.187s] -- Up-to-date: /home/vboxuser/ROS-Learning/src/install/custom_interfaces/include/custom_interfaces/custom_interfaces/msg/rosidl_typesupport_fastrtps_c__visibility_control.h
[15.187s] -- Up-to-date: /home/vboxuser/ROS-Learning/src/install/custom_interfaces/include/custom_interfaces/custom_interfaces/msg/detail
[15.187s] -- Installing: /home/vboxuser/ROS-Learning/src/install/custom_interfaces/include/custom_interfaces/custom_interfaces/msg/detail/complex__rosidl_typesupport_fastrtps_c.h
[15.188s] -- Installing: /home/vboxuser/ROS-Learning/src/install/custom_interfaces/lib/libcustom_interfaces__rosidl_typesupport_fastrtps_c.so
[15.189s] -- Set runtime path of "/home/vboxuser/ROS-Learning/src/install/custom_interfaces/lib/libcustom_interfaces__rosidl_typesupport_fastrtps_c.so" to ""
[15.189s] -- Up-to-date: /home/vboxuser/ROS-Learning/src/install/custom_interfaces/include/custom_interfaces/custom_interfaces
[15.189s] -- Up-to-date: /home/vboxuser/ROS-Learning/src/install/custom_interfaces/include/custom_interfaces/custom_interfaces/action
[15.189s] -- Up-to-date: /home/vboxuser/ROS-Learning/src/install/custom_interfaces/include/custom_interfaces/custom_interfaces/action/detail
[15.190s] -- Installing: /home/vboxuser/ROS-Learning/src/install/custom_interfaces/include/custom_interfaces/custom_interfaces/action/detail/fibonacci_action__type_support.c
[15.191s] -- Installing: /home/vboxuser/ROS-Learning/src/install/custom_interfaces/include/custom_interfaces/custom_interfaces/action/detail/fibonacci_action__rosidl_typesupport_introspection_c.h
[15.191s] -- Up-to-date: /home/vboxuser/ROS-Learning/src/install/custom_interfaces/include/custom_interfaces/custom_interfaces/srv
[15.192s] -- Up-to-date: /home/vboxuser/ROS-Learning/src/install/custom_interfaces/include/custom_interfaces/custom_interfaces/srv/detail
[15.192s] -- Installing: /home/vboxuser/ROS-Learning/src/install/custom_interfaces/include/custom_interfaces/custom_interfaces/srv/detail/cstm_srv__rosidl_typesupport_introspection_c.h
[15.192s] -- Installing: /home/vboxuser/ROS-Learning/src/install/custom_interfaces/include/custom_interfaces/custom_interfaces/srv/detail/cstm_srv__type_support.c
[15.192s] -- Up-to-date: /home/vboxuser/ROS-Learning/src/install/custom_interfaces/include/custom_interfaces/custom_interfaces/msg
[15.192s] -- Up-to-date: /home/vboxuser/ROS-Learning/src/install/custom_interfaces/include/custom_interfaces/custom_interfaces/msg/rosidl_typesupport_introspection_c__visibility_control.h
[15.192s] -- Up-to-date: /home/vboxuser/ROS-Learning/src/install/custom_interfaces/include/custom_interfaces/custom_interfaces/msg/detail
[15.193s] -- Installing: /home/vboxuser/ROS-Learning/src/install/custom_interfaces/include/custom_interfaces/custom_interfaces/msg/detail/complex__rosidl_typesupport_introspection_c.h
[15.193s] -- Installing: /home/vboxuser/ROS-Learning/src/install/custom_interfaces/include/custom_interfaces/custom_interfaces/msg/detail/complex__type_support.c
[15.193s] -- Installing: /home/vboxuser/ROS-Learning/src/install/custom_interfaces/lib/libcustom_interfaces__rosidl_typesupport_introspection_c.so
[15.193s] -- Set runtime path of "/home/vboxuser/ROS-Learning/src/install/custom_interfaces/lib/libcustom_interfaces__rosidl_typesupport_introspection_c.so" to ""
[15.193s] -- Installing: /home/vboxuser/ROS-Learning/src/install/custom_interfaces/lib/libcustom_interfaces__rosidl_typesupport_c.so
[15.193s] -- Set runtime path of "/home/vboxuser/ROS-Learning/src/install/custom_interfaces/lib/libcustom_interfaces__rosidl_typesupport_c.so" to ""
[15.193s] -- Up-to-date: /home/vboxuser/ROS-Learning/src/install/custom_interfaces/include/custom_interfaces/custom_interfaces
[15.195s] -- Up-to-date: /home/vboxuser/ROS-Learning/src/install/custom_interfaces/include/custom_interfaces/custom_interfaces/action
[15.195s] -- Installing: /home/vboxuser/ROS-Learning/src/install/custom_interfaces/include/custom_interfaces/custom_interfaces/action/fibonacci_action.hpp
[15.196s] -- Up-to-date: /home/vboxuser/ROS-Learning/src/install/custom_interfaces/include/custom_interfaces/custom_interfaces/action/detail
[15.196s] -- Installing: /home/vboxuser/ROS-Learning/src/install/custom_interfaces/include/custom_interfaces/custom_interfaces/action/detail/fibonacci_action__builder.hpp
[15.196s] -- Installing: /home/vboxuser/ROS-Learning/src/install/custom_interfaces/include/custom_interfaces/custom_interfaces/action/detail/fibonacci_action__type_support.hpp
[15.197s] -- Installing: /home/vboxuser/ROS-Learning/src/install/custom_interfaces/include/custom_interfaces/custom_interfaces/action/detail/fibonacci_action__traits.hpp
[15.197s] -- Installing: /home/vboxuser/ROS-Learning/src/install/custom_interfaces/include/custom_interfaces/custom_interfaces/action/detail/fibonacci_action__struct.hpp
[15.197s] -- Up-to-date: /home/vboxuser/ROS-Learning/src/install/custom_interfaces/include/custom_interfaces/custom_interfaces/srv
[15.197s] -- Installing: /home/vboxuser/ROS-Learning/src/install/custom_interfaces/include/custom_interfaces/custom_interfaces/srv/cstm_srv.hpp
[15.198s] -- Up-to-date: /home/vboxuser/ROS-Learning/src/install/custom_interfaces/include/custom_interfaces/custom_interfaces/srv/detail
[15.198s] -- Installing: /home/vboxuser/ROS-Learning/src/install/custom_interfaces/include/custom_interfaces/custom_interfaces/srv/detail/cstm_srv__type_support.hpp
[15.198s] -- Installing: /home/vboxuser/ROS-Learning/src/install/custom_interfaces/include/custom_interfaces/custom_interfaces/srv/detail/cstm_srv__builder.hpp
[15.198s] -- Installing: /home/vboxuser/ROS-Learning/src/install/custom_interfaces/include/custom_interfaces/custom_interfaces/srv/detail/cstm_srv__struct.hpp
[15.198s] -- Installing: /home/vboxuser/ROS-Learning/src/install/custom_interfaces/include/custom_interfaces/custom_interfaces/srv/detail/cstm_srv__traits.hpp
[15.198s] -- Up-to-date: /home/vboxuser/ROS-Learning/src/install/custom_interfaces/include/custom_interfaces/custom_interfaces/msg
[15.198s] -- Up-to-date: /home/vboxuser/ROS-Learning/src/install/custom_interfaces/include/custom_interfaces/custom_interfaces/msg/rosidl_generator_cpp__visibility_control.hpp
[15.198s] -- Installing: /home/vboxuser/ROS-Learning/src/install/custom_interfaces/include/custom_interfaces/custom_interfaces/msg/complex.hpp
[15.199s] -- Up-to-date: /home/vboxuser/ROS-Learning/src/install/custom_interfaces/include/custom_interfaces/custom_interfaces/msg/detail
[15.200s] -- Installing: /home/vboxuser/ROS-Learning/src/install/custom_interfaces/include/custom_interfaces/custom_interfaces/msg/detail/complex__struct.hpp
[15.200s] -- Installing: /home/vboxuser/ROS-Learning/src/install/custom_interfaces/include/custom_interfaces/custom_interfaces/msg/detail/complex__traits.hpp
[15.200s] -- Installing: /home/vboxuser/ROS-Learning/src/install/custom_interfaces/include/custom_interfaces/custom_interfaces/msg/detail/complex__builder.hpp
[15.200s] -- Installing: /home/vboxuser/ROS-Learning/src/install/custom_interfaces/include/custom_interfaces/custom_interfaces/msg/detail/complex__type_support.hpp
[15.200s] -- Up-to-date: /home/vboxuser/ROS-Learning/src/install/custom_interfaces/include/custom_interfaces/custom_interfaces
[15.201s] -- Up-to-date: /home/vboxuser/ROS-Learning/src/install/custom_interfaces/include/custom_interfaces/custom_interfaces/action
[15.201s] -- Up-to-date: /home/vboxuser/ROS-Learning/src/install/custom_interfaces/include/custom_interfaces/custom_interfaces/action/detail
[15.202s] -- Installing: /home/vboxuser/ROS-Learning/src/install/custom_interfaces/include/custom_interfaces/custom_interfaces/action/detail/dds_fastrtps
[15.202s] -- Installing: /home/vboxuser/ROS-Learning/src/install/custom_interfaces/include/custom_interfaces/custom_interfaces/action/detail/fibonacci_action__rosidl_typesupport_fastrtps_cpp.hpp
[15.202s] -- Up-to-date: /home/vboxuser/ROS-Learning/src/install/custom_interfaces/include/custom_interfaces/custom_interfaces/srv
[15.202s] -- Up-to-date: /home/vboxuser/ROS-Learning/src/install/custom_interfaces/include/custom_interfaces/custom_interfaces/srv/detail
[15.202s] -- Up-to-date: /home/vboxuser/ROS-Learning/src/install/custom_interfaces/include/custom_interfaces/custom_interfaces/srv/detail/dds_fastrtps
[15.202s] -- Installing: /home/vboxuser/ROS-Learning/src/install/custom_interfaces/include/custom_interfaces/custom_interfaces/srv/detail/cstm_srv__rosidl_typesupport_fastrtps_cpp.hpp
[15.203s] -- Up-to-date: /home/vboxuser/ROS-Learning/src/install/custom_interfaces/include/custom_interfaces/custom_interfaces/msg
[15.203s] -- Up-to-date: /home/vboxuser/ROS-Learning/src/install/custom_interfaces/include/custom_interfaces/custom_interfaces/msg/rosidl_typesupport_fastrtps_cpp__visibility_control.h
[15.204s] -- Up-to-date: /home/vboxuser/ROS-Learning/src/install/custom_interfaces/include/custom_interfaces/custom_interfaces/msg/detail
[15.204s] -- Up-to-date: /home/vboxuser/ROS-Learning/src/install/custom_interfaces/include/custom_interfaces/custom_interfaces/msg/detail/dds_fastrtps
[15.204s] -- Installing: /home/vboxuser/ROS-Learning/src/install/custom_interfaces/include/custom_interfaces/custom_interfaces/msg/detail/complex__rosidl_typesupport_fastrtps_cpp.hpp
[15.204s] -- Installing: /home/vboxuser/ROS-Learning/src/install/custom_interfaces/lib/libcustom_interfaces__rosidl_typesupport_fastrtps_cpp.so
[15.205s] -- Set runtime path of "/home/vboxuser/ROS-Learning/src/install/custom_interfaces/lib/libcustom_interfaces__rosidl_typesupport_fastrtps_cpp.so" to ""
[15.205s] -- Up-to-date: /home/vboxuser/ROS-Learning/src/install/custom_interfaces/include/custom_interfaces/custom_interfaces
[15.205s] -- Up-to-date: /home/vboxuser/ROS-Learning/src/install/custom_interfaces/include/custom_interfaces/custom_interfaces/action
[15.206s] -- Up-to-date: /home/vboxuser/ROS-Learning/src/install/custom_interfaces/include/custom_interfaces/custom_interfaces/action/detail
[15.206s] -- Installing: /home/vboxuser/ROS-Learning/src/install/custom_interfaces/include/custom_interfaces/custom_interfaces/action/detail/fibonacci_action__rosidl_typesupport_introspection_cpp.hpp
[15.206s] -- Installing: /home/vboxuser/ROS-Learning/src/install/custom_interfaces/include/custom_interfaces/custom_interfaces/action/detail/fibonacci_action__type_support.cpp
[15.206s] -- Up-to-date: /home/vboxuser/ROS-Learning/src/install/custom_interfaces/include/custom_interfaces/custom_interfaces/srv
[15.206s] -- Up-to-date: /home/vboxuser/ROS-Learning/src/install/custom_interfaces/include/custom_interfaces/custom_interfaces/srv/detail
[15.206s] -- Installing: /home/vboxuser/ROS-Learning/src/install/custom_interfaces/include/custom_interfaces/custom_interfaces/srv/detail/cstm_srv__type_support.cpp
[15.206s] -- Installing: /home/vboxuser/ROS-Learning/src/install/custom_interfaces/include/custom_interfaces/custom_interfaces/srv/detail/cstm_srv__rosidl_typesupport_introspection_cpp.hpp
[15.208s] -- Up-to-date: /home/vboxuser/ROS-Learning/src/install/custom_interfaces/include/custom_interfaces/custom_interfaces/msg
[15.208s] -- Up-to-date: /home/vboxuser/ROS-Learning/src/install/custom_interfaces/include/custom_interfaces/custom_interfaces/msg/detail
[15.208s] -- Installing: /home/vboxuser/ROS-Learning/src/install/custom_interfaces/include/custom_interfaces/custom_interfaces/msg/detail/complex__rosidl_typesupport_introspection_cpp.hpp
[15.209s] -- Installing: /home/vboxuser/ROS-Learning/src/install/custom_interfaces/include/custom_interfaces/custom_interfaces/msg/detail/complex__type_support.cpp
[15.209s] -- Installing: /home/vboxuser/ROS-Learning/src/install/custom_interfaces/lib/libcustom_interfaces__rosidl_typesupport_introspection_cpp.so
[15.209s] -- Set runtime path of "/home/vboxuser/ROS-Learning/src/install/custom_interfaces/lib/libcustom_interfaces__rosidl_typesupport_introspection_cpp.so" to ""
[15.210s] -- Installing: /home/vboxuser/ROS-Learning/src/install/custom_interfaces/lib/libcustom_interfaces__rosidl_typesupport_cpp.so
[15.210s] -- Set runtime path of "/home/vboxuser/ROS-Learning/src/install/custom_interfaces/lib/libcustom_interfaces__rosidl_typesupport_cpp.so" to ""
[15.211s] -- Up-to-date: /home/vboxuser/ROS-Learning/src/install/custom_interfaces/share/custom_interfaces/environment/pythonpath.sh
[15.211s] -- Installing: /home/vboxuser/ROS-Learning/src/install/custom_interfaces/share/custom_interfaces/environment/pythonpath.dsv
[15.211s] -- Up-to-date: /home/vboxuser/ROS-Learning/src/install/custom_interfaces/local/lib/python3.10/dist-packages/custom_interfaces-0.0.0-py3.10.egg-info
[15.212s] -- Installing: /home/vboxuser/ROS-Learning/src/install/custom_interfaces/local/lib/python3.10/dist-packages/custom_interfaces-0.0.0-py3.10.egg-info/SOURCES.txt
[15.212s] -- Installing: /home/vboxuser/ROS-Learning/src/install/custom_interfaces/local/lib/python3.10/dist-packages/custom_interfaces-0.0.0-py3.10.egg-info/top_level.txt
[15.212s] -- Installing: /home/vboxuser/ROS-Learning/src/install/custom_interfaces/local/lib/python3.10/dist-packages/custom_interfaces-0.0.0-py3.10.egg-info/PKG-INFO
[15.212s] -- Installing: /home/vboxuser/ROS-Learning/src/install/custom_interfaces/local/lib/python3.10/dist-packages/custom_interfaces-0.0.0-py3.10.egg-info/dependency_links.txt
[15.213s] -- Up-to-date: /home/vboxuser/ROS-Learning/src/install/custom_interfaces/local/lib/python3.10/dist-packages/custom_interfaces
[15.213s] -- Installing: /home/vboxuser/ROS-Learning/src/install/custom_interfaces/local/lib/python3.10/dist-packages/custom_interfaces/__init__.py
[15.214s] -- Installing: /home/vboxuser/ROS-Learning/src/install/custom_interfaces/local/lib/python3.10/dist-packages/custom_interfaces/action
[15.214s] -- Installing: /home/vboxuser/ROS-Learning/src/install/custom_interfaces/local/lib/python3.10/dist-packages/custom_interfaces/action/__init__.py
[15.214s] -- Installing: /home/vboxuser/ROS-Learning/src/install/custom_interfaces/local/lib/python3.10/dist-packages/custom_interfaces/action/_fibonacci_action_s.c
[15.214s] -- Installing: /home/vboxuser/ROS-Learning/src/install/custom_interfaces/local/lib/python3.10/dist-packages/custom_interfaces/action/_fibonacci_action.py
[15.215s] -- Installing: /home/vboxuser/ROS-Learning/src/install/custom_interfaces/local/lib/python3.10/dist-packages/custom_interfaces/custom_interfaces_s__rosidl_typesupport_c.cpython-310-x86_64-linux-gnu.so
[15.215s] -- Installing: /home/vboxuser/ROS-Learning/src/install/custom_interfaces/local/lib/python3.10/dist-packages/custom_interfaces/_custom_interfaces_s.ep.rosidl_typesupport_c.c
[15.215s] -- Up-to-date: /home/vboxuser/ROS-Learning/src/install/custom_interfaces/local/lib/python3.10/dist-packages/custom_interfaces/srv
[15.215s] -- Installing: /home/vboxuser/ROS-Learning/src/install/custom_interfaces/local/lib/python3.10/dist-packages/custom_interfaces/srv/__init__.py
[15.215s] -- Installing: /home/vboxuser/ROS-Learning/src/install/custom_interfaces/local/lib/python3.10/dist-packages/custom_interfaces/srv/_cstm_srv_s.c
[15.215s] -- Installing: /home/vboxuser/ROS-Learning/src/install/custom_interfaces/local/lib/python3.10/dist-packages/custom_interfaces/srv/_cstm_srv.py
[15.215s] -- Installing: /home/vboxuser/ROS-Learning/src/install/custom_interfaces/local/lib/python3.10/dist-packages/custom_interfaces/custom_interfaces_s__rosidl_typesupport_fastrtps_c.cpython-310-x86_64-linux-gnu.so
[15.216s] -- Installing: /home/vboxuser/ROS-Learning/src/install/custom_interfaces/local/lib/python3.10/dist-packages/custom_interfaces/_custom_interfaces_s.ep.rosidl_typesupport_fastrtps_c.c
[15.216s] -- Installing: /home/vboxuser/ROS-Learning/src/install/custom_interfaces/local/lib/python3.10/dist-packages/custom_interfaces/custom_interfaces_s__rosidl_typesupport_introspection_c.cpython-310-x86_64-linux-gnu.so
[15.216s] -- Up-to-date: /home/vboxuser/ROS-Learning/src/install/custom_interfaces/local/lib/python3.10/dist-packages/custom_interfaces/msg
[15.216s] -- Installing: /home/vboxuser/ROS-Learning/src/install/custom_interfaces/local/lib/python3.10/dist-packages/custom_interfaces/msg/__init__.py
[15.216s] -- Installing: /home/vboxuser/ROS-Learning/src/install/custom_interfaces/local/lib/python3.10/dist-packages/custom_interfaces/msg/_complex.py
[15.216s] -- Installing: /home/vboxuser/ROS-Learning/src/install/custom_interfaces/local/lib/python3.10/dist-packages/custom_interfaces/msg/_complex_s.c
[15.218s] -- Installing: /home/vboxuser/ROS-Learning/src/install/custom_interfaces/local/lib/python3.10/dist-packages/custom_interfaces/libcustom_interfaces__rosidl_generator_py.so
[15.219s] -- Installing: /home/vboxuser/ROS-Learning/src/install/custom_interfaces/local/lib/python3.10/dist-packages/custom_interfaces/_custom_interfaces_s.ep.rosidl_typesupport_introspection_c.c
[15.291s] Listing '/home/vboxuser/ROS-Learning/src/install/custom_interfaces/local/lib/python3.10/dist-packages/custom_interfaces'...
[15.294s] Compiling '/home/vboxuser/ROS-Learning/src/install/custom_interfaces/local/lib/python3.10/dist-packages/custom_interfaces/__init__.py'...
[15.294s] Listing '/home/vboxuser/ROS-Learning/src/install/custom_interfaces/local/lib/python3.10/dist-packages/custom_interfaces/action'...
[15.294s] Compiling '/home/vboxuser/ROS-Learning/src/install/custom_interfaces/local/lib/python3.10/dist-packages/custom_interfaces/action/__init__.py'...
[15.294s] Compiling '/home/vboxuser/ROS-Learning/src/install/custom_interfaces/local/lib/python3.10/dist-packages/custom_interfaces/action/_fibonacci_action.py'...
[15.294s] Listing '/home/vboxuser/ROS-Learning/src/install/custom_interfaces/local/lib/python3.10/dist-packages/custom_interfaces/msg'...
[15.294s] Compiling '/home/vboxuser/ROS-Learning/src/install/custom_interfaces/local/lib/python3.10/dist-packages/custom_interfaces/msg/__init__.py'...
[15.295s] Compiling '/home/vboxuser/ROS-Learning/src/install/custom_interfaces/local/lib/python3.10/dist-packages/custom_interfaces/msg/_complex.py'...
[15.295s] Listing '/home/vboxuser/ROS-Learning/src/install/custom_interfaces/local/lib/python3.10/dist-packages/custom_interfaces/srv'...
[15.295s] Compiling '/home/vboxuser/ROS-Learning/src/install/custom_interfaces/local/lib/python3.10/dist-packages/custom_interfaces/srv/__init__.py'...
[15.295s] Compiling '/home/vboxuser/ROS-Learning/src/install/custom_interfaces/local/lib/python3.10/dist-packages/custom_interfaces/srv/_cstm_srv.py'...
[15.304s] -- Installing: /home/vboxuser/ROS-Learning/src/install/custom_interfaces/local/lib/python3.10/dist-packages/custom_interfaces/custom_interfaces_s__rosidl_typesupport_fastrtps_c.cpython-310-x86_64-linux-gnu.so
[15.305s] -- Set runtime path of "/home/vboxuser/ROS-Learning/src/install/custom_interfaces/local/lib/python3.10/dist-packages/custom_interfaces/custom_interfaces_s__rosidl_typesupport_fastrtps_c.cpython-310-x86_64-linux-gnu.so" to ""
[15.305s] -- Installing: /home/vboxuser/ROS-Learning/src/install/custom_interfaces/local/lib/python3.10/dist-packages/custom_interfaces/custom_interfaces_s__rosidl_typesupport_introspection_c.cpython-310-x86_64-linux-gnu.so
[15.305s] -- Set runtime path of "/home/vboxuser/ROS-Learning/src/install/custom_interfaces/local/lib/python3.10/dist-packages/custom_interfaces/custom_interfaces_s__rosidl_typesupport_introspection_c.cpython-310-x86_64-linux-gnu.so" to ""
[15.306s] -- Installing: /home/vboxuser/ROS-Learning/src/install/custom_interfaces/local/lib/python3.10/dist-packages/custom_interfaces/custom_interfaces_s__rosidl_typesupport_c.cpython-310-x86_64-linux-gnu.so
[15.306s] -- Set runtime path of "/home/vboxuser/ROS-Learning/src/install/custom_interfaces/local/lib/python3.10/dist-packages/custom_interfaces/custom_interfaces_s__rosidl_typesupport_c.cpython-310-x86_64-linux-gnu.so" to ""
[15.307s] -- Installing: /home/vboxuser/ROS-Learning/src/install/custom_interfaces/lib/libcustom_interfaces__rosidl_generator_py.so
[15.307s] -- Set runtime path of "/home/vboxuser/ROS-Learning/src/install/custom_interfaces/lib/libcustom_interfaces__rosidl_generator_py.so" to ""
[15.308s] -- Up-to-date: /home/vboxuser/ROS-Learning/src/install/custom_interfaces/share/ament_index/resource_index/rust_packages/custom_interfaces
[15.308s] -- Up-to-date: /home/vboxuser/ROS-Learning/src/install/custom_interfaces/share/custom_interfaces/rust
[15.308s] -- Up-to-date: /home/vboxuser/ROS-Learning/src/install/custom_interfaces/share/custom_interfaces/rust/src
[15.311s] -- Installing: /home/vboxuser/ROS-Learning/src/install/custom_interfaces/share/custom_interfaces/rust/src/action
[15.311s] -- Installing: /home/vboxuser/ROS-Learning/src/install/custom_interfaces/share/custom_interfaces/rust/src/action/rmw.rs
[15.311s] -- Up-to-date: /home/vboxuser/ROS-Learning/src/install/custom_interfaces/share/custom_interfaces/rust/src/srv
[15.311s] -- Installing: /home/vboxuser/ROS-Learning/src/install/custom_interfaces/share/custom_interfaces/rust/src/srv/rmw.rs
[15.312s] -- Installing: /home/vboxuser/ROS-Learning/src/install/custom_interfaces/share/custom_interfaces/rust/src/action.rs
[15.312s] -- Installing: /home/vboxuser/ROS-Learning/src/install/custom_interfaces/share/custom_interfaces/rust/src/msg.rs
[15.312s] -- Installing: /home/vboxuser/ROS-Learning/src/install/custom_interfaces/share/custom_interfaces/rust/src/srv.rs
[15.312s] -- Installing: /home/vboxuser/ROS-Learning/src/install/custom_interfaces/share/custom_interfaces/rust/src/lib.rs
[15.312s] -- Up-to-date: /home/vboxuser/ROS-Learning/src/install/custom_interfaces/share/custom_interfaces/rust/src/msg
[15.312s] -- Installing: /home/vboxuser/ROS-Learning/src/install/custom_interfaces/share/custom_interfaces/rust/src/msg/rmw.rs
[15.313s] -- Installing: /home/vboxuser/ROS-Learning/src/install/custom_interfaces/share/custom_interfaces/rust/Cargo.toml
[15.313s] -- Installing: /home/vboxuser/ROS-Learning/src/install/custom_interfaces/share/custom_interfaces/rust/build.rs
[15.313s] -- Up-to-date: /home/vboxuser/ROS-Learning/src/install/custom_interfaces/share/custom_interfaces/msg/Complex.idl
[15.313s] -- Up-to-date: /home/vboxuser/ROS-Learning/src/install/custom_interfaces/share/custom_interfaces/srv/CstmSrv.idl
[15.313s] -- Installing: /home/vboxuser/ROS-Learning/src/install/custom_interfaces/share/custom_interfaces/action/FibonacciAction.idl
[15.313s] -- Up-to-date: /home/vboxuser/ROS-Learning/src/install/custom_interfaces/share/custom_interfaces/msg/Complex.msg
[15.313s] -- Up-to-date: /home/vboxuser/ROS-Learning/src/install/custom_interfaces/share/custom_interfaces/srv/CstmSrv.srv
[15.314s] -- Up-to-date: /home/vboxuser/ROS-Learning/src/install/custom_interfaces/share/custom_interfaces/srv/CstmSrv_Request.msg
[15.314s] -- Up-to-date: /home/vboxuser/ROS-Learning/src/install/custom_interfaces/share/custom_interfaces/srv/CstmSrv_Response.msg
[15.314s] -- Installing: /home/vboxuser/ROS-Learning/src/install/custom_interfaces/share/custom_interfaces/action/FibonacciAction.action
[15.314s] -- Up-to-date: /home/vboxuser/ROS-Learning/src/install/custom_interfaces/share/ament_index/resource_index/package_run_dependencies/custom_interfaces
[15.314s] -- Up-to-date: /home/vboxuser/ROS-Learning/src/install/custom_interfaces/share/ament_index/resource_index/parent_prefix_path/custom_interfaces
[15.314s] -- Up-to-date: /home/vboxuser/ROS-Learning/src/install/custom_interfaces/share/custom_interfaces/environment/ament_prefix_path.sh
[15.314s] -- Installing: /home/vboxuser/ROS-Learning/src/install/custom_interfaces/share/custom_interfaces/environment/ament_prefix_path.dsv
[15.315s] -- Up-to-date: /home/vboxuser/ROS-Learning/src/install/custom_interfaces/share/custom_interfaces/environment/path.sh
[15.315s] -- Installing: /home/vboxuser/ROS-Learning/src/install/custom_interfaces/share/custom_interfaces/environment/path.dsv
[15.315s] -- Up-to-date: /home/vboxuser/ROS-Learning/src/install/custom_interfaces/share/custom_interfaces/local_setup.bash
[15.315s] -- Up-to-date: /home/vboxuser/ROS-Learning/src/install/custom_interfaces/share/custom_interfaces/local_setup.sh
[15.315s] -- Up-to-date: /home/vboxuser/ROS-Learning/src/install/custom_interfaces/share/custom_interfaces/local_setup.zsh
[15.315s] -- Installing: /home/vboxuser/ROS-Learning/src/install/custom_interfaces/share/custom_interfaces/local_setup.dsv
[15.316s] -- Installing: /home/vboxuser/ROS-Learning/src/install/custom_interfaces/share/custom_interfaces/package.dsv
[15.317s] -- Up-to-date: /home/vboxuser/ROS-Learning/src/install/custom_interfaces/share/ament_index/resource_index/packages/custom_interfaces
[15.317s] -- Old export file "/home/vboxuser/ROS-Learning/src/install/custom_interfaces/share/custom_interfaces/cmake/export_custom_interfaces__rosidl_generator_cExport.cmake" will be replaced.  Removing files [/home/vboxuser/ROS-Learning/src/install/custom_interfaces/share/custom_interfaces/cmake/export_custom_interfaces__rosidl_generator_cExport-noconfig.cmake].
[15.317s] -- Installing: /home/vboxuser/ROS-Learning/src/install/custom_interfaces/share/custom_interfaces/cmake/export_custom_interfaces__rosidl_generator_cExport.cmake
[15.317s] -- Installing: /home/vboxuser/ROS-Learning/src/install/custom_interfaces/share/custom_interfaces/cmake/export_custom_interfaces__rosidl_generator_cExport-noconfig.cmake
[15.317s] -- Old export file "/home/vboxuser/ROS-Learning/src/install/custom_interfaces/share/custom_interfaces/cmake/export_custom_interfaces__rosidl_typesupport_fastrtps_cExport.cmake" will be replaced.  Removing files [/home/vboxuser/ROS-Learning/src/install/custom_interfaces/share/custom_interfaces/cmake/export_custom_interfaces__rosidl_typesupport_fastrtps_cExport-noconfig.cmake].
[15.317s] -- Installing: /home/vboxuser/ROS-Learning/src/install/custom_interfaces/share/custom_interfaces/cmake/export_custom_interfaces__rosidl_typesupport_fastrtps_cExport.cmake
[15.318s] -- Installing: /home/vboxuser/ROS-Learning/src/install/custom_interfaces/share/custom_interfaces/cmake/export_custom_interfaces__rosidl_typesupport_fastrtps_cExport-noconfig.cmake
[15.318s] -- Old export file "/home/vboxuser/ROS-Learning/src/install/custom_interfaces/share/custom_interfaces/cmake/custom_interfaces__rosidl_typesupport_introspection_cExport.cmake" will be replaced.  Removing files [/home/vboxuser/ROS-Learning/src/install/custom_interfaces/share/custom_interfaces/cmake/custom_interfaces__rosidl_typesupport_introspection_cExport-noconfig.cmake].
[15.318s] -- Installing: /home/vboxuser/ROS-Learning/src/install/custom_interfaces/share/custom_interfaces/cmake/custom_interfaces__rosidl_typesupport_introspection_cExport.cmake
[15.318s] -- Installing: /home/vboxuser/ROS-Learning/src/install/custom_interfaces/share/custom_interfaces/cmake/custom_interfaces__rosidl_typesupport_introspection_cExport-noconfig.cmake
[15.318s] -- Old export file "/home/vboxuser/ROS-Learning/src/install/custom_interfaces/share/custom_interfaces/cmake/custom_interfaces__rosidl_typesupport_cExport.cmake" will be replaced.  Removing files [/home/vboxuser/ROS-Learning/src/install/custom_interfaces/share/custom_interfaces/cmake/custom_interfaces__rosidl_typesupport_cExport-noconfig.cmake].
[15.318s] -- Installing: /home/vboxuser/ROS-Learning/src/install/custom_interfaces/share/custom_interfaces/cmake/custom_interfaces__rosidl_typesupport_cExport.cmake
[15.318s] -- Installing: /home/vboxuser/ROS-Learning/src/install/custom_interfaces/share/custom_interfaces/cmake/custom_interfaces__rosidl_typesupport_cExport-noconfig.cmake
[15.319s] -- Installing: /home/vboxuser/ROS-Learning/src/install/custom_interfaces/share/custom_interfaces/cmake/export_custom_interfaces__rosidl_generator_cppExport.cmake
[15.319s] -- Old export file "/home/vboxuser/ROS-Learning/src/install/custom_interfaces/share/custom_interfaces/cmake/export_custom_interfaces__rosidl_typesupport_fastrtps_cppExport.cmake" will be replaced.  Removing files [/home/vboxuser/ROS-Learning/src/install/custom_interfaces/share/custom_interfaces/cmake/export_custom_interfaces__rosidl_typesupport_fastrtps_cppExport-noconfig.cmake].
[15.319s] -- Installing: /home/vboxuser/ROS-Learning/src/install/custom_interfaces/share/custom_interfaces/cmake/export_custom_interfaces__rosidl_typesupport_fastrtps_cppExport.cmake
[15.319s] -- Installing: /home/vboxuser/ROS-Learning/src/install/custom_interfaces/share/custom_interfaces/cmake/export_custom_interfaces__rosidl_typesupport_fastrtps_cppExport-noconfig.cmake
[15.319s] -- Old export file "/home/vboxuser/ROS-Learning/src/install/custom_interfaces/share/custom_interfaces/cmake/custom_interfaces__rosidl_typesupport_introspection_cppExport.cmake" will be replaced.  Removing files [/home/vboxuser/ROS-Learning/src/install/custom_interfaces/share/custom_interfaces/cmake/custom_interfaces__rosidl_typesupport_introspection_cppExport-noconfig.cmake].
[15.319s] -- Installing: /home/vboxuser/ROS-Learning/src/install/custom_interfaces/share/custom_interfaces/cmake/custom_interfaces__rosidl_typesupport_introspection_cppExport.cmake
[15.320s] -- Installing: /home/vboxuser/ROS-Learning/src/install/custom_interfaces/share/custom_interfaces/cmake/custom_interfaces__rosidl_typesupport_introspection_cppExport-noconfig.cmake
[15.320s] -- Old export file "/home/vboxuser/ROS-Learning/src/install/custom_interfaces/share/custom_interfaces/cmake/custom_interfaces__rosidl_typesupport_cppExport.cmake" will be replaced.  Removing files [/home/vboxuser/ROS-Learning/src/install/custom_interfaces/share/custom_interfaces/cmake/custom_interfaces__rosidl_typesupport_cppExport-noconfig.cmake].
[15.320s] -- Installing: /home/vboxuser/ROS-Learning/src/install/custom_interfaces/share/custom_interfaces/cmake/custom_interfaces__rosidl_typesupport_cppExport.cmake
[15.320s] -- Installing: /home/vboxuser/ROS-Learning/src/install/custom_interfaces/share/custom_interfaces/cmake/custom_interfaces__rosidl_typesupport_cppExport-noconfig.cmake
[15.320s] -- Old export file "/home/vboxuser/ROS-Learning/src/install/custom_interfaces/share/custom_interfaces/cmake/export_custom_interfaces__rosidl_generator_pyExport.cmake" will be replaced.  Removing files [/home/vboxuser/ROS-Learning/src/install/custom_interfaces/share/custom_interfaces/cmake/export_custom_interfaces__rosidl_generator_pyExport-noconfig.cmake].
[15.320s] -- Installing: /home/vboxuser/ROS-Learning/src/install/custom_interfaces/share/custom_interfaces/cmake/export_custom_interfaces__rosidl_generator_pyExport.cmake
[15.320s] -- Installing: /home/vboxuser/ROS-Learning/src/install/custom_interfaces/share/custom_interfaces/cmake/export_custom_interfaces__rosidl_generator_pyExport-noconfig.cmake
[15.321s] -- Installing: /home/vboxuser/ROS-Learning/src/install/custom_interfaces/share/custom_interfaces/cmake/rosidl_cmake-extras.cmake
[15.321s] -- Installing: /home/vboxuser/ROS-Learning/src/install/custom_interfaces/share/custom_interfaces/cmake/ament_cmake_export_dependencies-extras.cmake
[15.321s] -- Up-to-date: /home/vboxuser/ROS-Learning/src/install/custom_interfaces/share/custom_interfaces/cmake/ament_cmake_export_include_directories-extras.cmake
[15.321s] -- Up-to-date: /home/vboxuser/ROS-Learning/src/install/custom_interfaces/share/custom_interfaces/cmake/ament_cmake_export_libraries-extras.cmake
[15.321s] -- Up-to-date: /home/vboxuser/ROS-Learning/src/install/custom_interfaces/share/custom_interfaces/cmake/ament_cmake_export_targets-extras.cmake
[15.321s] -- Up-to-date: /home/vboxuser/ROS-Learning/src/install/custom_interfaces/share/custom_interfaces/cmake/rosidl_cmake_export_typesupport_targets-extras.cmake
[15.321s] -- Up-to-date: /home/vboxuser/ROS-Learning/src/install/custom_interfaces/share/custom_interfaces/cmake/rosidl_cmake_export_typesupport_libraries-extras.cmake
[15.322s] -- Up-to-date: /home/vboxuser/ROS-Learning/src/install/custom_interfaces/share/custom_interfaces/cmake/rosidl_cmake_aggregate_target-extras.cmake
[15.322s] -- Installing: /home/vboxuser/ROS-Learning/src/install/custom_interfaces/share/custom_interfaces/cmake/custom_interfacesConfig.cmake
[15.322s] -- Up-to-date: /home/vboxuser/ROS-Learning/src/install/custom_interfaces/share/custom_interfaces/cmake/custom_interfacesConfig-version.cmake
[15.322s] -- Up-to-date: /home/vboxuser/ROS-Learning/src/install/custom_interfaces/share/custom_interfaces/package.xml
[15.326s] Invoked command in '/home/vboxuser/ROS-Learning/src/build/custom_interfaces' returned '0': CMAKE_PREFIX_PATH=${CMAKE_PREFIX_PATH}:/home/vboxuser/ROS-Learning/src/install/first_package:/opt/ros/humble /usr/bin/cmake --install /home/vboxuser/ROS-Learning/src/build/custom_interfaces
