[1.405s] Invoking command in '/home/vboxuser/ws_ros_course/src/first_package': PYTHONPATH=/home/vboxuser/ws_ros_course/build/first_package/prefix_override:/usr/lib/python3/dist-packages/colcon_core/task/python/colcon_distutils_commands:/home/vboxuser/ws_ros_course/install/first_package/lib/python3.10/site-packages:${PYTHONPATH} /usr/bin/python3 -W ignore:setup.py install is deprecated -W ignore:easy_install command is deprecated setup.py egg_info --egg-base ../../build/first_package build --build-base /home/vboxuser/ws_ros_course/build/first_package/build install --record /home/vboxuser/ws_ros_course/build/first_package/install.log --install-scripts $base/lib/first_package --single-version-externally-managed install_data
[2.282s] running egg_info
[2.286s] creating ../../build/first_package/first_package.egg-info
[2.287s] writing ../../build/first_package/first_package.egg-info/PKG-INFO
[2.287s] writing dependency_links to ../../build/first_package/first_package.egg-info/dependency_links.txt
[2.287s] writing entry points to ../../build/first_package/first_package.egg-info/entry_points.txt
[2.288s] writing requirements to ../../build/first_package/first_package.egg-info/requires.txt
[2.288s] writing top-level names to ../../build/first_package/first_package.egg-info/top_level.txt
[2.289s] writing manifest file '../../build/first_package/first_package.egg-info/SOURCES.txt'
[2.293s] reading manifest file '../../build/first_package/first_package.egg-info/SOURCES.txt'
[2.297s] writing manifest file '../../build/first_package/first_package.egg-info/SOURCES.txt'
[2.298s] running build
[2.300s] running build_py
[2.301s] creating /home/vboxuser/ws_ros_course/build/first_package/build
[2.302s] creating /home/vboxuser/ws_ros_course/build/first_package/build/lib
[2.303s] creating /home/vboxuser/ws_ros_course/build/first_package/build/lib/first_package
[2.304s] copying first_package/first_node.py -> /home/vboxuser/ws_ros_course/build/first_package/build/lib/first_package
[2.304s] copying first_package/__init__.py -> /home/vboxuser/ws_ros_course/build/first_package/build/lib/first_package
[2.305s] copying first_package/second_node.py -> /home/vboxuser/ws_ros_course/build/first_package/build/lib/first_package
[2.306s] running install
[2.306s] running install_lib
[2.307s] creating /home/vboxuser/ws_ros_course/install/first_package/lib/python3.10/site-packages/first_package
[2.308s] copying /home/vboxuser/ws_ros_course/build/first_package/build/lib/first_package/first_node.py -> /home/vboxuser/ws_ros_course/install/first_package/lib/python3.10/site-packages/first_package
[2.308s] copying /home/vboxuser/ws_ros_course/build/first_package/build/lib/first_package/__init__.py -> /home/vboxuser/ws_ros_course/install/first_package/lib/python3.10/site-packages/first_package
[2.308s] copying /home/vboxuser/ws_ros_course/build/first_package/build/lib/first_package/second_node.py -> /home/vboxuser/ws_ros_course/install/first_package/lib/python3.10/site-packages/first_package
[2.309s] byte-compiling /home/vboxuser/ws_ros_course/install/first_package/lib/python3.10/site-packages/first_package/first_node.py to first_node.cpython-310.pyc
[2.311s] byte-compiling /home/vboxuser/ws_ros_course/install/first_package/lib/python3.10/site-packages/first_package/__init__.py to __init__.cpython-310.pyc
[2.312s] byte-compiling /home/vboxuser/ws_ros_course/install/first_package/lib/python3.10/site-packages/first_package/second_node.py to second_node.cpython-310.pyc
[2.313s] running install_data
[2.314s] creating /home/vboxuser/ws_ros_course/install/first_package/share/ament_index
[2.315s] creating /home/vboxuser/ws_ros_course/install/first_package/share/ament_index/resource_index
[2.315s] creating /home/vboxuser/ws_ros_course/install/first_package/share/ament_index/resource_index/packages
[2.316s] copying resource/first_package -> /home/vboxuser/ws_ros_course/install/first_package/share/ament_index/resource_index/packages
[2.317s] copying package.xml -> /home/vboxuser/ws_ros_course/install/first_package/share/first_package
[2.317s] running install_egg_info
[2.321s] Copying ../../build/first_package/first_package.egg-info to /home/vboxuser/ws_ros_course/install/first_package/lib/python3.10/site-packages/first_package-0.0.0-py3.10.egg-info
[2.324s] running install_scripts
[2.403s] Installing first_publisher script to /home/vboxuser/ws_ros_course/install/first_package/lib/first_package
[2.405s] Installing first_subscriber script to /home/vboxuser/ws_ros_course/install/first_package/lib/first_package
[2.406s] writing list of installed files to '/home/vboxuser/ws_ros_course/build/first_package/install.log'
[2.487s] Invoked command in '/home/vboxuser/ws_ros_course/src/first_package' returned '0': PYTHONPATH=/home/vboxuser/ws_ros_course/build/first_package/prefix_override:/usr/lib/python3/dist-packages/colcon_core/task/python/colcon_distutils_commands:/home/vboxuser/ws_ros_course/install/first_package/lib/python3.10/site-packages:${PYTHONPATH} /usr/bin/python3 -W ignore:setup.py install is deprecated -W ignore:easy_install command is deprecated setup.py egg_info --egg-base ../../build/first_package build --build-base /home/vboxuser/ws_ros_course/build/first_package/build install --record /home/vboxuser/ws_ros_course/build/first_package/install.log --install-scripts $base/lib/first_package --single-version-externally-managed install_data
