[1.255s] Invoking command in '/home/vboxuser/ws_ros_course/src/first_package': PYTHONPATH=/home/vboxuser/ws_ros_course/build/first_package/prefix_override:/usr/lib/python3/dist-packages/colcon_core/task/python/colcon_distutils_commands:/home/vboxuser/ws_ros_course/install/first_package/lib/python3.10/site-packages:${PYTHONPATH} /usr/bin/python3 -W ignore:setup.py install is deprecated -W ignore:easy_install command is deprecated setup.py egg_info --egg-base ../../build/first_package build --build-base /home/vboxuser/ws_ros_course/build/first_package/build install --record /home/vboxuser/ws_ros_course/build/first_package/install.log --install-scripts $base/lib/first_package --single-version-externally-managed install_data
[1.765s] running egg_info
[1.766s] creating ../../build/first_package/first_package.egg-info
[1.767s] writing ../../build/first_package/first_package.egg-info/PKG-INFO
[1.767s] writing dependency_links to ../../build/first_package/first_package.egg-info/dependency_links.txt
[1.769s] writing entry points to ../../build/first_package/first_package.egg-info/entry_points.txt
[1.769s] writing requirements to ../../build/first_package/first_package.egg-info/requires.txt
[1.770s] writing top-level names to ../../build/first_package/first_package.egg-info/top_level.txt
[1.770s] writing manifest file '../../build/first_package/first_package.egg-info/SOURCES.txt'
[1.775s] reading manifest file '../../build/first_package/first_package.egg-info/SOURCES.txt'
[1.776s] writing manifest file '../../build/first_package/first_package.egg-info/SOURCES.txt'
[1.776s] running build
[1.779s] running build_py
[1.780s] creating /home/vboxuser/ws_ros_course/build/first_package/build
[1.780s] creating /home/vboxuser/ws_ros_course/build/first_package/build/lib
[1.780s] creating /home/vboxuser/ws_ros_course/build/first_package/build/lib/first_package
[1.780s] copying first_package/first_node.py -> /home/vboxuser/ws_ros_course/build/first_package/build/lib/first_package
[1.780s] copying first_package/__init__.py -> /home/vboxuser/ws_ros_course/build/first_package/build/lib/first_package
[1.781s] running install
[1.781s] running install_lib
[1.782s] creating /home/vboxuser/ws_ros_course/install/first_package/lib/python3.10/site-packages/first_package
[1.783s] copying /home/vboxuser/ws_ros_course/build/first_package/build/lib/first_package/first_node.py -> /home/vboxuser/ws_ros_course/install/first_package/lib/python3.10/site-packages/first_package
[1.783s] copying /home/vboxuser/ws_ros_course/build/first_package/build/lib/first_package/__init__.py -> /home/vboxuser/ws_ros_course/install/first_package/lib/python3.10/site-packages/first_package
[1.784s] byte-compiling /home/vboxuser/ws_ros_course/install/first_package/lib/python3.10/site-packages/first_package/first_node.py to first_node.cpython-310.pyc
[1.785s] byte-compiling /home/vboxuser/ws_ros_course/install/first_package/lib/python3.10/site-packages/first_package/__init__.py to __init__.cpython-310.pyc
[1.786s] running install_data
[1.786s] creating /home/vboxuser/ws_ros_course/install/first_package/share/ament_index
[1.787s] creating /home/vboxuser/ws_ros_course/install/first_package/share/ament_index/resource_index
[1.787s] creating /home/vboxuser/ws_ros_course/install/first_package/share/ament_index/resource_index/packages
[1.787s] copying resource/first_package -> /home/vboxuser/ws_ros_course/install/first_package/share/ament_index/resource_index/packages
[1.787s] copying package.xml -> /home/vboxuser/ws_ros_course/install/first_package/share/first_package
[1.787s] running install_egg_info
[1.794s] Copying ../../build/first_package/first_package.egg-info to /home/vboxuser/ws_ros_course/install/first_package/lib/python3.10/site-packages/first_package-0.0.0-py3.10.egg-info
[1.796s] running install_scripts
[1.837s] Installing first_node script to /home/vboxuser/ws_ros_course/install/first_package/lib/first_package
[1.838s] writing list of installed files to '/home/vboxuser/ws_ros_course/build/first_package/install.log'
[1.892s] Invoked command in '/home/vboxuser/ws_ros_course/src/first_package' returned '0': PYTHONPATH=/home/vboxuser/ws_ros_course/build/first_package/prefix_override:/usr/lib/python3/dist-packages/colcon_core/task/python/colcon_distutils_commands:/home/vboxuser/ws_ros_course/install/first_package/lib/python3.10/site-packages:${PYTHONPATH} /usr/bin/python3 -W ignore:setup.py install is deprecated -W ignore:easy_install command is deprecated setup.py egg_info --egg-base ../../build/first_package build --build-base /home/vboxuser/ws_ros_course/build/first_package/build install --record /home/vboxuser/ws_ros_course/build/first_package/install.log --install-scripts $base/lib/first_package --single-version-externally-managed install_data
