running egg_info
writing ../build/first_package/first_package.egg-info/PKG-INFO
writing dependency_links to ../build/first_package/first_package.egg-info/dependency_links.txt
writing entry points to ../build/first_package/first_package.egg-info/entry_points.txt
writing requirements to ../build/first_package/first_package.egg-info/requires.txt
writing top-level names to ../build/first_package/first_package.egg-info/top_level.txt
reading manifest file '../build/first_package/first_package.egg-info/SOURCES.txt'
writing manifest file '../build/first_package/first_package.egg-info/SOURCES.txt'
running build
running build_py
copying first_package/servernode.py -> /home/vboxuser/ROS-Learning/src/build/first_package/build/lib/first_package
copying first_package/custommsg.py -> /home/vboxuser/ROS-Learning/src/build/first_package/build/lib/first_package
copying first_package/clientnode.py -> /home/vboxuser/ROS-Learning/src/build/first_package/build/lib/first_package
running install
running install_lib
copying /home/vboxuser/ROS-Learning/src/build/first_package/build/lib/first_package/servernode.py -> /home/vboxuser/ROS-Learning/src/install/first_package/lib/python3.10/site-packages/first_package
copying /home/vboxuser/ROS-Learning/src/build/first_package/build/lib/first_package/custommsg.py -> /home/vboxuser/ROS-Learning/src/install/first_package/lib/python3.10/site-packages/first_package
copying /home/vboxuser/ROS-Learning/src/build/first_package/build/lib/first_package/clientnode.py -> /home/vboxuser/ROS-Learning/src/install/first_package/lib/python3.10/site-packages/first_package
byte-compiling /home/vboxuser/ROS-Learning/src/install/first_package/lib/python3.10/site-packages/first_package/servernode.py to servernode.cpython-310.pyc
byte-compiling /home/vboxuser/ROS-Learning/src/install/first_package/lib/python3.10/site-packages/first_package/custommsg.py to custommsg.cpython-310.pyc
byte-compiling /home/vboxuser/ROS-Learning/src/install/first_package/lib/python3.10/site-packages/first_package/clientnode.py to clientnode.cpython-310.pyc
running install_data
copying package.xml -> /home/vboxuser/ROS-Learning/src/install/first_package/share/first_package
running install_egg_info
removing '/home/vboxuser/ROS-Learning/src/install/first_package/lib/python3.10/site-packages/first_package-0.0.0-py3.10.egg-info' (and everything under it)
Copying ../build/first_package/first_package.egg-info to /home/vboxuser/ROS-Learning/src/install/first_package/lib/python3.10/site-packages/first_package-0.0.0-py3.10.egg-info
running install_scripts
Installing cstm_msg script to /home/vboxuser/ROS-Learning/src/install/first_package/lib/first_package
Installing cstm_srv_client script to /home/vboxuser/ROS-Learning/src/install/first_package/lib/first_package
Installing cstm_srv_server script to /home/vboxuser/ROS-Learning/src/install/first_package/lib/first_package
Installing first_publisher script to /home/vboxuser/ROS-Learning/src/install/first_package/lib/first_package
Installing first_subscriber script to /home/vboxuser/ROS-Learning/src/install/first_package/lib/first_package
writing list of installed files to '/home/vboxuser/ROS-Learning/src/build/first_package/install.log'
