[1.045s] Invoking command in '/home/vboxuser/ROS-Learning/src/first_package': PYTHONPATH=/home/vboxuser/ROS-Learning/src/build/first_package/prefix_override:/usr/lib/python3/dist-packages/colcon_core/task/python/colcon_distutils_commands:/home/vboxuser/ROS-Learning/src/install/first_package/lib/python3.10/site-packages:${PYTHONPATH} /usr/bin/python3 -W ignore:setup.py install is deprecated -W ignore:easy_install command is deprecated setup.py egg_info --egg-base ../build/first_package build --build-base /home/vboxuser/ROS-Learning/src/build/first_package/build install --record /home/vboxuser/ROS-Learning/src/build/first_package/install.log --install-scripts $base/lib/first_package --single-version-externally-managed install_data
[1.490s] running egg_info
[1.492s] writing ../build/first_package/first_package.egg-info/PKG-INFO
[1.493s] writing dependency_links to ../build/first_package/first_package.egg-info/dependency_links.txt
[1.493s] writing entry points to ../build/first_package/first_package.egg-info/entry_points.txt
[1.494s] writing requirements to ../build/first_package/first_package.egg-info/requires.txt
[1.494s] writing top-level names to ../build/first_package/first_package.egg-info/top_level.txt
[1.497s] reading manifest file '../build/first_package/first_package.egg-info/SOURCES.txt'
[1.500s] writing manifest file '../build/first_package/first_package.egg-info/SOURCES.txt'
[1.501s] running build
[1.501s] running build_py
[1.501s] copying first_package/servernode.py -> /home/vboxuser/ROS-Learning/src/build/first_package/build/lib/first_package
[1.501s] copying first_package/custommsg.py -> /home/vboxuser/ROS-Learning/src/build/first_package/build/lib/first_package
[1.502s] copying first_package/clientnode.py -> /home/vboxuser/ROS-Learning/src/build/first_package/build/lib/first_package
[1.502s] running install
[1.503s] running install_lib
[1.508s] copying /home/vboxuser/ROS-Learning/src/build/first_package/build/lib/first_package/servernode.py -> /home/vboxuser/ROS-Learning/src/install/first_package/lib/python3.10/site-packages/first_package
[1.508s] copying /home/vboxuser/ROS-Learning/src/build/first_package/build/lib/first_package/custommsg.py -> /home/vboxuser/ROS-Learning/src/install/first_package/lib/python3.10/site-packages/first_package
[1.508s] copying /home/vboxuser/ROS-Learning/src/build/first_package/build/lib/first_package/clientnode.py -> /home/vboxuser/ROS-Learning/src/install/first_package/lib/python3.10/site-packages/first_package
[1.509s] byte-compiling /home/vboxuser/ROS-Learning/src/install/first_package/lib/python3.10/site-packages/first_package/servernode.py to servernode.cpython-310.pyc
[1.518s] byte-compiling /home/vboxuser/ROS-Learning/src/install/first_package/lib/python3.10/site-packages/first_package/custommsg.py to custommsg.cpython-310.pyc
[1.518s] byte-compiling /home/vboxuser/ROS-Learning/src/install/first_package/lib/python3.10/site-packages/first_package/clientnode.py to clientnode.cpython-310.pyc
[1.519s] running install_data
[1.519s] copying package.xml -> /home/vboxuser/ROS-Learning/src/install/first_package/share/first_package
[1.519s] running install_egg_info
[1.523s] removing '/home/vboxuser/ROS-Learning/src/install/first_package/lib/python3.10/site-packages/first_package-0.0.0-py3.10.egg-info' (and everything under it)
[1.524s] Copying ../build/first_package/first_package.egg-info to /home/vboxuser/ROS-Learning/src/install/first_package/lib/python3.10/site-packages/first_package-0.0.0-py3.10.egg-info
[1.525s] running install_scripts
[1.564s] Installing cstm_msg script to /home/vboxuser/ROS-Learning/src/install/first_package/lib/first_package
[1.564s] Installing cstm_srv_client script to /home/vboxuser/ROS-Learning/src/install/first_package/lib/first_package
[1.565s] Installing cstm_srv_server script to /home/vboxuser/ROS-Learning/src/install/first_package/lib/first_package
[1.565s] Installing first_publisher script to /home/vboxuser/ROS-Learning/src/install/first_package/lib/first_package
[1.565s] Installing first_subscriber script to /home/vboxuser/ROS-Learning/src/install/first_package/lib/first_package
[1.566s] writing list of installed files to '/home/vboxuser/ROS-Learning/src/build/first_package/install.log'
[1.602s] Invoked command in '/home/vboxuser/ROS-Learning/src/first_package' returned '0': PYTHONPATH=/home/vboxuser/ROS-Learning/src/build/first_package/prefix_override:/usr/lib/python3/dist-packages/colcon_core/task/python/colcon_distutils_commands:/home/vboxuser/ROS-Learning/src/install/first_package/lib/python3.10/site-packages:${PYTHONPATH} /usr/bin/python3 -W ignore:setup.py install is deprecated -W ignore:easy_install command is deprecated setup.py egg_info --egg-base ../build/first_package build --build-base /home/vboxuser/ROS-Learning/src/build/first_package/build install --record /home/vboxuser/ROS-Learning/src/build/first_package/install.log --install-scripts $base/lib/first_package --single-version-externally-managed install_data
