running egg_info
creating ../build/first_package/first_package.egg-info
writing ../build/first_package/first_package.egg-info/PKG-INFO
writing dependency_links to ../build/first_package/first_package.egg-info/dependency_links.txt
writing entry points to ../build/first_package/first_package.egg-info/entry_points.txt
writing requirements to ../build/first_package/first_package.egg-info/requires.txt
writing top-level names to ../build/first_package/first_package.egg-info/top_level.txt
writing manifest file '../build/first_package/first_package.egg-info/SOURCES.txt'
reading manifest file '../build/first_package/first_package.egg-info/SOURCES.txt'
writing manifest file '../build/first_package/first_package.egg-info/SOURCES.txt'
running build
running build_py
creating /home/vboxuser/ROS-Learning/src/build/first_package/build
creating /home/vboxuser/ROS-Learning/src/build/first_package/build/lib
creating /home/vboxuser/ROS-Learning/src/build/first_package/build/lib/first_package
copying first_package/first_node.py -> /home/vboxuser/ROS-Learning/src/build/first_package/build/lib/first_package
copying first_package/__init__.py -> /home/vboxuser/ROS-Learning/src/build/first_package/build/lib/first_package
copying first_package/second_node.py -> /home/vboxuser/ROS-Learning/src/build/first_package/build/lib/first_package
running install
running install_lib
creating /home/vboxuser/ROS-Learning/src/install/first_package/lib/python3.10/site-packages/first_package
copying /home/vboxuser/ROS-Learning/src/build/first_package/build/lib/first_package/first_node.py -> /home/vboxuser/ROS-Learning/src/install/first_package/lib/python3.10/site-packages/first_package
copying /home/vboxuser/ROS-Learning/src/build/first_package/build/lib/first_package/__init__.py -> /home/vboxuser/ROS-Learning/src/install/first_package/lib/python3.10/site-packages/first_package
copying /home/vboxuser/ROS-Learning/src/build/first_package/build/lib/first_package/second_node.py -> /home/vboxuser/ROS-Learning/src/install/first_package/lib/python3.10/site-packages/first_package
byte-compiling /home/vboxuser/ROS-Learning/src/install/first_package/lib/python3.10/site-packages/first_package/first_node.py to first_node.cpython-310.pyc
byte-compiling /home/vboxuser/ROS-Learning/src/install/first_package/lib/python3.10/site-packages/first_package/__init__.py to __init__.cpython-310.pyc
byte-compiling /home/vboxuser/ROS-Learning/src/install/first_package/lib/python3.10/site-packages/first_package/second_node.py to second_node.cpython-310.pyc
running install_data
creating /home/vboxuser/ROS-Learning/src/install/first_package/share/ament_index
creating /home/vboxuser/ROS-Learning/src/install/first_package/share/ament_index/resource_index
creating /home/vboxuser/ROS-Learning/src/install/first_package/share/ament_index/resource_index/packages
copying resource/first_package -> /home/vboxuser/ROS-Learning/src/install/first_package/share/ament_index/resource_index/packages
copying package.xml -> /home/vboxuser/ROS-Learning/src/install/first_package/share/first_package
running install_egg_info
Copying ../build/first_package/first_package.egg-info to /home/vboxuser/ROS-Learning/src/install/first_package/lib/python3.10/site-packages/first_package-0.0.0-py3.10.egg-info
running install_scripts
Installing cstm_msg script to /home/vboxuser/ROS-Learning/src/install/first_package/lib/first_package
Installing first_publisher script to /home/vboxuser/ROS-Learning/src/install/first_package/lib/first_package
Installing first_subscriber script to /home/vboxuser/ROS-Learning/src/install/first_package/lib/first_package
writing list of installed files to '/home/vboxuser/ROS-Learning/src/build/first_package/install.log'
