[1.113s] Invoking command in '/home/vboxuser/ROS-Learning/src/first_package': PYTHONPATH=/home/vboxuser/ROS-Learning/src/build/first_package/prefix_override:/usr/lib/python3/dist-packages/colcon_core/task/python/colcon_distutils_commands:/home/vboxuser/ROS-Learning/src/install/first_package/lib/python3.10/site-packages:${PYTHONPATH} /usr/bin/python3 -W ignore:setup.py install is deprecated -W ignore:easy_install command is deprecated setup.py egg_info --egg-base ../build/first_package build --build-base /home/vboxuser/ROS-Learning/src/build/first_package/build install --record /home/vboxuser/ROS-Learning/src/build/first_package/install.log --install-scripts $base/lib/first_package --single-version-externally-managed install_data
[1.589s] running egg_info
[1.590s] creating ../build/first_package/first_package.egg-info
[1.590s] writing ../build/first_package/first_package.egg-info/PKG-INFO
[1.591s] writing dependency_links to ../build/first_package/first_package.egg-info/dependency_links.txt
[1.591s] writing entry points to ../build/first_package/first_package.egg-info/entry_points.txt
[1.592s] writing requirements to ../build/first_package/first_package.egg-info/requires.txt
[1.592s] writing top-level names to ../build/first_package/first_package.egg-info/top_level.txt
[1.593s] writing manifest file '../build/first_package/first_package.egg-info/SOURCES.txt'
[1.597s] reading manifest file '../build/first_package/first_package.egg-info/SOURCES.txt'
[1.598s] writing manifest file '../build/first_package/first_package.egg-info/SOURCES.txt'
[1.598s] running build
[1.598s] running build_py
[1.598s] creating /home/vboxuser/ROS-Learning/src/build/first_package/build
[1.599s] creating /home/vboxuser/ROS-Learning/src/build/first_package/build/lib
[1.599s] creating /home/vboxuser/ROS-Learning/src/build/first_package/build/lib/first_package
[1.599s] copying first_package/first_node.py -> /home/vboxuser/ROS-Learning/src/build/first_package/build/lib/first_package
[1.600s] copying first_package/__init__.py -> /home/vboxuser/ROS-Learning/src/build/first_package/build/lib/first_package
[1.603s] copying first_package/second_node.py -> /home/vboxuser/ROS-Learning/src/build/first_package/build/lib/first_package
[1.603s] running install
[1.603s] running install_lib
[1.603s] creating /home/vboxuser/ROS-Learning/src/install/first_package/lib/python3.10/site-packages/first_package
[1.603s] copying /home/vboxuser/ROS-Learning/src/build/first_package/build/lib/first_package/first_node.py -> /home/vboxuser/ROS-Learning/src/install/first_package/lib/python3.10/site-packages/first_package
[1.603s] copying /home/vboxuser/ROS-Learning/src/build/first_package/build/lib/first_package/__init__.py -> /home/vboxuser/ROS-Learning/src/install/first_package/lib/python3.10/site-packages/first_package
[1.603s] copying /home/vboxuser/ROS-Learning/src/build/first_package/build/lib/first_package/second_node.py -> /home/vboxuser/ROS-Learning/src/install/first_package/lib/python3.10/site-packages/first_package
[1.604s] byte-compiling /home/vboxuser/ROS-Learning/src/install/first_package/lib/python3.10/site-packages/first_package/first_node.py to first_node.cpython-310.pyc
[1.605s] byte-compiling /home/vboxuser/ROS-Learning/src/install/first_package/lib/python3.10/site-packages/first_package/__init__.py to __init__.cpython-310.pyc
[1.605s] byte-compiling /home/vboxuser/ROS-Learning/src/install/first_package/lib/python3.10/site-packages/first_package/second_node.py to second_node.cpython-310.pyc
[1.606s] running install_data
[1.606s] creating /home/vboxuser/ROS-Learning/src/install/first_package/share/ament_index
[1.606s] creating /home/vboxuser/ROS-Learning/src/install/first_package/share/ament_index/resource_index
[1.607s] creating /home/vboxuser/ROS-Learning/src/install/first_package/share/ament_index/resource_index/packages
[1.607s] copying resource/first_package -> /home/vboxuser/ROS-Learning/src/install/first_package/share/ament_index/resource_index/packages
[1.608s] copying package.xml -> /home/vboxuser/ROS-Learning/src/install/first_package/share/first_package
[1.608s] running install_egg_info
[1.612s] Copying ../build/first_package/first_package.egg-info to /home/vboxuser/ROS-Learning/src/install/first_package/lib/python3.10/site-packages/first_package-0.0.0-py3.10.egg-info
[1.613s] running install_scripts
[1.653s] Installing cstm_msg script to /home/vboxuser/ROS-Learning/src/install/first_package/lib/first_package
[1.653s] Installing first_publisher script to /home/vboxuser/ROS-Learning/src/install/first_package/lib/first_package
[1.654s] Installing first_subscriber script to /home/vboxuser/ROS-Learning/src/install/first_package/lib/first_package
[1.655s] writing list of installed files to '/home/vboxuser/ROS-Learning/src/build/first_package/install.log'
[1.695s] Invoked command in '/home/vboxuser/ROS-Learning/src/first_package' returned '0': PYTHONPATH=/home/vboxuser/ROS-Learning/src/build/first_package/prefix_override:/usr/lib/python3/dist-packages/colcon_core/task/python/colcon_distutils_commands:/home/vboxuser/ROS-Learning/src/install/first_package/lib/python3.10/site-packages:${PYTHONPATH} /usr/bin/python3 -W ignore:setup.py install is deprecated -W ignore:easy_install command is deprecated setup.py egg_info --egg-base ../build/first_package build --build-base /home/vboxuser/ROS-Learning/src/build/first_package/build install --record /home/vboxuser/ROS-Learning/src/build/first_package/install.log --install-scripts $base/lib/first_package --single-version-externally-managed install_data
