[0.204s] DEBUG:colcon:Command line arguments: ['/usr/bin/colcon', 'build']
[0.204s] DEBUG:colcon:Parsed command line arguments: Namespace(log_base=None, log_level=None, verb_name='build', build_base='build', install_base='install', merge_install=False, symlink_install=False, test_result_base=None, continue_on_error=False, executor='parallel', parallel_workers=4, event_handlers=None, ignore_user_meta=False, metas=['./colcon.meta'], base_paths=['.'], packages_ignore=None, packages_ignore_regex=None, paths=None, packages_up_to=None, packages_up_to_regex=None, packages_above=None, packages_above_and_dependencies=None, packages_above_depth=None, packages_select_by_dep=None, packages_skip_by_dep=None, packages_skip_up_to=None, packages_select_build_failed=False, packages_skip_build_finished=False, packages_select_test_failures=False, packages_skip_test_passed=False, packages_select=None, packages_skip=None, packages_select_regex=None, packages_skip_regex=None, packages_start=None, packages_end=None, allow_overriding=[], cmake_args=None, cmake_target=None, cmake_target_skip_unavailable=False, cmake_clean_cache=False, cmake_clean_first=False, cmake_force_configure=False, ament_cmake_args=None, catkin_cmake_args=None, catkin_skip_building_tests=False, mixin_files=None, mixin=None, verb_parser=<colcon_mixin.mixin.mixin_argument.MixinArgumentDecorator object at 0x754bf2c49e40>, verb_extension=<colcon_core.verb.build.BuildVerb object at 0x754bf2d5efb0>, main=<bound method BuildVerb.main of <colcon_core.verb.build.BuildVerb object at 0x754bf2d5efb0>>, mixin_verb=('build',))
[0.517s] Level 1:colcon.colcon_core.package_discovery:discover_packages(colcon_meta) check parameters
[0.517s] Level 1:colcon.colcon_core.package_discovery:discover_packages(recursive) check parameters
[0.517s] Level 1:colcon.colcon_core.package_discovery:discover_packages(ignore) check parameters
[0.517s] Level 1:colcon.colcon_core.package_discovery:discover_packages(path) check parameters
[0.518s] Level 1:colcon.colcon_core.package_discovery:discover_packages(colcon_meta) discover
[0.518s] Level 1:colcon.colcon_core.package_discovery:discover_packages(recursive) discover
[0.518s] INFO:colcon.colcon_core.package_discovery:Crawling recursively for packages in '/home/vboxuser/ROS-Learning/src'
[0.518s] Level 1:colcon.colcon_core.package_identification:_identify(.) by extensions ['ignore', 'ignore_ament_install']
[0.518s] Level 1:colcon.colcon_core.package_identification:_identify(.) by extension 'ignore'
[0.518s] Level 1:colcon.colcon_core.package_identification:_identify(.) by extension 'ignore_ament_install'
[0.518s] Level 1:colcon.colcon_core.package_identification:_identify(.) by extensions ['colcon_pkg']
[0.518s] Level 1:colcon.colcon_core.package_identification:_identify(.) by extension 'colcon_pkg'
[0.518s] Level 1:colcon.colcon_core.package_identification:_identify(.) by extensions ['colcon_meta']
[0.519s] Level 1:colcon.colcon_core.package_identification:_identify(.) by extension 'colcon_meta'
[0.519s] Level 1:colcon.colcon_core.package_identification:_identify(.) by extensions ['ros']
[0.519s] Level 1:colcon.colcon_core.package_identification:_identify(.) by extension 'ros'
[0.538s] Level 1:colcon.colcon_core.package_identification:_identify(.) by extensions ['cmake', 'python']
[0.538s] Level 1:colcon.colcon_core.package_identification:_identify(.) by extension 'cmake'
[0.538s] Level 1:colcon.colcon_core.package_identification:_identify(.) by extension 'python'
[0.539s] Level 1:colcon.colcon_core.package_identification:_identify(.) by extensions ['python_setup_py']
[0.539s] Level 1:colcon.colcon_core.package_identification:_identify(.) by extension 'python_setup_py'
[0.539s] Level 1:colcon.colcon_core.package_identification:_identify(build) by extensions ['ignore', 'ignore_ament_install']
[0.539s] Level 1:colcon.colcon_core.package_identification:_identify(build) by extension 'ignore'
[0.539s] Level 1:colcon.colcon_core.package_identification:_identify(build) ignored
[0.539s] Level 1:colcon.colcon_core.package_identification:_identify(custom_interfaces) by extensions ['ignore', 'ignore_ament_install']
[0.539s] Level 1:colcon.colcon_core.package_identification:_identify(custom_interfaces) by extension 'ignore'
[0.540s] Level 1:colcon.colcon_core.package_identification:_identify(custom_interfaces) by extension 'ignore_ament_install'
[0.540s] Level 1:colcon.colcon_core.package_identification:_identify(custom_interfaces) by extensions ['colcon_pkg']
[0.540s] Level 1:colcon.colcon_core.package_identification:_identify(custom_interfaces) by extension 'colcon_pkg'
[0.540s] Level 1:colcon.colcon_core.package_identification:_identify(custom_interfaces) by extensions ['colcon_meta']
[0.540s] Level 1:colcon.colcon_core.package_identification:_identify(custom_interfaces) by extension 'colcon_meta'
[0.540s] Level 1:colcon.colcon_core.package_identification:_identify(custom_interfaces) by extensions ['ros']
[0.540s] Level 1:colcon.colcon_core.package_identification:_identify(custom_interfaces) by extension 'ros'
[0.545s] DEBUG:colcon.colcon_core.package_identification:Package 'custom_interfaces' with type 'ros.ament_cmake' and name 'custom_interfaces'
[0.545s] Level 1:colcon.colcon_core.package_identification:_identify(first_package) by extensions ['ignore', 'ignore_ament_install']
[0.545s] Level 1:colcon.colcon_core.package_identification:_identify(first_package) by extension 'ignore'
[0.545s] Level 1:colcon.colcon_core.package_identification:_identify(first_package) by extension 'ignore_ament_install'
[0.546s] Level 1:colcon.colcon_core.package_identification:_identify(first_package) by extensions ['colcon_pkg']
[0.546s] Level 1:colcon.colcon_core.package_identification:_identify(first_package) by extension 'colcon_pkg'
[0.546s] Level 1:colcon.colcon_core.package_identification:_identify(first_package) by extensions ['colcon_meta']
[0.546s] Level 1:colcon.colcon_core.package_identification:_identify(first_package) by extension 'colcon_meta'
[0.546s] Level 1:colcon.colcon_core.package_identification:_identify(first_package) by extensions ['ros']
[0.546s] Level 1:colcon.colcon_core.package_identification:_identify(first_package) by extension 'ros'
[0.547s] DEBUG:colcon.colcon_core.package_identification:Package 'first_package' with type 'ros.ament_python' and name 'first_package'
[0.547s] Level 1:colcon.colcon_core.package_identification:_identify(install) by extensions ['ignore', 'ignore_ament_install']
[0.547s] Level 1:colcon.colcon_core.package_identification:_identify(install) by extension 'ignore'
[0.548s] Level 1:colcon.colcon_core.package_identification:_identify(install) ignored
[0.548s] Level 1:colcon.colcon_core.package_identification:_identify(log) by extensions ['ignore', 'ignore_ament_install']
[0.548s] Level 1:colcon.colcon_core.package_identification:_identify(log) by extension 'ignore'
[0.548s] Level 1:colcon.colcon_core.package_identification:_identify(log) ignored
[0.548s] Level 1:colcon.colcon_core.package_discovery:discover_packages(recursive) using defaults
[0.548s] Level 1:colcon.colcon_core.package_discovery:discover_packages(ignore) discover
[0.548s] Level 1:colcon.colcon_core.package_discovery:discover_packages(ignore) using defaults
[0.548s] Level 1:colcon.colcon_core.package_discovery:discover_packages(path) discover
[0.548s] Level 1:colcon.colcon_core.package_discovery:discover_packages(path) using defaults
[0.601s] Level 1:colcon.colcon_core.package_discovery:discover_packages(prefix_path) check parameters
[0.601s] Level 1:colcon.colcon_core.package_discovery:discover_packages(prefix_path) discover
[0.604s] DEBUG:colcon.colcon_installed_package_information.package_discovery:Found 2 installed packages in /home/vboxuser/ROS-Learning/src/install
[0.606s] DEBUG:colcon.colcon_installed_package_information.package_discovery:Found 314 installed packages in /opt/ros/humble
[0.610s] Level 1:colcon.colcon_core.package_discovery:discover_packages(prefix_path) using defaults
[0.702s] Level 5:colcon.colcon_core.verb:set package 'custom_interfaces' build argument 'cmake_args' from command line to 'None'
[0.702s] Level 5:colcon.colcon_core.verb:set package 'custom_interfaces' build argument 'cmake_target' from command line to 'None'
[0.702s] Level 5:colcon.colcon_core.verb:set package 'custom_interfaces' build argument 'cmake_target_skip_unavailable' from command line to 'False'
[0.702s] Level 5:colcon.colcon_core.verb:set package 'custom_interfaces' build argument 'cmake_clean_cache' from command line to 'False'
[0.702s] Level 5:colcon.colcon_core.verb:set package 'custom_interfaces' build argument 'cmake_clean_first' from command line to 'False'
[0.702s] Level 5:colcon.colcon_core.verb:set package 'custom_interfaces' build argument 'cmake_force_configure' from command line to 'False'
[0.702s] Level 5:colcon.colcon_core.verb:set package 'custom_interfaces' build argument 'ament_cmake_args' from command line to 'None'
[0.702s] Level 5:colcon.colcon_core.verb:set package 'custom_interfaces' build argument 'catkin_cmake_args' from command line to 'None'
[0.702s] Level 5:colcon.colcon_core.verb:set package 'custom_interfaces' build argument 'catkin_skip_building_tests' from command line to 'False'
[0.703s] DEBUG:colcon.colcon_core.verb:Building package 'custom_interfaces' with the following arguments: {'ament_cmake_args': None, 'build_base': '/home/vboxuser/ROS-Learning/src/build/custom_interfaces', 'catkin_cmake_args': None, 'catkin_skip_building_tests': False, 'cmake_args': None, 'cmake_clean_cache': False, 'cmake_clean_first': False, 'cmake_force_configure': False, 'cmake_target': None, 'cmake_target_skip_unavailable': False, 'install_base': '/home/vboxuser/ROS-Learning/src/install/custom_interfaces', 'merge_install': False, 'path': '/home/vboxuser/ROS-Learning/src/custom_interfaces', 'symlink_install': False, 'test_result_base': None}
[0.703s] Level 5:colcon.colcon_core.verb:set package 'first_package' build argument 'cmake_args' from command line to 'None'
[0.703s] Level 5:colcon.colcon_core.verb:set package 'first_package' build argument 'cmake_target' from command line to 'None'
[0.703s] Level 5:colcon.colcon_core.verb:set package 'first_package' build argument 'cmake_target_skip_unavailable' from command line to 'False'
[0.704s] Level 5:colcon.colcon_core.verb:set package 'first_package' build argument 'cmake_clean_cache' from command line to 'False'
[0.704s] Level 5:colcon.colcon_core.verb:set package 'first_package' build argument 'cmake_clean_first' from command line to 'False'
[0.704s] Level 5:colcon.colcon_core.verb:set package 'first_package' build argument 'cmake_force_configure' from command line to 'False'
[0.704s] Level 5:colcon.colcon_core.verb:set package 'first_package' build argument 'ament_cmake_args' from command line to 'None'
[0.704s] Level 5:colcon.colcon_core.verb:set package 'first_package' build argument 'catkin_cmake_args' from command line to 'None'
[0.704s] Level 5:colcon.colcon_core.verb:set package 'first_package' build argument 'catkin_skip_building_tests' from command line to 'False'
[0.704s] DEBUG:colcon.colcon_core.verb:Building package 'first_package' with the following arguments: {'ament_cmake_args': None, 'build_base': '/home/vboxuser/ROS-Learning/src/build/first_package', 'catkin_cmake_args': None, 'catkin_skip_building_tests': False, 'cmake_args': None, 'cmake_clean_cache': False, 'cmake_clean_first': False, 'cmake_force_configure': False, 'cmake_target': None, 'cmake_target_skip_unavailable': False, 'install_base': '/home/vboxuser/ROS-Learning/src/install/first_package', 'merge_install': False, 'path': '/home/vboxuser/ROS-Learning/src/first_package', 'symlink_install': False, 'test_result_base': None}
[0.704s] INFO:colcon.colcon_core.executor:Executing jobs using 'parallel' executor
[0.706s] DEBUG:colcon.colcon_parallel_executor.executor.parallel:run_until_complete
[0.706s] INFO:colcon.colcon_ros.task.ament_cmake.build:Building ROS package in '/home/vboxuser/ROS-Learning/src/custom_interfaces' with build type 'ament_cmake'
[0.706s] INFO:colcon.colcon_cmake.task.cmake.build:Building CMake package in '/home/vboxuser/ROS-Learning/src/custom_interfaces'
[0.710s] INFO:colcon.colcon_core.plugin_system:Skipping extension 'colcon_core.shell.bat': Not used on non-Windows systems
[0.710s] INFO:colcon.colcon_core.shell:Skip shell extension 'powershell' for command environment: Not usable outside of PowerShell
[0.711s] DEBUG:colcon.colcon_core.shell:Skip shell extension 'dsv' for command environment
[0.729s] DEBUG:colcon.colcon_core.event_handler.log_command:Invoking command in '/home/vboxuser/ROS-Learning/src/build/custom_interfaces': CMAKE_PREFIX_PATH=${CMAKE_PREFIX_PATH}:/home/vboxuser/ROS-Learning/src/install/first_package:/opt/ros/humble /usr/bin/cmake --build /home/vboxuser/ROS-Learning/src/build/custom_interfaces -- -j4 -l4
[15.849s] DEBUG:colcon.colcon_core.event_handler.log_command:Invoked command in '/home/vboxuser/ROS-Learning/src/build/custom_interfaces' returned '0': CMAKE_PREFIX_PATH=${CMAKE_PREFIX_PATH}:/home/vboxuser/ROS-Learning/src/install/first_package:/opt/ros/humble /usr/bin/cmake --build /home/vboxuser/ROS-Learning/src/build/custom_interfaces -- -j4 -l4
[15.867s] DEBUG:colcon.colcon_core.event_handler.log_command:Invoking command in '/home/vboxuser/ROS-Learning/src/build/custom_interfaces': CMAKE_PREFIX_PATH=${CMAKE_PREFIX_PATH}:/home/vboxuser/ROS-Learning/src/install/first_package:/opt/ros/humble /usr/bin/cmake --install /home/vboxuser/ROS-Learning/src/build/custom_interfaces
[16.031s] Level 1:colcon.colcon_core.environment:create_environment_scripts_only(custom_interfaces)
[16.034s] DEBUG:colcon.colcon_core.event_handler.log_command:Invoked command in '/home/vboxuser/ROS-Learning/src/build/custom_interfaces' returned '0': CMAKE_PREFIX_PATH=${CMAKE_PREFIX_PATH}:/home/vboxuser/ROS-Learning/src/install/first_package:/opt/ros/humble /usr/bin/cmake --install /home/vboxuser/ROS-Learning/src/build/custom_interfaces
[16.040s] Level 1:colcon.colcon_core.environment:checking '/home/vboxuser/ROS-Learning/src/install/custom_interfaces' for CMake module files
[16.043s] Level 1:colcon.colcon_core.environment:checking '/home/vboxuser/ROS-Learning/src/install/custom_interfaces' for CMake config files
[16.044s] Level 1:colcon.colcon_core.shell:create_environment_hook('custom_interfaces', 'cmake_prefix_path')
[16.044s] INFO:colcon.colcon_core.shell:Creating environment hook '/home/vboxuser/ROS-Learning/src/install/custom_interfaces/share/custom_interfaces/hook/cmake_prefix_path.ps1'
[16.045s] INFO:colcon.colcon_core.shell:Creating environment descriptor '/home/vboxuser/ROS-Learning/src/install/custom_interfaces/share/custom_interfaces/hook/cmake_prefix_path.dsv'
[16.047s] INFO:colcon.colcon_core.shell:Creating environment hook '/home/vboxuser/ROS-Learning/src/install/custom_interfaces/share/custom_interfaces/hook/cmake_prefix_path.sh'
[16.049s] Level 1:colcon.colcon_core.environment:checking '/home/vboxuser/ROS-Learning/src/install/custom_interfaces/lib'
[16.050s] Level 1:colcon.colcon_core.shell:create_environment_hook('custom_interfaces', 'ld_library_path_lib')
[16.050s] INFO:colcon.colcon_core.shell:Creating environment hook '/home/vboxuser/ROS-Learning/src/install/custom_interfaces/share/custom_interfaces/hook/ld_library_path_lib.ps1'
[16.051s] INFO:colcon.colcon_core.shell:Creating environment descriptor '/home/vboxuser/ROS-Learning/src/install/custom_interfaces/share/custom_interfaces/hook/ld_library_path_lib.dsv'
[16.052s] INFO:colcon.colcon_core.shell:Creating environment hook '/home/vboxuser/ROS-Learning/src/install/custom_interfaces/share/custom_interfaces/hook/ld_library_path_lib.sh'
[16.053s] Level 1:colcon.colcon_core.environment:checking '/home/vboxuser/ROS-Learning/src/install/custom_interfaces/bin'
[16.053s] Level 1:colcon.colcon_core.environment:checking '/home/vboxuser/ROS-Learning/src/install/custom_interfaces/lib/pkgconfig/custom_interfaces.pc'
[16.054s] Level 1:colcon.colcon_core.environment:checking '/home/vboxuser/ROS-Learning/src/install/custom_interfaces/lib/python3.10/site-packages'
[16.054s] Level 1:colcon.colcon_core.environment:checking '/home/vboxuser/ROS-Learning/src/install/custom_interfaces/bin'
[16.057s] INFO:colcon.colcon_core.shell:Creating package script '/home/vboxuser/ROS-Learning/src/install/custom_interfaces/share/custom_interfaces/package.ps1'
[16.060s] INFO:colcon.colcon_core.shell:Creating package descriptor '/home/vboxuser/ROS-Learning/src/install/custom_interfaces/share/custom_interfaces/package.dsv'
[16.061s] INFO:colcon.colcon_core.shell:Creating package script '/home/vboxuser/ROS-Learning/src/install/custom_interfaces/share/custom_interfaces/package.sh'
[16.063s] INFO:colcon.colcon_core.shell:Creating package script '/home/vboxuser/ROS-Learning/src/install/custom_interfaces/share/custom_interfaces/package.bash'
[16.065s] INFO:colcon.colcon_core.shell:Creating package script '/home/vboxuser/ROS-Learning/src/install/custom_interfaces/share/custom_interfaces/package.zsh'
[16.067s] Level 1:colcon.colcon_core.environment:create_file_with_runtime_dependencies(/home/vboxuser/ROS-Learning/src/install/custom_interfaces/share/colcon-core/packages/custom_interfaces)
[16.068s] Level 1:colcon.colcon_core.environment:create_environment_scripts_only(custom_interfaces)
[16.068s] Level 1:colcon.colcon_core.environment:checking '/home/vboxuser/ROS-Learning/src/install/custom_interfaces' for CMake module files
[16.070s] Level 1:colcon.colcon_core.environment:checking '/home/vboxuser/ROS-Learning/src/install/custom_interfaces' for CMake config files
[16.070s] Level 1:colcon.colcon_core.shell:create_environment_hook('custom_interfaces', 'cmake_prefix_path')
[16.071s] INFO:colcon.colcon_core.shell:Creating environment hook '/home/vboxuser/ROS-Learning/src/install/custom_interfaces/share/custom_interfaces/hook/cmake_prefix_path.ps1'
[16.072s] INFO:colcon.colcon_core.shell:Creating environment descriptor '/home/vboxuser/ROS-Learning/src/install/custom_interfaces/share/custom_interfaces/hook/cmake_prefix_path.dsv'
[16.073s] INFO:colcon.colcon_core.shell:Creating environment hook '/home/vboxuser/ROS-Learning/src/install/custom_interfaces/share/custom_interfaces/hook/cmake_prefix_path.sh'
[16.074s] Level 1:colcon.colcon_core.environment:checking '/home/vboxuser/ROS-Learning/src/install/custom_interfaces/lib'
[16.074s] Level 1:colcon.colcon_core.shell:create_environment_hook('custom_interfaces', 'ld_library_path_lib')
[16.074s] INFO:colcon.colcon_core.shell:Creating environment hook '/home/vboxuser/ROS-Learning/src/install/custom_interfaces/share/custom_interfaces/hook/ld_library_path_lib.ps1'
[16.075s] INFO:colcon.colcon_core.shell:Creating environment descriptor '/home/vboxuser/ROS-Learning/src/install/custom_interfaces/share/custom_interfaces/hook/ld_library_path_lib.dsv'
[16.076s] INFO:colcon.colcon_core.shell:Creating environment hook '/home/vboxuser/ROS-Learning/src/install/custom_interfaces/share/custom_interfaces/hook/ld_library_path_lib.sh'
[16.076s] Level 1:colcon.colcon_core.environment:checking '/home/vboxuser/ROS-Learning/src/install/custom_interfaces/bin'
[16.077s] Level 1:colcon.colcon_core.environment:checking '/home/vboxuser/ROS-Learning/src/install/custom_interfaces/lib/pkgconfig/custom_interfaces.pc'
[16.077s] Level 1:colcon.colcon_core.environment:checking '/home/vboxuser/ROS-Learning/src/install/custom_interfaces/lib/python3.10/site-packages'
[16.078s] Level 1:colcon.colcon_core.environment:checking '/home/vboxuser/ROS-Learning/src/install/custom_interfaces/bin'
[16.079s] INFO:colcon.colcon_core.shell:Creating package script '/home/vboxuser/ROS-Learning/src/install/custom_interfaces/share/custom_interfaces/package.ps1'
[16.081s] INFO:colcon.colcon_core.shell:Creating package descriptor '/home/vboxuser/ROS-Learning/src/install/custom_interfaces/share/custom_interfaces/package.dsv'
[16.082s] INFO:colcon.colcon_core.shell:Creating package script '/home/vboxuser/ROS-Learning/src/install/custom_interfaces/share/custom_interfaces/package.sh'
[16.083s] INFO:colcon.colcon_core.shell:Creating package script '/home/vboxuser/ROS-Learning/src/install/custom_interfaces/share/custom_interfaces/package.bash'
[16.084s] INFO:colcon.colcon_core.shell:Creating package script '/home/vboxuser/ROS-Learning/src/install/custom_interfaces/share/custom_interfaces/package.zsh'
[16.085s] Level 1:colcon.colcon_core.environment:create_file_with_runtime_dependencies(/home/vboxuser/ROS-Learning/src/install/custom_interfaces/share/colcon-core/packages/custom_interfaces)
[16.086s] INFO:colcon.colcon_ros.task.ament_python.build:Building ROS package in '/home/vboxuser/ROS-Learning/src/first_package' with build type 'ament_python'
[16.086s] Level 1:colcon.colcon_core.shell:create_environment_hook('first_package', 'ament_prefix_path')
[16.086s] INFO:colcon.colcon_core.shell:Creating environment hook '/home/vboxuser/ROS-Learning/src/install/first_package/share/first_package/hook/ament_prefix_path.ps1'
[16.088s] INFO:colcon.colcon_core.shell:Creating environment descriptor '/home/vboxuser/ROS-Learning/src/install/first_package/share/first_package/hook/ament_prefix_path.dsv'
[16.089s] INFO:colcon.colcon_core.shell:Creating environment hook '/home/vboxuser/ROS-Learning/src/install/first_package/share/first_package/hook/ament_prefix_path.sh'
[16.090s] INFO:colcon.colcon_core.shell:Skip shell extension 'powershell' for command environment: Not usable outside of PowerShell
[16.090s] DEBUG:colcon.colcon_core.shell:Skip shell extension 'dsv' for command environment
[16.652s] INFO:colcon.colcon_core.task.python.build:Building Python package in '/home/vboxuser/ROS-Learning/src/first_package'
[16.653s] INFO:colcon.colcon_core.shell:Skip shell extension 'powershell' for command environment: Not usable outside of PowerShell
[16.653s] DEBUG:colcon.colcon_core.shell:Skip shell extension 'dsv' for command environment
[17.371s] DEBUG:colcon.colcon_core.task.python.build:Available setuptools commands: upload, symlink_data, rotate, register, build_scripts, sdist, develop, install_data, bdist, install, easy_install, install_scripts, bdist_dumb, alias, dist_info, egg_info, saveopts, upload_docs, build_clib, install_egg_info, install_headers, check, build_ext, bdist_rpm, clean, bdist_egg, test, build, build_py, install_lib, setopt
[17.375s] DEBUG:colcon.colcon_core.event_handler.log_command:Invoking command in '/home/vboxuser/ROS-Learning/src/first_package': PYTHONPATH=/home/vboxuser/ROS-Learning/src/build/first_package/prefix_override:/usr/lib/python3/dist-packages/colcon_core/task/python/colcon_distutils_commands:/home/vboxuser/ROS-Learning/src/install/first_package/lib/python3.10/site-packages:${PYTHONPATH} /usr/bin/python3 -W ignore:setup.py install is deprecated -W ignore:easy_install command is deprecated setup.py egg_info --egg-base ../build/first_package build --build-base /home/vboxuser/ROS-Learning/src/build/first_package/build install --record /home/vboxuser/ROS-Learning/src/build/first_package/install.log --install-scripts $base/lib/first_package --single-version-externally-managed install_data
[17.984s] Level 1:colcon.colcon_core.environment:checking '/home/vboxuser/ROS-Learning/src/install/first_package' for CMake module files
[17.985s] Level 1:colcon.colcon_core.environment:checking '/home/vboxuser/ROS-Learning/src/install/first_package' for CMake config files
[17.986s] Level 1:colcon.colcon_core.environment:checking '/home/vboxuser/ROS-Learning/src/install/first_package/lib'
[17.986s] Level 1:colcon.colcon_core.environment:checking '/home/vboxuser/ROS-Learning/src/install/first_package/bin'
[17.986s] Level 1:colcon.colcon_core.environment:checking '/home/vboxuser/ROS-Learning/src/install/first_package/lib/pkgconfig/first_package.pc'
[17.989s] Level 1:colcon.colcon_core.environment:checking '/home/vboxuser/ROS-Learning/src/install/first_package/lib/python3.10/site-packages'
[17.989s] Level 1:colcon.colcon_core.shell:create_environment_hook('first_package', 'pythonpath')
[17.990s] INFO:colcon.colcon_core.shell:Creating environment hook '/home/vboxuser/ROS-Learning/src/install/first_package/share/first_package/hook/pythonpath.ps1'
[17.991s] INFO:colcon.colcon_core.shell:Creating environment descriptor '/home/vboxuser/ROS-Learning/src/install/first_package/share/first_package/hook/pythonpath.dsv'
[17.993s] DEBUG:colcon.colcon_core.event_handler.log_command:Invoked command in '/home/vboxuser/ROS-Learning/src/first_package' returned '0': PYTHONPATH=/home/vboxuser/ROS-Learning/src/build/first_package/prefix_override:/usr/lib/python3/dist-packages/colcon_core/task/python/colcon_distutils_commands:/home/vboxuser/ROS-Learning/src/install/first_package/lib/python3.10/site-packages:${PYTHONPATH} /usr/bin/python3 -W ignore:setup.py install is deprecated -W ignore:easy_install command is deprecated setup.py egg_info --egg-base ../build/first_package build --build-base /home/vboxuser/ROS-Learning/src/build/first_package/build install --record /home/vboxuser/ROS-Learning/src/build/first_package/install.log --install-scripts $base/lib/first_package --single-version-externally-managed install_data
[17.995s] INFO:colcon.colcon_core.shell:Creating environment hook '/home/vboxuser/ROS-Learning/src/install/first_package/share/first_package/hook/pythonpath.sh'
[17.997s] Level 1:colcon.colcon_core.environment:checking '/home/vboxuser/ROS-Learning/src/install/first_package/bin'
[17.998s] Level 1:colcon.colcon_core.environment:create_environment_scripts_only(first_package)
[17.999s] INFO:colcon.colcon_core.shell:Creating package script '/home/vboxuser/ROS-Learning/src/install/first_package/share/first_package/package.ps1'
[18.001s] INFO:colcon.colcon_core.shell:Creating package descriptor '/home/vboxuser/ROS-Learning/src/install/first_package/share/first_package/package.dsv'
[18.002s] INFO:colcon.colcon_core.shell:Creating package script '/home/vboxuser/ROS-Learning/src/install/first_package/share/first_package/package.sh'
[18.004s] INFO:colcon.colcon_core.shell:Creating package script '/home/vboxuser/ROS-Learning/src/install/first_package/share/first_package/package.bash'
[18.005s] INFO:colcon.colcon_core.shell:Creating package script '/home/vboxuser/ROS-Learning/src/install/first_package/share/first_package/package.zsh'
[18.006s] Level 1:colcon.colcon_core.environment:create_file_with_runtime_dependencies(/home/vboxuser/ROS-Learning/src/install/first_package/share/colcon-core/packages/first_package)
[18.008s] DEBUG:colcon.colcon_parallel_executor.executor.parallel:closing loop
[18.009s] DEBUG:colcon.colcon_parallel_executor.executor.parallel:loop closed
[18.009s] DEBUG:colcon.colcon_parallel_executor.executor.parallel:run_until_complete finished with '0'
[18.009s] DEBUG:colcon.colcon_core.event_reactor:joining thread
[18.024s] INFO:colcon.colcon_core.plugin_system:Skipping extension 'colcon_notification.desktop_notification.terminal_notifier': Not used on non-Darwin systems
[18.027s] INFO:colcon.colcon_core.plugin_system:Skipping extension 'colcon_notification.desktop_notification.win32': Not used on non-Windows systems
[18.027s] INFO:colcon.colcon_notification.desktop_notification:Sending desktop notification using 'notify2'
[18.058s] DEBUG:colcon.colcon_core.event_reactor:joined thread
[18.059s] INFO:colcon.colcon_core.shell:Creating prefix script '/home/vboxuser/ROS-Learning/src/install/local_setup.ps1'
[18.064s] INFO:colcon.colcon_core.shell:Creating prefix util module '/home/vboxuser/ROS-Learning/src/install/_local_setup_util_ps1.py'
[18.074s] INFO:colcon.colcon_core.shell:Creating prefix chain script '/home/vboxuser/ROS-Learning/src/install/setup.ps1'
[18.076s] INFO:colcon.colcon_core.shell:Creating prefix script '/home/vboxuser/ROS-Learning/src/install/local_setup.sh'
[18.082s] INFO:colcon.colcon_core.shell:Creating prefix util module '/home/vboxuser/ROS-Learning/src/install/_local_setup_util_sh.py'
[18.083s] INFO:colcon.colcon_core.shell:Creating prefix chain script '/home/vboxuser/ROS-Learning/src/install/setup.sh'
[18.089s] INFO:colcon.colcon_core.shell:Creating prefix script '/home/vboxuser/ROS-Learning/src/install/local_setup.bash'
[18.092s] INFO:colcon.colcon_core.shell:Creating prefix chain script '/home/vboxuser/ROS-Learning/src/install/setup.bash'
[18.095s] INFO:colcon.colcon_core.shell:Creating prefix script '/home/vboxuser/ROS-Learning/src/install/local_setup.zsh'
[18.097s] INFO:colcon.colcon_core.shell:Creating prefix chain script '/home/vboxuser/ROS-Learning/src/install/setup.zsh'
