[0.019s] Invoking command in '/home/vboxuser/ROS-Learning/src/build/custom_interfaces': CMAKE_PREFIX_PATH=${CMAKE_PREFIX_PATH}:/home/vboxuser/ROS-Learning/src/install/first_package:/opt/ros/humble /usr/bin/cmake --build /home/vboxuser/ROS-Learning/src/build/custom_interfaces -- -j4 -l4
[0.056s] -- Found ament_cmake: 1.3.14 (/opt/ros/humble/share/ament_cmake/cmake)
[0.302s] -- Found rosidl_default_generators: 1.2.1 (/opt/ros/humble/share/rosidl_default_generators/cmake)
[0.305s] -- Using all available rosidl_typesupport_c: rosidl_typesupport_fastrtps_c;rosidl_typesupport_introspection_c
[0.309s] -- Found rosidl_adapter: 3.1.9 (/opt/ros/humble/share/rosidl_adapter/cmake)
[0.368s] -- Using all available rosidl_typesupport_cpp: rosidl_typesupport_fastrtps_cpp;rosidl_typesupport_introspection_cpp
[0.841s] -- Found ament_cmake_ros: 0.10.0 (/opt/ros/humble/share/ament_cmake_ros/cmake)
[1.147s] -- Using all available rosidl_typesupport_c: rosidl_typesupport_fastrtps_c;rosidl_typesupport_introspection_c
[1.542s] -- Using all available rosidl_typesupport_cpp: rosidl_typesupport_fastrtps_cpp;rosidl_typesupport_introspection_cpp
[1.576s] -- Found python_cmake_module: 0.10.0 (/opt/ros/humble/share/python_cmake_module/cmake)
[1.609s] -- Using PYTHON_EXECUTABLE: /usr/bin/python3
[1.609s] -- Using PYTHON_INCLUDE_DIRS: /usr/include/python3.10
[1.609s] -- Using PYTHON_LIBRARIES: /usr/lib/x86_64-linux-gnu/libpython3.10.so
[1.720s] -- Found ament_lint_auto: 0.12.15 (/opt/ros/humble/share/ament_lint_auto/cmake)
[1.736s] -- Added test 'lint_cmake' to check CMake code style
[1.738s] -- Added test 'xmllint' to check XML markup files
[1.741s] -- Configuring done
[1.813s] -- Generating done
[1.838s] -- Build files have been written to: /home/vboxuser/ROS-Learning/src/build/custom_interfaces
[1.878s] [  2%] [34m[1mGenerating C code for ROS interfaces[0m
[1.891s] [  5%] [34m[1mGenerating Rust code for ROS interfaces[0m
[1.898s] [  7%] [34m[1mGenerating C++ code for ROS interfaces[0m
[1.904s] [  7%] Built target ament_cmake_python_copy_custom_interfaces
[2.366s] running egg_info
[2.367s] writing custom_interfaces.egg-info/PKG-INFO
[2.368s] writing dependency_links to custom_interfaces.egg-info/dependency_links.txt
[2.368s] writing top-level names to custom_interfaces.egg-info/top_level.txt
[2.372s] reading manifest file 'custom_interfaces.egg-info/SOURCES.txt'
[2.373s] writing manifest file 'custom_interfaces.egg-info/SOURCES.txt'
[2.416s] [  7%] Built target ament_cmake_python_build_custom_interfaces_egg
[2.567s] [  7%] Built target custom_interfaces__rs
[2.630s] [  7%] Built target custom_interfaces__cpp
[2.645s] [ 10%] [34m[1mGenerating C++ type support for eProsima Fast-RTPS[0m
[2.660s] [ 12%] [34m[1mGenerating C++ introspection for ROS interfaces[0m
[2.662s] [35m[1mConsolidate compiler generated dependencies of target custom_interfaces__rosidl_generator_c[0m
[2.669s] [ 15%] [34m[1mGenerating C++ type support dispatch for ROS interfaces[0m
[2.681s] [ 17%] [32mBuilding C object CMakeFiles/custom_interfaces__rosidl_generator_c.dir/rosidl_generator_c/custom_interfaces/msg/detail/complex__functions.c.o[0m
[2.769s] [ 20%] [32mBuilding C object CMakeFiles/custom_interfaces__rosidl_generator_c.dir/rosidl_generator_c/custom_interfaces/srv/detail/cstm_srv__functions.c.o[0m
[2.860s] [ 22%] [32m[1mLinking C shared library libcustom_interfaces__rosidl_generator_c.so[0m
[2.914s] [ 22%] Built target custom_interfaces__rosidl_generator_c
[2.927s] [ 25%] [34m[1mGenerating C type support for eProsima Fast-RTPS[0m
[3.217s] [35m[1mConsolidate compiler generated dependencies of target custom_interfaces__rosidl_typesupport_cpp[0m
[3.234s] [ 27%] [32mBuilding CXX object CMakeFiles/custom_interfaces__rosidl_typesupport_cpp.dir/rosidl_typesupport_cpp/custom_interfaces/msg/complex__type_support.cpp.o[0m
[3.323s] [35m[1mConsolidate compiler generated dependencies of target custom_interfaces__rosidl_typesupport_introspection_cpp[0m
[3.348s] [ 30%] [32mBuilding CXX object CMakeFiles/custom_interfaces__rosidl_typesupport_introspection_cpp.dir/rosidl_typesupport_introspection_cpp/custom_interfaces/msg/detail/complex__type_support.cpp.o[0m
[3.358s] [35m[1mConsolidate compiler generated dependencies of target custom_interfaces__rosidl_typesupport_fastrtps_cpp[0m
[3.384s] [ 32%] [32mBuilding CXX object CMakeFiles/custom_interfaces__rosidl_typesupport_fastrtps_cpp.dir/rosidl_typesupport_fastrtps_cpp/custom_interfaces/msg/detail/dds_fastrtps/complex__type_support.cpp.o[0m
[3.604s] [35m[1mConsolidate compiler generated dependencies of target custom_interfaces__rosidl_typesupport_fastrtps_c[0m
[3.626s] [ 35%] [32mBuilding CXX object CMakeFiles/custom_interfaces__rosidl_typesupport_fastrtps_c.dir/rosidl_typesupport_fastrtps_c/custom_interfaces/msg/detail/complex__type_support_c.cpp.o[0m
[3.635s] [ 37%] [32mBuilding CXX object CMakeFiles/custom_interfaces__rosidl_typesupport_cpp.dir/rosidl_typesupport_cpp/custom_interfaces/srv/cstm_srv__type_support.cpp.o[0m
[3.993s] [ 40%] [32mBuilding CXX object CMakeFiles/custom_interfaces__rosidl_typesupport_fastrtps_cpp.dir/rosidl_typesupport_fastrtps_cpp/custom_interfaces/srv/detail/dds_fastrtps/cstm_srv__type_support.cpp.o[0m
[3.998s] [ 42%] [32mBuilding CXX object CMakeFiles/custom_interfaces__rosidl_typesupport_introspection_cpp.dir/rosidl_typesupport_introspection_cpp/custom_interfaces/srv/detail/cstm_srv__type_support.cpp.o[0m
[4.055s] [ 45%] [32m[1mLinking CXX shared library libcustom_interfaces__rosidl_typesupport_cpp.so[0m
[4.122s] [ 45%] Built target custom_interfaces__rosidl_typesupport_cpp
[4.136s] [ 47%] [34m[1mGenerating C introspection for ROS interfaces[0m
[4.206s] [ 50%] [32mBuilding CXX object CMakeFiles/custom_interfaces__rosidl_typesupport_fastrtps_c.dir/rosidl_typesupport_fastrtps_c/custom_interfaces/srv/detail/cstm_srv__type_support_c.cpp.o[0m
[4.609s] [ 52%] [32m[1mLinking CXX shared library libcustom_interfaces__rosidl_typesupport_introspection_cpp.so[0m
[4.662s] [ 55%] [32m[1mLinking CXX shared library libcustom_interfaces__rosidl_typesupport_fastrtps_cpp.so[0m
[4.689s] [ 55%] Built target custom_interfaces__rosidl_typesupport_introspection_cpp
[4.699s] [ 57%] [34m[1mGenerating C type support dispatch for ROS interfaces[0m
[4.776s] [ 60%] [32m[1mLinking CXX shared library libcustom_interfaces__rosidl_typesupport_fastrtps_c.so[0m
[4.794s] [ 60%] Built target custom_interfaces__rosidl_typesupport_fastrtps_cpp
[4.818s] [35m[1mConsolidate compiler generated dependencies of target custom_interfaces__rosidl_typesupport_introspection_c[0m
[4.832s] [ 62%] [32mBuilding C object CMakeFiles/custom_interfaces__rosidl_typesupport_introspection_c.dir/rosidl_typesupport_introspection_c/custom_interfaces/srv/detail/cstm_srv__type_support.c.o[0m
[4.836s] [ 65%] [32mBuilding C object CMakeFiles/custom_interfaces__rosidl_typesupport_introspection_c.dir/rosidl_typesupport_introspection_c/custom_interfaces/msg/detail/complex__type_support.c.o[0m
[4.896s] [ 67%] [32m[1mLinking C shared library libcustom_interfaces__rosidl_typesupport_introspection_c.so[0m
[4.914s] [ 67%] Built target custom_interfaces__rosidl_typesupport_fastrtps_c
[4.945s] [ 67%] Built target custom_interfaces__rosidl_typesupport_introspection_c
[5.231s] [35m[1mConsolidate compiler generated dependencies of target custom_interfaces__rosidl_typesupport_c[0m
[5.247s] [ 72%] [32mBuilding CXX object CMakeFiles/custom_interfaces__rosidl_typesupport_c.dir/rosidl_typesupport_c/custom_interfaces/srv/cstm_srv__type_support.cpp.o[0m
[5.248s] [ 72%] [32mBuilding CXX object CMakeFiles/custom_interfaces__rosidl_typesupport_c.dir/rosidl_typesupport_c/custom_interfaces/msg/complex__type_support.cpp.o[0m
[5.294s] [ 75%] [32m[1mLinking CXX shared library libcustom_interfaces__rosidl_typesupport_c.so[0m
[5.355s] [ 75%] Built target custom_interfaces__rosidl_typesupport_c
[5.382s] [ 75%] Built target custom_interfaces
[5.412s] [ 77%] [34m[1mGenerating Python code for ROS interfaces[0m
[6.373s] [ 77%] Built target custom_interfaces__py
[6.387s] [35m[1mConsolidate compiler generated dependencies of target custom_interfaces__rosidl_generator_py[0m
[6.410s] [ 82%] [32mBuilding C object CMakeFiles/custom_interfaces__rosidl_generator_py.dir/rosidl_generator_py/custom_interfaces/srv/_cstm_srv_s.c.o[0m
[6.410s] [ 82%] [32mBuilding C object CMakeFiles/custom_interfaces__rosidl_generator_py.dir/rosidl_generator_py/custom_interfaces/msg/_complex_s.c.o[0m
[6.560s] [ 85%] [32m[1mLinking C shared library rosidl_generator_py/custom_interfaces/libcustom_interfaces__rosidl_generator_py.so[0m
[6.616s] [ 85%] Built target custom_interfaces__rosidl_generator_py
[6.633s] [35m[1mConsolidate compiler generated dependencies of target custom_interfaces__rosidl_typesupport_c__pyext[0m
[6.633s] [35m[1mConsolidate compiler generated dependencies of target custom_interfaces__rosidl_typesupport_fastrtps_c__pyext[0m
[6.633s] [35m[1mConsolidate compiler generated dependencies of target custom_interfaces__rosidl_typesupport_introspection_c__pyext[0m
[6.647s] [ 87%] [32mBuilding C object CMakeFiles/custom_interfaces__rosidl_typesupport_fastrtps_c__pyext.dir/rosidl_generator_py/custom_interfaces/_custom_interfaces_s.ep.rosidl_typesupport_fastrtps_c.c.o[0m
[6.650s] [ 90%] [32mBuilding C object CMakeFiles/custom_interfaces__rosidl_typesupport_introspection_c__pyext.dir/rosidl_generator_py/custom_interfaces/_custom_interfaces_s.ep.rosidl_typesupport_introspection_c.c.o[0m
[6.657s] [ 92%] [32mBuilding C object CMakeFiles/custom_interfaces__rosidl_typesupport_c__pyext.dir/rosidl_generator_py/custom_interfaces/_custom_interfaces_s.ep.rosidl_typesupport_c.c.o[0m
[6.806s] [ 95%] [32m[1mLinking C shared library rosidl_generator_py/custom_interfaces/custom_interfaces_s__rosidl_typesupport_introspection_c.cpython-310-x86_64-linux-gnu.so[0m
[6.806s] [ 97%] [32m[1mLinking C shared library rosidl_generator_py/custom_interfaces/custom_interfaces_s__rosidl_typesupport_c.cpython-310-x86_64-linux-gnu.so[0m
[6.851s] [100%] [32m[1mLinking C shared library rosidl_generator_py/custom_interfaces/custom_interfaces_s__rosidl_typesupport_fastrtps_c.cpython-310-x86_64-linux-gnu.so[0m
[6.856s] [100%] Built target custom_interfaces__rosidl_typesupport_introspection_c__pyext
[6.857s] [100%] Built target custom_interfaces__rosidl_typesupport_c__pyext
[6.898s] [100%] Built target custom_interfaces__rosidl_typesupport_fastrtps_c__pyext
[6.917s] Invoked command in '/home/vboxuser/ROS-Learning/src/build/custom_interfaces' returned '0': CMAKE_PREFIX_PATH=${CMAKE_PREFIX_PATH}:/home/vboxuser/ROS-Learning/src/install/first_package:/opt/ros/humble /usr/bin/cmake --build /home/vboxuser/ROS-Learning/src/build/custom_interfaces -- -j4 -l4
[6.932s] Invoking command in '/home/vboxuser/ROS-Learning/src/build/custom_interfaces': CMAKE_PREFIX_PATH=${CMAKE_PREFIX_PATH}:/home/vboxuser/ROS-Learning/src/install/first_package:/opt/ros/humble /usr/bin/cmake --install /home/vboxuser/ROS-Learning/src/build/custom_interfaces
[6.942s] -- Install configuration: ""
[6.942s] -- Installing: /home/vboxuser/ROS-Learning/src/install/custom_interfaces/share/ament_index/resource_index/rosidl_interfaces/custom_interfaces
[6.943s] -- Up-to-date: /home/vboxuser/ROS-Learning/src/install/custom_interfaces/include/custom_interfaces/custom_interfaces
[6.943s] -- Installing: /home/vboxuser/ROS-Learning/src/install/custom_interfaces/include/custom_interfaces/custom_interfaces/srv
[6.943s] -- Installing: /home/vboxuser/ROS-Learning/src/install/custom_interfaces/include/custom_interfaces/custom_interfaces/srv/cstm_srv.h
[6.943s] -- Installing: /home/vboxuser/ROS-Learning/src/install/custom_interfaces/include/custom_interfaces/custom_interfaces/srv/detail
[6.943s] -- Installing: /home/vboxuser/ROS-Learning/src/install/custom_interfaces/include/custom_interfaces/custom_interfaces/srv/detail/cstm_srv__functions.h
[6.943s] -- Installing: /home/vboxuser/ROS-Learning/src/install/custom_interfaces/include/custom_interfaces/custom_interfaces/srv/detail/cstm_srv__functions.c
[6.943s] -- Installing: /home/vboxuser/ROS-Learning/src/install/custom_interfaces/include/custom_interfaces/custom_interfaces/srv/detail/cstm_srv__type_support.h
[6.945s] -- Installing: /home/vboxuser/ROS-Learning/src/install/custom_interfaces/include/custom_interfaces/custom_interfaces/srv/detail/cstm_srv__struct.h
[6.945s] -- Up-to-date: /home/vboxuser/ROS-Learning/src/install/custom_interfaces/include/custom_interfaces/custom_interfaces/msg
[6.945s] -- Up-to-date: /home/vboxuser/ROS-Learning/src/install/custom_interfaces/include/custom_interfaces/custom_interfaces/msg/rosidl_generator_c__visibility_control.h
[6.946s] -- Installing: /home/vboxuser/ROS-Learning/src/install/custom_interfaces/include/custom_interfaces/custom_interfaces/msg/complex.h
[6.946s] -- Up-to-date: /home/vboxuser/ROS-Learning/src/install/custom_interfaces/include/custom_interfaces/custom_interfaces/msg/detail
[6.947s] -- Installing: /home/vboxuser/ROS-Learning/src/install/custom_interfaces/include/custom_interfaces/custom_interfaces/msg/detail/complex__type_support.h
[6.947s] -- Installing: /home/vboxuser/ROS-Learning/src/install/custom_interfaces/include/custom_interfaces/custom_interfaces/msg/detail/complex__functions.h
[6.947s] -- Installing: /home/vboxuser/ROS-Learning/src/install/custom_interfaces/include/custom_interfaces/custom_interfaces/msg/detail/complex__struct.h
[6.948s] -- Installing: /home/vboxuser/ROS-Learning/src/install/custom_interfaces/include/custom_interfaces/custom_interfaces/msg/detail/complex__functions.c
[6.948s] -- Up-to-date: /home/vboxuser/ROS-Learning/src/install/custom_interfaces/share/custom_interfaces/environment/library_path.sh
[6.948s] -- Installing: /home/vboxuser/ROS-Learning/src/install/custom_interfaces/share/custom_interfaces/environment/library_path.dsv
[6.949s] -- Installing: /home/vboxuser/ROS-Learning/src/install/custom_interfaces/lib/libcustom_interfaces__rosidl_generator_c.so
[6.949s] -- Set runtime path of "/home/vboxuser/ROS-Learning/src/install/custom_interfaces/lib/libcustom_interfaces__rosidl_generator_c.so" to ""
[6.949s] -- Up-to-date: /home/vboxuser/ROS-Learning/src/install/custom_interfaces/include/custom_interfaces/custom_interfaces
[6.950s] -- Up-to-date: /home/vboxuser/ROS-Learning/src/install/custom_interfaces/include/custom_interfaces/custom_interfaces/srv
[6.950s] -- Up-to-date: /home/vboxuser/ROS-Learning/src/install/custom_interfaces/include/custom_interfaces/custom_interfaces/srv/detail
[6.951s] -- Installing: /home/vboxuser/ROS-Learning/src/install/custom_interfaces/include/custom_interfaces/custom_interfaces/srv/detail/cstm_srv__rosidl_typesupport_fastrtps_c.h
[6.951s] -- Up-to-date: /home/vboxuser/ROS-Learning/src/install/custom_interfaces/include/custom_interfaces/custom_interfaces/msg
[6.951s] -- Up-to-date: /home/vboxuser/ROS-Learning/src/install/custom_interfaces/include/custom_interfaces/custom_interfaces/msg/rosidl_typesupport_fastrtps_c__visibility_control.h
[6.951s] -- Up-to-date: /home/vboxuser/ROS-Learning/src/install/custom_interfaces/include/custom_interfaces/custom_interfaces/msg/detail
[6.952s] -- Installing: /home/vboxuser/ROS-Learning/src/install/custom_interfaces/include/custom_interfaces/custom_interfaces/msg/detail/complex__rosidl_typesupport_fastrtps_c.h
[6.952s] -- Installing: /home/vboxuser/ROS-Learning/src/install/custom_interfaces/lib/libcustom_interfaces__rosidl_typesupport_fastrtps_c.so
[6.953s] -- Set runtime path of "/home/vboxuser/ROS-Learning/src/install/custom_interfaces/lib/libcustom_interfaces__rosidl_typesupport_fastrtps_c.so" to ""
[6.953s] -- Up-to-date: /home/vboxuser/ROS-Learning/src/install/custom_interfaces/include/custom_interfaces/custom_interfaces
[6.953s] -- Up-to-date: /home/vboxuser/ROS-Learning/src/install/custom_interfaces/include/custom_interfaces/custom_interfaces/srv
[6.954s] -- Up-to-date: /home/vboxuser/ROS-Learning/src/install/custom_interfaces/include/custom_interfaces/custom_interfaces/srv/detail
[6.954s] -- Installing: /home/vboxuser/ROS-Learning/src/install/custom_interfaces/include/custom_interfaces/custom_interfaces/srv/detail/cstm_srv__rosidl_typesupport_introspection_c.h
[6.954s] -- Installing: /home/vboxuser/ROS-Learning/src/install/custom_interfaces/include/custom_interfaces/custom_interfaces/srv/detail/cstm_srv__type_support.c
[6.955s] -- Up-to-date: /home/vboxuser/ROS-Learning/src/install/custom_interfaces/include/custom_interfaces/custom_interfaces/msg
[6.955s] -- Up-to-date: /home/vboxuser/ROS-Learning/src/install/custom_interfaces/include/custom_interfaces/custom_interfaces/msg/rosidl_typesupport_introspection_c__visibility_control.h
[6.955s] -- Up-to-date: /home/vboxuser/ROS-Learning/src/install/custom_interfaces/include/custom_interfaces/custom_interfaces/msg/detail
[6.956s] -- Installing: /home/vboxuser/ROS-Learning/src/install/custom_interfaces/include/custom_interfaces/custom_interfaces/msg/detail/complex__rosidl_typesupport_introspection_c.h
[6.956s] -- Installing: /home/vboxuser/ROS-Learning/src/install/custom_interfaces/include/custom_interfaces/custom_interfaces/msg/detail/complex__type_support.c
[6.956s] -- Installing: /home/vboxuser/ROS-Learning/src/install/custom_interfaces/lib/libcustom_interfaces__rosidl_typesupport_introspection_c.so
[6.956s] -- Set runtime path of "/home/vboxuser/ROS-Learning/src/install/custom_interfaces/lib/libcustom_interfaces__rosidl_typesupport_introspection_c.so" to ""
[6.956s] -- Installing: /home/vboxuser/ROS-Learning/src/install/custom_interfaces/lib/libcustom_interfaces__rosidl_typesupport_c.so
[6.957s] -- Set runtime path of "/home/vboxuser/ROS-Learning/src/install/custom_interfaces/lib/libcustom_interfaces__rosidl_typesupport_c.so" to ""
[6.957s] -- Up-to-date: /home/vboxuser/ROS-Learning/src/install/custom_interfaces/include/custom_interfaces/custom_interfaces
[6.957s] -- Up-to-date: /home/vboxuser/ROS-Learning/src/install/custom_interfaces/include/custom_interfaces/custom_interfaces/srv
[6.958s] -- Installing: /home/vboxuser/ROS-Learning/src/install/custom_interfaces/include/custom_interfaces/custom_interfaces/srv/cstm_srv.hpp
[6.958s] -- Up-to-date: /home/vboxuser/ROS-Learning/src/install/custom_interfaces/include/custom_interfaces/custom_interfaces/srv/detail
[6.958s] -- Installing: /home/vboxuser/ROS-Learning/src/install/custom_interfaces/include/custom_interfaces/custom_interfaces/srv/detail/cstm_srv__type_support.hpp
[6.959s] -- Installing: /home/vboxuser/ROS-Learning/src/install/custom_interfaces/include/custom_interfaces/custom_interfaces/srv/detail/cstm_srv__builder.hpp
[6.959s] -- Installing: /home/vboxuser/ROS-Learning/src/install/custom_interfaces/include/custom_interfaces/custom_interfaces/srv/detail/cstm_srv__struct.hpp
[6.960s] -- Installing: /home/vboxuser/ROS-Learning/src/install/custom_interfaces/include/custom_interfaces/custom_interfaces/srv/detail/cstm_srv__traits.hpp
[6.960s] -- Up-to-date: /home/vboxuser/ROS-Learning/src/install/custom_interfaces/include/custom_interfaces/custom_interfaces/msg
[6.960s] -- Up-to-date: /home/vboxuser/ROS-Learning/src/install/custom_interfaces/include/custom_interfaces/custom_interfaces/msg/rosidl_generator_cpp__visibility_control.hpp
[6.960s] -- Installing: /home/vboxuser/ROS-Learning/src/install/custom_interfaces/include/custom_interfaces/custom_interfaces/msg/complex.hpp
[6.961s] -- Up-to-date: /home/vboxuser/ROS-Learning/src/install/custom_interfaces/include/custom_interfaces/custom_interfaces/msg/detail
[6.961s] -- Installing: /home/vboxuser/ROS-Learning/src/install/custom_interfaces/include/custom_interfaces/custom_interfaces/msg/detail/complex__struct.hpp
[6.961s] -- Installing: /home/vboxuser/ROS-Learning/src/install/custom_interfaces/include/custom_interfaces/custom_interfaces/msg/detail/complex__traits.hpp
[6.961s] -- Installing: /home/vboxuser/ROS-Learning/src/install/custom_interfaces/include/custom_interfaces/custom_interfaces/msg/detail/complex__builder.hpp
[6.961s] -- Installing: /home/vboxuser/ROS-Learning/src/install/custom_interfaces/include/custom_interfaces/custom_interfaces/msg/detail/complex__type_support.hpp
[6.961s] -- Up-to-date: /home/vboxuser/ROS-Learning/src/install/custom_interfaces/include/custom_interfaces/custom_interfaces
[6.961s] -- Up-to-date: /home/vboxuser/ROS-Learning/src/install/custom_interfaces/include/custom_interfaces/custom_interfaces/srv
[6.961s] -- Up-to-date: /home/vboxuser/ROS-Learning/src/install/custom_interfaces/include/custom_interfaces/custom_interfaces/srv/detail
[6.962s] -- Installing: /home/vboxuser/ROS-Learning/src/install/custom_interfaces/include/custom_interfaces/custom_interfaces/srv/detail/dds_fastrtps
[6.962s] -- Installing: /home/vboxuser/ROS-Learning/src/install/custom_interfaces/include/custom_interfaces/custom_interfaces/srv/detail/cstm_srv__rosidl_typesupport_fastrtps_cpp.hpp
[6.962s] -- Up-to-date: /home/vboxuser/ROS-Learning/src/install/custom_interfaces/include/custom_interfaces/custom_interfaces/msg
[6.962s] -- Up-to-date: /home/vboxuser/ROS-Learning/src/install/custom_interfaces/include/custom_interfaces/custom_interfaces/msg/rosidl_typesupport_fastrtps_cpp__visibility_control.h
[6.962s] -- Up-to-date: /home/vboxuser/ROS-Learning/src/install/custom_interfaces/include/custom_interfaces/custom_interfaces/msg/detail
[6.962s] -- Up-to-date: /home/vboxuser/ROS-Learning/src/install/custom_interfaces/include/custom_interfaces/custom_interfaces/msg/detail/dds_fastrtps
[6.962s] -- Installing: /home/vboxuser/ROS-Learning/src/install/custom_interfaces/include/custom_interfaces/custom_interfaces/msg/detail/complex__rosidl_typesupport_fastrtps_cpp.hpp
[6.962s] -- Installing: /home/vboxuser/ROS-Learning/src/install/custom_interfaces/lib/libcustom_interfaces__rosidl_typesupport_fastrtps_cpp.so
[6.963s] -- Set runtime path of "/home/vboxuser/ROS-Learning/src/install/custom_interfaces/lib/libcustom_interfaces__rosidl_typesupport_fastrtps_cpp.so" to ""
[6.963s] -- Up-to-date: /home/vboxuser/ROS-Learning/src/install/custom_interfaces/include/custom_interfaces/custom_interfaces
[6.963s] -- Up-to-date: /home/vboxuser/ROS-Learning/src/install/custom_interfaces/include/custom_interfaces/custom_interfaces/srv
[6.963s] -- Up-to-date: /home/vboxuser/ROS-Learning/src/install/custom_interfaces/include/custom_interfaces/custom_interfaces/srv/detail
[6.963s] -- Installing: /home/vboxuser/ROS-Learning/src/install/custom_interfaces/include/custom_interfaces/custom_interfaces/srv/detail/cstm_srv__type_support.cpp
[6.963s] -- Installing: /home/vboxuser/ROS-Learning/src/install/custom_interfaces/include/custom_interfaces/custom_interfaces/srv/detail/cstm_srv__rosidl_typesupport_introspection_cpp.hpp
[6.963s] -- Up-to-date: /home/vboxuser/ROS-Learning/src/install/custom_interfaces/include/custom_interfaces/custom_interfaces/msg
[6.963s] -- Up-to-date: /home/vboxuser/ROS-Learning/src/install/custom_interfaces/include/custom_interfaces/custom_interfaces/msg/detail
[6.964s] -- Installing: /home/vboxuser/ROS-Learning/src/install/custom_interfaces/include/custom_interfaces/custom_interfaces/msg/detail/complex__rosidl_typesupport_introspection_cpp.hpp
[6.964s] -- Installing: /home/vboxuser/ROS-Learning/src/install/custom_interfaces/include/custom_interfaces/custom_interfaces/msg/detail/complex__type_support.cpp
[6.964s] -- Installing: /home/vboxuser/ROS-Learning/src/install/custom_interfaces/lib/libcustom_interfaces__rosidl_typesupport_introspection_cpp.so
[6.964s] -- Set runtime path of "/home/vboxuser/ROS-Learning/src/install/custom_interfaces/lib/libcustom_interfaces__rosidl_typesupport_introspection_cpp.so" to ""
[6.964s] -- Installing: /home/vboxuser/ROS-Learning/src/install/custom_interfaces/lib/libcustom_interfaces__rosidl_typesupport_cpp.so
[6.964s] -- Set runtime path of "/home/vboxuser/ROS-Learning/src/install/custom_interfaces/lib/libcustom_interfaces__rosidl_typesupport_cpp.so" to ""
[6.964s] -- Up-to-date: /home/vboxuser/ROS-Learning/src/install/custom_interfaces/share/custom_interfaces/environment/pythonpath.sh
[6.964s] -- Installing: /home/vboxuser/ROS-Learning/src/install/custom_interfaces/share/custom_interfaces/environment/pythonpath.dsv
[6.965s] -- Up-to-date: /home/vboxuser/ROS-Learning/src/install/custom_interfaces/local/lib/python3.10/dist-packages/custom_interfaces-0.0.0-py3.10.egg-info
[6.965s] -- Installing: /home/vboxuser/ROS-Learning/src/install/custom_interfaces/local/lib/python3.10/dist-packages/custom_interfaces-0.0.0-py3.10.egg-info/SOURCES.txt
[6.965s] -- Installing: /home/vboxuser/ROS-Learning/src/install/custom_interfaces/local/lib/python3.10/dist-packages/custom_interfaces-0.0.0-py3.10.egg-info/top_level.txt
[6.965s] -- Installing: /home/vboxuser/ROS-Learning/src/install/custom_interfaces/local/lib/python3.10/dist-packages/custom_interfaces-0.0.0-py3.10.egg-info/PKG-INFO
[6.965s] -- Installing: /home/vboxuser/ROS-Learning/src/install/custom_interfaces/local/lib/python3.10/dist-packages/custom_interfaces-0.0.0-py3.10.egg-info/dependency_links.txt
[6.965s] -- Up-to-date: /home/vboxuser/ROS-Learning/src/install/custom_interfaces/local/lib/python3.10/dist-packages/custom_interfaces
[6.965s] -- Installing: /home/vboxuser/ROS-Learning/src/install/custom_interfaces/local/lib/python3.10/dist-packages/custom_interfaces/__init__.py
[6.966s] -- Installing: /home/vboxuser/ROS-Learning/src/install/custom_interfaces/local/lib/python3.10/dist-packages/custom_interfaces/custom_interfaces_s__rosidl_typesupport_c.cpython-310-x86_64-linux-gnu.so
[6.966s] -- Installing: /home/vboxuser/ROS-Learning/src/install/custom_interfaces/local/lib/python3.10/dist-packages/custom_interfaces/_custom_interfaces_s.ep.rosidl_typesupport_c.c
[6.966s] -- Installing: /home/vboxuser/ROS-Learning/src/install/custom_interfaces/local/lib/python3.10/dist-packages/custom_interfaces/srv
[6.966s] -- Installing: /home/vboxuser/ROS-Learning/src/install/custom_interfaces/local/lib/python3.10/dist-packages/custom_interfaces/srv/__init__.py
[6.966s] -- Installing: /home/vboxuser/ROS-Learning/src/install/custom_interfaces/local/lib/python3.10/dist-packages/custom_interfaces/srv/_cstm_srv_s.c
[6.966s] -- Installing: /home/vboxuser/ROS-Learning/src/install/custom_interfaces/local/lib/python3.10/dist-packages/custom_interfaces/srv/_cstm_srv.py
[6.966s] -- Installing: /home/vboxuser/ROS-Learning/src/install/custom_interfaces/local/lib/python3.10/dist-packages/custom_interfaces/custom_interfaces_s__rosidl_typesupport_fastrtps_c.cpython-310-x86_64-linux-gnu.so
[6.966s] -- Installing: /home/vboxuser/ROS-Learning/src/install/custom_interfaces/local/lib/python3.10/dist-packages/custom_interfaces/_custom_interfaces_s.ep.rosidl_typesupport_fastrtps_c.c
[6.966s] -- Installing: /home/vboxuser/ROS-Learning/src/install/custom_interfaces/local/lib/python3.10/dist-packages/custom_interfaces/custom_interfaces_s__rosidl_typesupport_introspection_c.cpython-310-x86_64-linux-gnu.so
[6.967s] -- Up-to-date: /home/vboxuser/ROS-Learning/src/install/custom_interfaces/local/lib/python3.10/dist-packages/custom_interfaces/msg
[6.967s] -- Installing: /home/vboxuser/ROS-Learning/src/install/custom_interfaces/local/lib/python3.10/dist-packages/custom_interfaces/msg/__init__.py
[6.967s] -- Installing: /home/vboxuser/ROS-Learning/src/install/custom_interfaces/local/lib/python3.10/dist-packages/custom_interfaces/msg/_complex.py
[6.967s] -- Installing: /home/vboxuser/ROS-Learning/src/install/custom_interfaces/local/lib/python3.10/dist-packages/custom_interfaces/msg/_complex_s.c
[6.967s] -- Installing: /home/vboxuser/ROS-Learning/src/install/custom_interfaces/local/lib/python3.10/dist-packages/custom_interfaces/libcustom_interfaces__rosidl_generator_py.so
[6.967s] -- Installing: /home/vboxuser/ROS-Learning/src/install/custom_interfaces/local/lib/python3.10/dist-packages/custom_interfaces/_custom_interfaces_s.ep.rosidl_typesupport_introspection_c.c
[7.018s] Listing '/home/vboxuser/ROS-Learning/src/install/custom_interfaces/local/lib/python3.10/dist-packages/custom_interfaces'...
[7.018s] Compiling '/home/vboxuser/ROS-Learning/src/install/custom_interfaces/local/lib/python3.10/dist-packages/custom_interfaces/__init__.py'...
[7.018s] Listing '/home/vboxuser/ROS-Learning/src/install/custom_interfaces/local/lib/python3.10/dist-packages/custom_interfaces/msg'...
[7.018s] Compiling '/home/vboxuser/ROS-Learning/src/install/custom_interfaces/local/lib/python3.10/dist-packages/custom_interfaces/msg/__init__.py'...
[7.018s] Compiling '/home/vboxuser/ROS-Learning/src/install/custom_interfaces/local/lib/python3.10/dist-packages/custom_interfaces/msg/_complex.py'...
[7.018s] Listing '/home/vboxuser/ROS-Learning/src/install/custom_interfaces/local/lib/python3.10/dist-packages/custom_interfaces/srv'...
[7.018s] Compiling '/home/vboxuser/ROS-Learning/src/install/custom_interfaces/local/lib/python3.10/dist-packages/custom_interfaces/srv/__init__.py'...
[7.019s] Compiling '/home/vboxuser/ROS-Learning/src/install/custom_interfaces/local/lib/python3.10/dist-packages/custom_interfaces/srv/_cstm_srv.py'...
[7.025s] -- Installing: /home/vboxuser/ROS-Learning/src/install/custom_interfaces/local/lib/python3.10/dist-packages/custom_interfaces/custom_interfaces_s__rosidl_typesupport_fastrtps_c.cpython-310-x86_64-linux-gnu.so
[7.025s] -- Set runtime path of "/home/vboxuser/ROS-Learning/src/install/custom_interfaces/local/lib/python3.10/dist-packages/custom_interfaces/custom_interfaces_s__rosidl_typesupport_fastrtps_c.cpython-310-x86_64-linux-gnu.so" to ""
[7.026s] -- Installing: /home/vboxuser/ROS-Learning/src/install/custom_interfaces/local/lib/python3.10/dist-packages/custom_interfaces/custom_interfaces_s__rosidl_typesupport_introspection_c.cpython-310-x86_64-linux-gnu.so
[7.026s] -- Set runtime path of "/home/vboxuser/ROS-Learning/src/install/custom_interfaces/local/lib/python3.10/dist-packages/custom_interfaces/custom_interfaces_s__rosidl_typesupport_introspection_c.cpython-310-x86_64-linux-gnu.so" to ""
[7.026s] -- Installing: /home/vboxuser/ROS-Learning/src/install/custom_interfaces/local/lib/python3.10/dist-packages/custom_interfaces/custom_interfaces_s__rosidl_typesupport_c.cpython-310-x86_64-linux-gnu.so
[7.027s] -- Set runtime path of "/home/vboxuser/ROS-Learning/src/install/custom_interfaces/local/lib/python3.10/dist-packages/custom_interfaces/custom_interfaces_s__rosidl_typesupport_c.cpython-310-x86_64-linux-gnu.so" to ""
[7.027s] -- Installing: /home/vboxuser/ROS-Learning/src/install/custom_interfaces/lib/libcustom_interfaces__rosidl_generator_py.so
[7.028s] -- Set runtime path of "/home/vboxuser/ROS-Learning/src/install/custom_interfaces/lib/libcustom_interfaces__rosidl_generator_py.so" to ""
[7.028s] -- Up-to-date: /home/vboxuser/ROS-Learning/src/install/custom_interfaces/share/ament_index/resource_index/rust_packages/custom_interfaces
[7.029s] -- Up-to-date: /home/vboxuser/ROS-Learning/src/install/custom_interfaces/share/custom_interfaces/rust
[7.029s] -- Up-to-date: /home/vboxuser/ROS-Learning/src/install/custom_interfaces/share/custom_interfaces/rust/src
[7.029s] -- Installing: /home/vboxuser/ROS-Learning/src/install/custom_interfaces/share/custom_interfaces/rust/src/srv
[7.030s] -- Installing: /home/vboxuser/ROS-Learning/src/install/custom_interfaces/share/custom_interfaces/rust/src/srv/rmw.rs
[7.030s] -- Installing: /home/vboxuser/ROS-Learning/src/install/custom_interfaces/share/custom_interfaces/rust/src/msg.rs
[7.030s] -- Installing: /home/vboxuser/ROS-Learning/src/install/custom_interfaces/share/custom_interfaces/rust/src/srv.rs
[7.032s] -- Installing: /home/vboxuser/ROS-Learning/src/install/custom_interfaces/share/custom_interfaces/rust/src/lib.rs
[7.032s] -- Up-to-date: /home/vboxuser/ROS-Learning/src/install/custom_interfaces/share/custom_interfaces/rust/src/msg
[7.032s] -- Installing: /home/vboxuser/ROS-Learning/src/install/custom_interfaces/share/custom_interfaces/rust/src/msg/rmw.rs
[7.032s] -- Installing: /home/vboxuser/ROS-Learning/src/install/custom_interfaces/share/custom_interfaces/rust/Cargo.toml
[7.032s] -- Installing: /home/vboxuser/ROS-Learning/src/install/custom_interfaces/share/custom_interfaces/rust/build.rs
[7.032s] -- Up-to-date: /home/vboxuser/ROS-Learning/src/install/custom_interfaces/share/custom_interfaces/msg/Complex.idl
[7.033s] -- Installing: /home/vboxuser/ROS-Learning/src/install/custom_interfaces/share/custom_interfaces/srv/CstmSrv.idl
[7.033s] -- Installing: /home/vboxuser/ROS-Learning/src/install/custom_interfaces/share/custom_interfaces/msg/Complex.msg
[7.033s] -- Installing: /home/vboxuser/ROS-Learning/src/install/custom_interfaces/share/custom_interfaces/srv/CstmSrv.srv
[7.033s] -- Installing: /home/vboxuser/ROS-Learning/src/install/custom_interfaces/share/custom_interfaces/srv/CstmSrv_Request.msg
[7.033s] -- Installing: /home/vboxuser/ROS-Learning/src/install/custom_interfaces/share/custom_interfaces/srv/CstmSrv_Response.msg
[7.033s] -- Up-to-date: /home/vboxuser/ROS-Learning/src/install/custom_interfaces/share/ament_index/resource_index/package_run_dependencies/custom_interfaces
[7.033s] -- Installing: /home/vboxuser/ROS-Learning/src/install/custom_interfaces/share/ament_index/resource_index/parent_prefix_path/custom_interfaces
[7.036s] -- Up-to-date: /home/vboxuser/ROS-Learning/src/install/custom_interfaces/share/custom_interfaces/environment/ament_prefix_path.sh
[7.036s] -- Installing: /home/vboxuser/ROS-Learning/src/install/custom_interfaces/share/custom_interfaces/environment/ament_prefix_path.dsv
[7.036s] -- Up-to-date: /home/vboxuser/ROS-Learning/src/install/custom_interfaces/share/custom_interfaces/environment/path.sh
[7.036s] -- Installing: /home/vboxuser/ROS-Learning/src/install/custom_interfaces/share/custom_interfaces/environment/path.dsv
[7.036s] -- Up-to-date: /home/vboxuser/ROS-Learning/src/install/custom_interfaces/share/custom_interfaces/local_setup.bash
[7.036s] -- Up-to-date: /home/vboxuser/ROS-Learning/src/install/custom_interfaces/share/custom_interfaces/local_setup.sh
[7.037s] -- Up-to-date: /home/vboxuser/ROS-Learning/src/install/custom_interfaces/share/custom_interfaces/local_setup.zsh
[7.037s] -- Installing: /home/vboxuser/ROS-Learning/src/install/custom_interfaces/share/custom_interfaces/local_setup.dsv
[7.037s] -- Installing: /home/vboxuser/ROS-Learning/src/install/custom_interfaces/share/custom_interfaces/package.dsv
[7.037s] -- Up-to-date: /home/vboxuser/ROS-Learning/src/install/custom_interfaces/share/ament_index/resource_index/packages/custom_interfaces
[7.037s] -- Up-to-date: /home/vboxuser/ROS-Learning/src/install/custom_interfaces/share/custom_interfaces/cmake/export_custom_interfaces__rosidl_generator_cExport.cmake
[7.037s] -- Up-to-date: /home/vboxuser/ROS-Learning/src/install/custom_interfaces/share/custom_interfaces/cmake/export_custom_interfaces__rosidl_generator_cExport-noconfig.cmake
[7.037s] -- Up-to-date: /home/vboxuser/ROS-Learning/src/install/custom_interfaces/share/custom_interfaces/cmake/export_custom_interfaces__rosidl_typesupport_fastrtps_cExport.cmake
[7.037s] -- Up-to-date: /home/vboxuser/ROS-Learning/src/install/custom_interfaces/share/custom_interfaces/cmake/export_custom_interfaces__rosidl_typesupport_fastrtps_cExport-noconfig.cmake
[7.037s] -- Up-to-date: /home/vboxuser/ROS-Learning/src/install/custom_interfaces/share/custom_interfaces/cmake/custom_interfaces__rosidl_typesupport_introspection_cExport.cmake
[7.038s] -- Up-to-date: /home/vboxuser/ROS-Learning/src/install/custom_interfaces/share/custom_interfaces/cmake/custom_interfaces__rosidl_typesupport_introspection_cExport-noconfig.cmake
[7.038s] -- Up-to-date: /home/vboxuser/ROS-Learning/src/install/custom_interfaces/share/custom_interfaces/cmake/custom_interfaces__rosidl_typesupport_cExport.cmake
[7.038s] -- Up-to-date: /home/vboxuser/ROS-Learning/src/install/custom_interfaces/share/custom_interfaces/cmake/custom_interfaces__rosidl_typesupport_cExport-noconfig.cmake
[7.038s] -- Up-to-date: /home/vboxuser/ROS-Learning/src/install/custom_interfaces/share/custom_interfaces/cmake/export_custom_interfaces__rosidl_generator_cppExport.cmake
[7.038s] -- Up-to-date: /home/vboxuser/ROS-Learning/src/install/custom_interfaces/share/custom_interfaces/cmake/export_custom_interfaces__rosidl_typesupport_fastrtps_cppExport.cmake
[7.039s] -- Up-to-date: /home/vboxuser/ROS-Learning/src/install/custom_interfaces/share/custom_interfaces/cmake/export_custom_interfaces__rosidl_typesupport_fastrtps_cppExport-noconfig.cmake
[7.040s] -- Up-to-date: /home/vboxuser/ROS-Learning/src/install/custom_interfaces/share/custom_interfaces/cmake/custom_interfaces__rosidl_typesupport_introspection_cppExport.cmake
[7.040s] -- Up-to-date: /home/vboxuser/ROS-Learning/src/install/custom_interfaces/share/custom_interfaces/cmake/custom_interfaces__rosidl_typesupport_introspection_cppExport-noconfig.cmake
[7.040s] -- Up-to-date: /home/vboxuser/ROS-Learning/src/install/custom_interfaces/share/custom_interfaces/cmake/custom_interfaces__rosidl_typesupport_cppExport.cmake
[7.040s] -- Up-to-date: /home/vboxuser/ROS-Learning/src/install/custom_interfaces/share/custom_interfaces/cmake/custom_interfaces__rosidl_typesupport_cppExport-noconfig.cmake
[7.040s] -- Up-to-date: /home/vboxuser/ROS-Learning/src/install/custom_interfaces/share/custom_interfaces/cmake/export_custom_interfaces__rosidl_generator_pyExport.cmake
[7.040s] -- Up-to-date: /home/vboxuser/ROS-Learning/src/install/custom_interfaces/share/custom_interfaces/cmake/export_custom_interfaces__rosidl_generator_pyExport-noconfig.cmake
[7.040s] -- Installing: /home/vboxuser/ROS-Learning/src/install/custom_interfaces/share/custom_interfaces/cmake/rosidl_cmake-extras.cmake
[7.041s] -- Up-to-date: /home/vboxuser/ROS-Learning/src/install/custom_interfaces/share/custom_interfaces/cmake/ament_cmake_export_include_directories-extras.cmake
[7.041s] -- Up-to-date: /home/vboxuser/ROS-Learning/src/install/custom_interfaces/share/custom_interfaces/cmake/ament_cmake_export_libraries-extras.cmake
[7.041s] -- Up-to-date: /home/vboxuser/ROS-Learning/src/install/custom_interfaces/share/custom_interfaces/cmake/ament_cmake_export_targets-extras.cmake
[7.041s] -- Up-to-date: /home/vboxuser/ROS-Learning/src/install/custom_interfaces/share/custom_interfaces/cmake/rosidl_cmake_export_typesupport_targets-extras.cmake
[7.041s] -- Up-to-date: /home/vboxuser/ROS-Learning/src/install/custom_interfaces/share/custom_interfaces/cmake/ament_cmake_export_dependencies-extras.cmake
[7.041s] -- Up-to-date: /home/vboxuser/ROS-Learning/src/install/custom_interfaces/share/custom_interfaces/cmake/rosidl_cmake_export_typesupport_libraries-extras.cmake
[7.041s] -- Up-to-date: /home/vboxuser/ROS-Learning/src/install/custom_interfaces/share/custom_interfaces/cmake/rosidl_cmake_aggregate_target-extras.cmake
[7.041s] -- Up-to-date: /home/vboxuser/ROS-Learning/src/install/custom_interfaces/share/custom_interfaces/cmake/custom_interfacesConfig.cmake
[7.041s] -- Up-to-date: /home/vboxuser/ROS-Learning/src/install/custom_interfaces/share/custom_interfaces/cmake/custom_interfacesConfig-version.cmake
[7.042s] -- Up-to-date: /home/vboxuser/ROS-Learning/src/install/custom_interfaces/share/custom_interfaces/package.xml
[7.042s] Invoked command in '/home/vboxuser/ROS-Learning/src/build/custom_interfaces' returned '0': CMAKE_PREFIX_PATH=${CMAKE_PREFIX_PATH}:/home/vboxuser/ROS-Learning/src/install/first_package:/opt/ros/humble /usr/bin/cmake --install /home/vboxuser/ROS-Learning/src/build/custom_interfaces
