[1.174s] Invoking command in '/home/vboxuser/ws_ros_course/src/first_package': PYTHONPATH=/home/vboxuser/ws_ros_course/build/first_package/prefix_override:/usr/lib/python3/dist-packages/colcon_core/task/python/colcon_distutils_commands:/home/vboxuser/ws_ros_course/install/first_package/lib/python3.10/site-packages:${PYTHONPATH} /usr/bin/python3 -W ignore:setup.py install is deprecated -W ignore:easy_install command is deprecated setup.py egg_info --egg-base ../../build/first_package build --build-base /home/vboxuser/ws_ros_course/build/first_package/build install --record /home/vboxuser/ws_ros_course/build/first_package/install.log --install-scripts $base/lib/first_package --single-version-externally-managed install_data
[1.659s] running egg_info
[1.659s] writing ../../build/first_package/first_package.egg-info/PKG-INFO
[1.660s] writing dependency_links to ../../build/first_package/first_package.egg-info/dependency_links.txt
[1.660s] writing entry points to ../../build/first_package/first_package.egg-info/entry_points.txt
[1.660s] writing requirements to ../../build/first_package/first_package.egg-info/requires.txt
[1.661s] writing top-level names to ../../build/first_package/first_package.egg-info/top_level.txt
[1.665s] reading manifest file '../../build/first_package/first_package.egg-info/SOURCES.txt'
[1.667s] writing manifest file '../../build/first_package/first_package.egg-info/SOURCES.txt'
[1.667s] running build
[1.667s] running build_py
[1.668s] copying first_package/first_node.py -> /home/vboxuser/ws_ros_course/build/first_package/build/lib/first_package
[1.668s] running install
[1.668s] running install_lib
[1.669s] copying /home/vboxuser/ws_ros_course/build/first_package/build/lib/first_package/first_node.py -> /home/vboxuser/ws_ros_course/install/first_package/lib/python3.10/site-packages/first_package
[1.670s] byte-compiling /home/vboxuser/ws_ros_course/install/first_package/lib/python3.10/site-packages/first_package/first_node.py to first_node.cpython-310.pyc
[1.671s] running install_data
[1.671s] running install_egg_info
[1.675s] removing '/home/vboxuser/ws_ros_course/install/first_package/lib/python3.10/site-packages/first_package-0.0.0-py3.10.egg-info' (and everything under it)
[1.676s] Copying ../../build/first_package/first_package.egg-info to /home/vboxuser/ws_ros_course/install/first_package/lib/python3.10/site-packages/first_package-0.0.0-py3.10.egg-info
[1.677s] running install_scripts
[1.714s] Installing first_publisher script to /home/vboxuser/ws_ros_course/install/first_package/lib/first_package
[1.715s] writing list of installed files to '/home/vboxuser/ws_ros_course/build/first_package/install.log'
[1.757s] Invoked command in '/home/vboxuser/ws_ros_course/src/first_package' returned '0': PYTHONPATH=/home/vboxuser/ws_ros_course/build/first_package/prefix_override:/usr/lib/python3/dist-packages/colcon_core/task/python/colcon_distutils_commands:/home/vboxuser/ws_ros_course/install/first_package/lib/python3.10/site-packages:${PYTHONPATH} /usr/bin/python3 -W ignore:setup.py install is deprecated -W ignore:easy_install command is deprecated setup.py egg_info --egg-base ../../build/first_package build --build-base /home/vboxuser/ws_ros_course/build/first_package/build install --record /home/vboxuser/ws_ros_course/build/first_package/install.log --install-scripts $base/lib/first_package --single-version-externally-managed install_data
