[0.211s] DEBUG:colcon:Command line arguments: ['/usr/bin/colcon', 'build']
[0.211s] DEBUG:colcon:Parsed command line arguments: Namespace(log_base=None, log_level=None, verb_name='build', build_base='build', install_base='install', merge_install=False, symlink_install=False, test_result_base=None, continue_on_error=False, executor='parallel', parallel_workers=4, event_handlers=None, ignore_user_meta=False, metas=['./colcon.meta'], base_paths=['.'], packages_ignore=None, packages_ignore_regex=None, paths=None, packages_up_to=None, packages_up_to_regex=None, packages_above=None, packages_above_and_dependencies=None, packages_above_depth=None, packages_select_by_dep=None, packages_skip_by_dep=None, packages_skip_up_to=None, packages_select_build_failed=False, packages_skip_build_finished=False, packages_select_test_failures=False, packages_skip_test_passed=False, packages_select=None, packages_skip=None, packages_select_regex=None, packages_skip_regex=None, packages_start=None, packages_end=None, allow_overriding=[], cmake_args=None, cmake_target=None, cmake_target_skip_unavailable=False, cmake_clean_cache=False, cmake_clean_first=False, cmake_force_configure=False, ament_cmake_args=None, catkin_cmake_args=None, catkin_skip_building_tests=False, mixin_files=None, mixin=None, verb_parser=<colcon_mixin.mixin.mixin_argument.MixinArgumentDecorator object at 0x70871734dde0>, verb_extension=<colcon_core.verb.build.BuildVerb object at 0x708717462f50>, main=<bound method BuildVerb.main of <colcon_core.verb.build.BuildVerb object at 0x708717462f50>>, mixin_verb=('build',))
[0.514s] Level 1:colcon.colcon_core.package_discovery:discover_packages(colcon_meta) check parameters
[0.515s] Level 1:colcon.colcon_core.package_discovery:discover_packages(recursive) check parameters
[0.515s] Level 1:colcon.colcon_core.package_discovery:discover_packages(ignore) check parameters
[0.515s] Level 1:colcon.colcon_core.package_discovery:discover_packages(path) check parameters
[0.515s] Level 1:colcon.colcon_core.package_discovery:discover_packages(colcon_meta) discover
[0.515s] Level 1:colcon.colcon_core.package_discovery:discover_packages(recursive) discover
[0.515s] INFO:colcon.colcon_core.package_discovery:Crawling recursively for packages in '/home/vboxuser/ROS-Learning/src'
[0.515s] Level 1:colcon.colcon_core.package_identification:_identify(.) by extensions ['ignore', 'ignore_ament_install']
[0.516s] Level 1:colcon.colcon_core.package_identification:_identify(.) by extension 'ignore'
[0.516s] Level 1:colcon.colcon_core.package_identification:_identify(.) by extension 'ignore_ament_install'
[0.516s] Level 1:colcon.colcon_core.package_identification:_identify(.) by extensions ['colcon_pkg']
[0.516s] Level 1:colcon.colcon_core.package_identification:_identify(.) by extension 'colcon_pkg'
[0.516s] Level 1:colcon.colcon_core.package_identification:_identify(.) by extensions ['colcon_meta']
[0.516s] Level 1:colcon.colcon_core.package_identification:_identify(.) by extension 'colcon_meta'
[0.516s] Level 1:colcon.colcon_core.package_identification:_identify(.) by extensions ['ros']
[0.516s] Level 1:colcon.colcon_core.package_identification:_identify(.) by extension 'ros'
[0.535s] Level 1:colcon.colcon_core.package_identification:_identify(.) by extensions ['cmake', 'python']
[0.535s] Level 1:colcon.colcon_core.package_identification:_identify(.) by extension 'cmake'
[0.536s] Level 1:colcon.colcon_core.package_identification:_identify(.) by extension 'python'
[0.536s] Level 1:colcon.colcon_core.package_identification:_identify(.) by extensions ['python_setup_py']
[0.536s] Level 1:colcon.colcon_core.package_identification:_identify(.) by extension 'python_setup_py'
[0.536s] Level 1:colcon.colcon_core.package_identification:_identify(build) by extensions ['ignore', 'ignore_ament_install']
[0.536s] Level 1:colcon.colcon_core.package_identification:_identify(build) by extension 'ignore'
[0.536s] Level 1:colcon.colcon_core.package_identification:_identify(build) ignored
[0.537s] Level 1:colcon.colcon_core.package_identification:_identify(custom_interfaces) by extensions ['ignore', 'ignore_ament_install']
[0.537s] Level 1:colcon.colcon_core.package_identification:_identify(custom_interfaces) by extension 'ignore'
[0.537s] Level 1:colcon.colcon_core.package_identification:_identify(custom_interfaces) by extension 'ignore_ament_install'
[0.537s] Level 1:colcon.colcon_core.package_identification:_identify(custom_interfaces) by extensions ['colcon_pkg']
[0.537s] Level 1:colcon.colcon_core.package_identification:_identify(custom_interfaces) by extension 'colcon_pkg'
[0.537s] Level 1:colcon.colcon_core.package_identification:_identify(custom_interfaces) by extensions ['colcon_meta']
[0.537s] Level 1:colcon.colcon_core.package_identification:_identify(custom_interfaces) by extension 'colcon_meta'
[0.537s] Level 1:colcon.colcon_core.package_identification:_identify(custom_interfaces) by extensions ['ros']
[0.538s] Level 1:colcon.colcon_core.package_identification:_identify(custom_interfaces) by extension 'ros'
[0.543s] DEBUG:colcon.colcon_core.package_identification:Package 'custom_interfaces' with type 'ros.ament_cmake' and name 'custom_interfaces'
[0.543s] Level 1:colcon.colcon_core.package_identification:_identify(first_package) by extensions ['ignore', 'ignore_ament_install']
[0.543s] Level 1:colcon.colcon_core.package_identification:_identify(first_package) by extension 'ignore'
[0.543s] Level 1:colcon.colcon_core.package_identification:_identify(first_package) by extension 'ignore_ament_install'
[0.543s] Level 1:colcon.colcon_core.package_identification:_identify(first_package) by extensions ['colcon_pkg']
[0.543s] Level 1:colcon.colcon_core.package_identification:_identify(first_package) by extension 'colcon_pkg'
[0.543s] Level 1:colcon.colcon_core.package_identification:_identify(first_package) by extensions ['colcon_meta']
[0.543s] Level 1:colcon.colcon_core.package_identification:_identify(first_package) by extension 'colcon_meta'
[0.543s] Level 1:colcon.colcon_core.package_identification:_identify(first_package) by extensions ['ros']
[0.544s] Level 1:colcon.colcon_core.package_identification:_identify(first_package) by extension 'ros'
[0.549s] DEBUG:colcon.colcon_core.package_identification:Package 'first_package' with type 'ros.ament_python' and name 'first_package'
[0.549s] Level 1:colcon.colcon_core.package_identification:_identify(install) by extensions ['ignore', 'ignore_ament_install']
[0.549s] Level 1:colcon.colcon_core.package_identification:_identify(install) by extension 'ignore'
[0.550s] Level 1:colcon.colcon_core.package_identification:_identify(install) ignored
[0.550s] Level 1:colcon.colcon_core.package_identification:_identify(log) by extensions ['ignore', 'ignore_ament_install']
[0.550s] Level 1:colcon.colcon_core.package_identification:_identify(log) by extension 'ignore'
[0.550s] Level 1:colcon.colcon_core.package_identification:_identify(log) ignored
[0.550s] Level 1:colcon.colcon_core.package_discovery:discover_packages(recursive) using defaults
[0.550s] Level 1:colcon.colcon_core.package_discovery:discover_packages(ignore) discover
[0.550s] Level 1:colcon.colcon_core.package_discovery:discover_packages(ignore) using defaults
[0.550s] Level 1:colcon.colcon_core.package_discovery:discover_packages(path) discover
[0.551s] Level 1:colcon.colcon_core.package_discovery:discover_packages(path) using defaults
[0.603s] Level 1:colcon.colcon_core.package_discovery:discover_packages(prefix_path) check parameters
[0.603s] Level 1:colcon.colcon_core.package_discovery:discover_packages(prefix_path) discover
[0.605s] DEBUG:colcon.colcon_installed_package_information.package_discovery:Found 2 installed packages in /home/vboxuser/ROS-Learning/src/install
[0.608s] DEBUG:colcon.colcon_installed_package_information.package_discovery:Found 314 installed packages in /opt/ros/humble
[0.612s] Level 1:colcon.colcon_core.package_discovery:discover_packages(prefix_path) using defaults
[0.697s] Level 5:colcon.colcon_core.verb:set package 'custom_interfaces' build argument 'cmake_args' from command line to 'None'
[0.698s] Level 5:colcon.colcon_core.verb:set package 'custom_interfaces' build argument 'cmake_target' from command line to 'None'
[0.698s] Level 5:colcon.colcon_core.verb:set package 'custom_interfaces' build argument 'cmake_target_skip_unavailable' from command line to 'False'
[0.698s] Level 5:colcon.colcon_core.verb:set package 'custom_interfaces' build argument 'cmake_clean_cache' from command line to 'False'
[0.698s] Level 5:colcon.colcon_core.verb:set package 'custom_interfaces' build argument 'cmake_clean_first' from command line to 'False'
[0.698s] Level 5:colcon.colcon_core.verb:set package 'custom_interfaces' build argument 'cmake_force_configure' from command line to 'False'
[0.698s] Level 5:colcon.colcon_core.verb:set package 'custom_interfaces' build argument 'ament_cmake_args' from command line to 'None'
[0.698s] Level 5:colcon.colcon_core.verb:set package 'custom_interfaces' build argument 'catkin_cmake_args' from command line to 'None'
[0.698s] Level 5:colcon.colcon_core.verb:set package 'custom_interfaces' build argument 'catkin_skip_building_tests' from command line to 'False'
[0.698s] DEBUG:colcon.colcon_core.verb:Building package 'custom_interfaces' with the following arguments: {'ament_cmake_args': None, 'build_base': '/home/vboxuser/ROS-Learning/src/build/custom_interfaces', 'catkin_cmake_args': None, 'catkin_skip_building_tests': False, 'cmake_args': None, 'cmake_clean_cache': False, 'cmake_clean_first': False, 'cmake_force_configure': False, 'cmake_target': None, 'cmake_target_skip_unavailable': False, 'install_base': '/home/vboxuser/ROS-Learning/src/install/custom_interfaces', 'merge_install': False, 'path': '/home/vboxuser/ROS-Learning/src/custom_interfaces', 'symlink_install': False, 'test_result_base': None}
[0.699s] Level 5:colcon.colcon_core.verb:set package 'first_package' build argument 'cmake_args' from command line to 'None'
[0.699s] Level 5:colcon.colcon_core.verb:set package 'first_package' build argument 'cmake_target' from command line to 'None'
[0.699s] Level 5:colcon.colcon_core.verb:set package 'first_package' build argument 'cmake_target_skip_unavailable' from command line to 'False'
[0.699s] Level 5:colcon.colcon_core.verb:set package 'first_package' build argument 'cmake_clean_cache' from command line to 'False'
[0.699s] Level 5:colcon.colcon_core.verb:set package 'first_package' build argument 'cmake_clean_first' from command line to 'False'
[0.699s] Level 5:colcon.colcon_core.verb:set package 'first_package' build argument 'cmake_force_configure' from command line to 'False'
[0.699s] Level 5:colcon.colcon_core.verb:set package 'first_package' build argument 'ament_cmake_args' from command line to 'None'
[0.699s] Level 5:colcon.colcon_core.verb:set package 'first_package' build argument 'catkin_cmake_args' from command line to 'None'
[0.699s] Level 5:colcon.colcon_core.verb:set package 'first_package' build argument 'catkin_skip_building_tests' from command line to 'False'
[0.699s] DEBUG:colcon.colcon_core.verb:Building package 'first_package' with the following arguments: {'ament_cmake_args': None, 'build_base': '/home/vboxuser/ROS-Learning/src/build/first_package', 'catkin_cmake_args': None, 'catkin_skip_building_tests': False, 'cmake_args': None, 'cmake_clean_cache': False, 'cmake_clean_first': False, 'cmake_force_configure': False, 'cmake_target': None, 'cmake_target_skip_unavailable': False, 'install_base': '/home/vboxuser/ROS-Learning/src/install/first_package', 'merge_install': False, 'path': '/home/vboxuser/ROS-Learning/src/first_package', 'symlink_install': False, 'test_result_base': None}
[0.700s] INFO:colcon.colcon_core.executor:Executing jobs using 'parallel' executor
[0.702s] DEBUG:colcon.colcon_parallel_executor.executor.parallel:run_until_complete
[0.702s] INFO:colcon.colcon_ros.task.ament_cmake.build:Building ROS package in '/home/vboxuser/ROS-Learning/src/custom_interfaces' with build type 'ament_cmake'
[0.702s] INFO:colcon.colcon_cmake.task.cmake.build:Building CMake package in '/home/vboxuser/ROS-Learning/src/custom_interfaces'
[0.705s] INFO:colcon.colcon_core.plugin_system:Skipping extension 'colcon_core.shell.bat': Not used on non-Windows systems
[0.706s] INFO:colcon.colcon_core.shell:Skip shell extension 'powershell' for command environment: Not usable outside of PowerShell
[0.706s] DEBUG:colcon.colcon_core.shell:Skip shell extension 'dsv' for command environment
[0.722s] DEBUG:colcon.colcon_core.event_handler.log_command:Invoking command in '/home/vboxuser/ROS-Learning/src/build/custom_interfaces': CMAKE_PREFIX_PATH=${CMAKE_PREFIX_PATH}:/home/vboxuser/ROS-Learning/src/install/first_package:/opt/ros/humble /usr/bin/cmake --build /home/vboxuser/ROS-Learning/src/build/custom_interfaces -- -j4 -l4
[7.621s] DEBUG:colcon.colcon_core.event_handler.log_command:Invoked command in '/home/vboxuser/ROS-Learning/src/build/custom_interfaces' returned '0': CMAKE_PREFIX_PATH=${CMAKE_PREFIX_PATH}:/home/vboxuser/ROS-Learning/src/install/first_package:/opt/ros/humble /usr/bin/cmake --build /home/vboxuser/ROS-Learning/src/build/custom_interfaces -- -j4 -l4
[7.635s] DEBUG:colcon.colcon_core.event_handler.log_command:Invoking command in '/home/vboxuser/ROS-Learning/src/build/custom_interfaces': CMAKE_PREFIX_PATH=${CMAKE_PREFIX_PATH}:/home/vboxuser/ROS-Learning/src/install/first_package:/opt/ros/humble /usr/bin/cmake --install /home/vboxuser/ROS-Learning/src/build/custom_interfaces
[7.745s] Level 1:colcon.colcon_core.environment:create_environment_scripts_only(custom_interfaces)
[7.746s] DEBUG:colcon.colcon_core.event_handler.log_command:Invoked command in '/home/vboxuser/ROS-Learning/src/build/custom_interfaces' returned '0': CMAKE_PREFIX_PATH=${CMAKE_PREFIX_PATH}:/home/vboxuser/ROS-Learning/src/install/first_package:/opt/ros/humble /usr/bin/cmake --install /home/vboxuser/ROS-Learning/src/build/custom_interfaces
[7.750s] Level 1:colcon.colcon_core.environment:checking '/home/vboxuser/ROS-Learning/src/install/custom_interfaces' for CMake module files
[7.752s] Level 1:colcon.colcon_core.environment:checking '/home/vboxuser/ROS-Learning/src/install/custom_interfaces' for CMake config files
[7.752s] Level 1:colcon.colcon_core.shell:create_environment_hook('custom_interfaces', 'cmake_prefix_path')
[7.753s] INFO:colcon.colcon_core.shell:Creating environment hook '/home/vboxuser/ROS-Learning/src/install/custom_interfaces/share/custom_interfaces/hook/cmake_prefix_path.ps1'
[7.754s] INFO:colcon.colcon_core.shell:Creating environment descriptor '/home/vboxuser/ROS-Learning/src/install/custom_interfaces/share/custom_interfaces/hook/cmake_prefix_path.dsv'
[7.755s] INFO:colcon.colcon_core.shell:Creating environment hook '/home/vboxuser/ROS-Learning/src/install/custom_interfaces/share/custom_interfaces/hook/cmake_prefix_path.sh'
[7.757s] Level 1:colcon.colcon_core.environment:checking '/home/vboxuser/ROS-Learning/src/install/custom_interfaces/lib'
[7.757s] Level 1:colcon.colcon_core.shell:create_environment_hook('custom_interfaces', 'ld_library_path_lib')
[7.758s] INFO:colcon.colcon_core.shell:Creating environment hook '/home/vboxuser/ROS-Learning/src/install/custom_interfaces/share/custom_interfaces/hook/ld_library_path_lib.ps1'
[7.759s] INFO:colcon.colcon_core.shell:Creating environment descriptor '/home/vboxuser/ROS-Learning/src/install/custom_interfaces/share/custom_interfaces/hook/ld_library_path_lib.dsv'
[7.759s] INFO:colcon.colcon_core.shell:Creating environment hook '/home/vboxuser/ROS-Learning/src/install/custom_interfaces/share/custom_interfaces/hook/ld_library_path_lib.sh'
[7.760s] Level 1:colcon.colcon_core.environment:checking '/home/vboxuser/ROS-Learning/src/install/custom_interfaces/bin'
[7.760s] Level 1:colcon.colcon_core.environment:checking '/home/vboxuser/ROS-Learning/src/install/custom_interfaces/lib/pkgconfig/custom_interfaces.pc'
[7.761s] Level 1:colcon.colcon_core.environment:checking '/home/vboxuser/ROS-Learning/src/install/custom_interfaces/lib/python3.10/site-packages'
[7.762s] Level 1:colcon.colcon_core.environment:checking '/home/vboxuser/ROS-Learning/src/install/custom_interfaces/bin'
[7.762s] INFO:colcon.colcon_core.shell:Creating package script '/home/vboxuser/ROS-Learning/src/install/custom_interfaces/share/custom_interfaces/package.ps1'
[7.765s] INFO:colcon.colcon_core.shell:Creating package descriptor '/home/vboxuser/ROS-Learning/src/install/custom_interfaces/share/custom_interfaces/package.dsv'
[7.766s] INFO:colcon.colcon_core.shell:Creating package script '/home/vboxuser/ROS-Learning/src/install/custom_interfaces/share/custom_interfaces/package.sh'
[7.768s] INFO:colcon.colcon_core.shell:Creating package script '/home/vboxuser/ROS-Learning/src/install/custom_interfaces/share/custom_interfaces/package.bash'
[7.770s] INFO:colcon.colcon_core.shell:Creating package script '/home/vboxuser/ROS-Learning/src/install/custom_interfaces/share/custom_interfaces/package.zsh'
[7.772s] Level 1:colcon.colcon_core.environment:create_file_with_runtime_dependencies(/home/vboxuser/ROS-Learning/src/install/custom_interfaces/share/colcon-core/packages/custom_interfaces)
[7.773s] Level 1:colcon.colcon_core.environment:create_environment_scripts_only(custom_interfaces)
[7.773s] Level 1:colcon.colcon_core.environment:checking '/home/vboxuser/ROS-Learning/src/install/custom_interfaces' for CMake module files
[7.775s] Level 1:colcon.colcon_core.environment:checking '/home/vboxuser/ROS-Learning/src/install/custom_interfaces' for CMake config files
[7.775s] Level 1:colcon.colcon_core.shell:create_environment_hook('custom_interfaces', 'cmake_prefix_path')
[7.775s] INFO:colcon.colcon_core.shell:Creating environment hook '/home/vboxuser/ROS-Learning/src/install/custom_interfaces/share/custom_interfaces/hook/cmake_prefix_path.ps1'
[7.776s] INFO:colcon.colcon_core.shell:Creating environment descriptor '/home/vboxuser/ROS-Learning/src/install/custom_interfaces/share/custom_interfaces/hook/cmake_prefix_path.dsv'
[7.777s] INFO:colcon.colcon_core.shell:Creating environment hook '/home/vboxuser/ROS-Learning/src/install/custom_interfaces/share/custom_interfaces/hook/cmake_prefix_path.sh'
[7.778s] Level 1:colcon.colcon_core.environment:checking '/home/vboxuser/ROS-Learning/src/install/custom_interfaces/lib'
[7.778s] Level 1:colcon.colcon_core.shell:create_environment_hook('custom_interfaces', 'ld_library_path_lib')
[7.778s] INFO:colcon.colcon_core.shell:Creating environment hook '/home/vboxuser/ROS-Learning/src/install/custom_interfaces/share/custom_interfaces/hook/ld_library_path_lib.ps1'
[7.779s] INFO:colcon.colcon_core.shell:Creating environment descriptor '/home/vboxuser/ROS-Learning/src/install/custom_interfaces/share/custom_interfaces/hook/ld_library_path_lib.dsv'
[7.779s] INFO:colcon.colcon_core.shell:Creating environment hook '/home/vboxuser/ROS-Learning/src/install/custom_interfaces/share/custom_interfaces/hook/ld_library_path_lib.sh'
[7.780s] Level 1:colcon.colcon_core.environment:checking '/home/vboxuser/ROS-Learning/src/install/custom_interfaces/bin'
[7.780s] Level 1:colcon.colcon_core.environment:checking '/home/vboxuser/ROS-Learning/src/install/custom_interfaces/lib/pkgconfig/custom_interfaces.pc'
[7.781s] Level 1:colcon.colcon_core.environment:checking '/home/vboxuser/ROS-Learning/src/install/custom_interfaces/lib/python3.10/site-packages'
[7.781s] Level 1:colcon.colcon_core.environment:checking '/home/vboxuser/ROS-Learning/src/install/custom_interfaces/bin'
[7.782s] INFO:colcon.colcon_core.shell:Creating package script '/home/vboxuser/ROS-Learning/src/install/custom_interfaces/share/custom_interfaces/package.ps1'
[7.783s] INFO:colcon.colcon_core.shell:Creating package descriptor '/home/vboxuser/ROS-Learning/src/install/custom_interfaces/share/custom_interfaces/package.dsv'
[7.784s] INFO:colcon.colcon_core.shell:Creating package script '/home/vboxuser/ROS-Learning/src/install/custom_interfaces/share/custom_interfaces/package.sh'
[7.784s] INFO:colcon.colcon_core.shell:Creating package script '/home/vboxuser/ROS-Learning/src/install/custom_interfaces/share/custom_interfaces/package.bash'
[7.798s] INFO:colcon.colcon_core.shell:Creating package script '/home/vboxuser/ROS-Learning/src/install/custom_interfaces/share/custom_interfaces/package.zsh'
[7.799s] Level 1:colcon.colcon_core.environment:create_file_with_runtime_dependencies(/home/vboxuser/ROS-Learning/src/install/custom_interfaces/share/colcon-core/packages/custom_interfaces)
[7.800s] INFO:colcon.colcon_ros.task.ament_python.build:Building ROS package in '/home/vboxuser/ROS-Learning/src/first_package' with build type 'ament_python'
[7.800s] Level 1:colcon.colcon_core.shell:create_environment_hook('first_package', 'ament_prefix_path')
[7.801s] INFO:colcon.colcon_core.shell:Creating environment hook '/home/vboxuser/ROS-Learning/src/install/first_package/share/first_package/hook/ament_prefix_path.ps1'
[7.802s] INFO:colcon.colcon_core.shell:Creating environment descriptor '/home/vboxuser/ROS-Learning/src/install/first_package/share/first_package/hook/ament_prefix_path.dsv'
[7.803s] INFO:colcon.colcon_core.shell:Creating environment hook '/home/vboxuser/ROS-Learning/src/install/first_package/share/first_package/hook/ament_prefix_path.sh'
[7.804s] INFO:colcon.colcon_core.shell:Skip shell extension 'powershell' for command environment: Not usable outside of PowerShell
[7.804s] DEBUG:colcon.colcon_core.shell:Skip shell extension 'dsv' for command environment
[8.271s] INFO:colcon.colcon_core.task.python.build:Building Python package in '/home/vboxuser/ROS-Learning/src/first_package'
[8.272s] INFO:colcon.colcon_core.shell:Skip shell extension 'powershell' for command environment: Not usable outside of PowerShell
[8.272s] DEBUG:colcon.colcon_core.shell:Skip shell extension 'dsv' for command environment
[8.846s] DEBUG:colcon.colcon_core.task.python.build:Available setuptools commands: build_clib, install_lib, alias, test, clean, develop, bdist_dumb, build_py, bdist, register, install_headers, build, install, build_scripts, bdist_egg, upload_docs, bdist_rpm, saveopts, easy_install, sdist, egg_info, rotate, dist_info, check, build_ext, symlink_data, install_egg_info, setopt, install_scripts, upload, install_data
[8.850s] DEBUG:colcon.colcon_core.event_handler.log_command:Invoking command in '/home/vboxuser/ROS-Learning/src/first_package': PYTHONPATH=/home/vboxuser/ROS-Learning/src/build/first_package/prefix_override:/usr/lib/python3/dist-packages/colcon_core/task/python/colcon_distutils_commands:/home/vboxuser/ROS-Learning/src/install/first_package/lib/python3.10/site-packages:${PYTHONPATH} /usr/bin/python3 -W ignore:setup.py install is deprecated -W ignore:easy_install command is deprecated setup.py egg_info --egg-base ../build/first_package build --build-base /home/vboxuser/ROS-Learning/src/build/first_package/build install --record /home/vboxuser/ROS-Learning/src/build/first_package/install.log --install-scripts $base/lib/first_package --single-version-externally-managed install_data
[9.405s] Level 1:colcon.colcon_core.environment:checking '/home/vboxuser/ROS-Learning/src/install/first_package' for CMake module files
[9.406s] Level 1:colcon.colcon_core.environment:checking '/home/vboxuser/ROS-Learning/src/install/first_package' for CMake config files
[9.407s] Level 1:colcon.colcon_core.environment:checking '/home/vboxuser/ROS-Learning/src/install/first_package/lib'
[9.407s] Level 1:colcon.colcon_core.environment:checking '/home/vboxuser/ROS-Learning/src/install/first_package/bin'
[9.407s] Level 1:colcon.colcon_core.environment:checking '/home/vboxuser/ROS-Learning/src/install/first_package/lib/pkgconfig/first_package.pc'
[9.408s] DEBUG:colcon.colcon_core.event_handler.log_command:Invoked command in '/home/vboxuser/ROS-Learning/src/first_package' returned '0': PYTHONPATH=/home/vboxuser/ROS-Learning/src/build/first_package/prefix_override:/usr/lib/python3/dist-packages/colcon_core/task/python/colcon_distutils_commands:/home/vboxuser/ROS-Learning/src/install/first_package/lib/python3.10/site-packages:${PYTHONPATH} /usr/bin/python3 -W ignore:setup.py install is deprecated -W ignore:easy_install command is deprecated setup.py egg_info --egg-base ../build/first_package build --build-base /home/vboxuser/ROS-Learning/src/build/first_package/build install --record /home/vboxuser/ROS-Learning/src/build/first_package/install.log --install-scripts $base/lib/first_package --single-version-externally-managed install_data
[9.409s] Level 1:colcon.colcon_core.environment:checking '/home/vboxuser/ROS-Learning/src/install/first_package/lib/python3.10/site-packages'
[9.409s] Level 1:colcon.colcon_core.shell:create_environment_hook('first_package', 'pythonpath')
[9.409s] INFO:colcon.colcon_core.shell:Creating environment hook '/home/vboxuser/ROS-Learning/src/install/first_package/share/first_package/hook/pythonpath.ps1'
[9.410s] INFO:colcon.colcon_core.shell:Creating environment descriptor '/home/vboxuser/ROS-Learning/src/install/first_package/share/first_package/hook/pythonpath.dsv'
[9.411s] INFO:colcon.colcon_core.shell:Creating environment hook '/home/vboxuser/ROS-Learning/src/install/first_package/share/first_package/hook/pythonpath.sh'
[9.413s] Level 1:colcon.colcon_core.environment:checking '/home/vboxuser/ROS-Learning/src/install/first_package/bin'
[9.413s] Level 1:colcon.colcon_core.environment:create_environment_scripts_only(first_package)
[9.413s] INFO:colcon.colcon_core.shell:Creating package script '/home/vboxuser/ROS-Learning/src/install/first_package/share/first_package/package.ps1'
[9.415s] INFO:colcon.colcon_core.shell:Creating package descriptor '/home/vboxuser/ROS-Learning/src/install/first_package/share/first_package/package.dsv'
[9.415s] INFO:colcon.colcon_core.shell:Creating package script '/home/vboxuser/ROS-Learning/src/install/first_package/share/first_package/package.sh'
[9.416s] INFO:colcon.colcon_core.shell:Creating package script '/home/vboxuser/ROS-Learning/src/install/first_package/share/first_package/package.bash'
[9.417s] INFO:colcon.colcon_core.shell:Creating package script '/home/vboxuser/ROS-Learning/src/install/first_package/share/first_package/package.zsh'
[9.418s] Level 1:colcon.colcon_core.environment:create_file_with_runtime_dependencies(/home/vboxuser/ROS-Learning/src/install/first_package/share/colcon-core/packages/first_package)
[9.419s] DEBUG:colcon.colcon_parallel_executor.executor.parallel:closing loop
[9.419s] DEBUG:colcon.colcon_parallel_executor.executor.parallel:loop closed
[9.419s] DEBUG:colcon.colcon_parallel_executor.executor.parallel:run_until_complete finished with '0'
[9.419s] DEBUG:colcon.colcon_core.event_reactor:joining thread
[9.427s] INFO:colcon.colcon_core.plugin_system:Skipping extension 'colcon_notification.desktop_notification.terminal_notifier': Not used on non-Darwin systems
[9.427s] INFO:colcon.colcon_core.plugin_system:Skipping extension 'colcon_notification.desktop_notification.win32': Not used on non-Windows systems
[9.428s] INFO:colcon.colcon_notification.desktop_notification:Sending desktop notification using 'notify2'
[9.449s] DEBUG:colcon.colcon_core.event_reactor:joined thread
[9.449s] INFO:colcon.colcon_core.shell:Creating prefix script '/home/vboxuser/ROS-Learning/src/install/local_setup.ps1'
[9.451s] INFO:colcon.colcon_core.shell:Creating prefix util module '/home/vboxuser/ROS-Learning/src/install/_local_setup_util_ps1.py'
[9.455s] INFO:colcon.colcon_core.shell:Creating prefix chain script '/home/vboxuser/ROS-Learning/src/install/setup.ps1'
[9.457s] INFO:colcon.colcon_core.shell:Creating prefix script '/home/vboxuser/ROS-Learning/src/install/local_setup.sh'
[9.458s] INFO:colcon.colcon_core.shell:Creating prefix util module '/home/vboxuser/ROS-Learning/src/install/_local_setup_util_sh.py'
[9.459s] INFO:colcon.colcon_core.shell:Creating prefix chain script '/home/vboxuser/ROS-Learning/src/install/setup.sh'
[9.461s] INFO:colcon.colcon_core.shell:Creating prefix script '/home/vboxuser/ROS-Learning/src/install/local_setup.bash'
[9.462s] INFO:colcon.colcon_core.shell:Creating prefix chain script '/home/vboxuser/ROS-Learning/src/install/setup.bash'
[9.464s] INFO:colcon.colcon_core.shell:Creating prefix script '/home/vboxuser/ROS-Learning/src/install/local_setup.zsh'
[9.465s] INFO:colcon.colcon_core.shell:Creating prefix chain script '/home/vboxuser/ROS-Learning/src/install/setup.zsh'
