/home/vboxuser/ROS-Learning/src/install/first_package/lib/python3.10/site-packages/first_package/servernode.py
/home/vboxuser/ROS-Learning/src/install/first_package/lib/python3.10/site-packages/first_package/first_node.py
/home/vboxuser/ROS-Learning/src/install/first_package/lib/python3.10/site-packages/first_package/__init__.py
/home/vboxuser/ROS-Learning/src/install/first_package/lib/python3.10/site-packages/first_package/custommsg.py
/home/vboxuser/ROS-Learning/src/install/first_package/lib/python3.10/site-packages/first_package/second_node.py
/home/vboxuser/ROS-Learning/src/install/first_package/lib/python3.10/site-packages/first_package/clientnode.py
/home/vboxuser/ROS-Learning/src/install/first_package/lib/python3.10/site-packages/first_package/__pycache__/servernode.cpython-310.pyc
/home/vboxuser/ROS-Learning/src/install/first_package/lib/python3.10/site-packages/first_package/__pycache__/first_node.cpython-310.pyc
/home/vboxuser/ROS-Learning/src/install/first_package/lib/python3.10/site-packages/first_package/__pycache__/__init__.cpython-310.pyc
/home/vboxuser/ROS-Learning/src/install/first_package/lib/python3.10/site-packages/first_package/__pycache__/custommsg.cpython-310.pyc
/home/vboxuser/ROS-Learning/src/install/first_package/lib/python3.10/site-packages/first_package/__pycache__/second_node.cpython-310.pyc
/home/vboxuser/ROS-Learning/src/install/first_package/lib/python3.10/site-packages/first_package/__pycache__/clientnode.cpython-310.pyc
/home/vboxuser/ROS-Learning/src/install/first_package/share/ament_index/resource_index/packages/first_package
/home/vboxuser/ROS-Learning/src/install/first_package/share/first_package/package.xml
/home/vboxuser/ROS-Learning/src/install/first_package/lib/python3.10/site-packages/first_package-0.0.0-py3.10.egg-info/requires.txt
/home/vboxuser/ROS-Learning/src/install/first_package/lib/python3.10/site-packages/first_package-0.0.0-py3.10.egg-info/SOURCES.txt
/home/vboxuser/ROS-Learning/src/install/first_package/lib/python3.10/site-packages/first_package-0.0.0-py3.10.egg-info/zip-safe
/home/vboxuser/ROS-Learning/src/install/first_package/lib/python3.10/site-packages/first_package-0.0.0-py3.10.egg-info/top_level.txt
/home/vboxuser/ROS-Learning/src/install/first_package/lib/python3.10/site-packages/first_package-0.0.0-py3.10.egg-info/PKG-INFO
/home/vboxuser/ROS-Learning/src/install/first_package/lib/python3.10/site-packages/first_package-0.0.0-py3.10.egg-info/entry_points.txt
/home/vboxuser/ROS-Learning/src/install/first_package/lib/python3.10/site-packages/first_package-0.0.0-py3.10.egg-info/dependency_links.txt
/home/vboxuser/ROS-Learning/src/install/first_package/lib/first_package/cstm_msg
/home/vboxuser/ROS-Learning/src/install/first_package/lib/first_package/cstm_srv_client
/home/vboxuser/ROS-Learning/src/install/first_package/lib/first_package/cstm_srv_server
/home/vboxuser/ROS-Learning/src/install/first_package/lib/first_package/first_publisher
/home/vboxuser/ROS-Learning/src/install/first_package/lib/first_package/first_subscriber
