[0.027s] Invoking command in '/home/vboxuser/ROS-Learning/src/build/custom_interfaces': CMAKE_PREFIX_PATH=/opt/ros/humble /usr/bin/cmake /home/vboxuser/ROS-Learning/src/custom_interfaces -DCMAKE_INSTALL_PREFIX=/home/vboxuser/ROS-Learning/src/install/custom_interfaces
[0.146s] -- The C compiler identification is GNU 11.4.0
[0.252s] -- The CXX compiler identification is GNU 11.4.0
[0.266s] -- Detecting C compiler ABI info
[0.371s] -- Detecting C compiler ABI info - done
[0.390s] -- Check for working C compiler: /usr/bin/cc - skipped
[0.390s] -- Detecting C compile features
[0.391s] -- Detecting C compile features - done
[0.396s] -- Detecting CXX compiler ABI info
[0.521s] -- Detecting CXX compiler ABI info - done
[0.542s] -- Check for working CXX compiler: /usr/bin/c++ - skipped
[0.542s] -- Detecting CXX compile features
[0.543s] -- Detecting CXX compile features - done
[0.547s] -- Found ament_cmake: 1.3.14 (/opt/ros/humble/share/ament_cmake/cmake)
[0.778s] -- Found Python3: /usr/bin/python3 (found version "3.10.12") found components: Interpreter 
[0.907s] -- Found rosidl_default_generators: 1.2.1 (/opt/ros/humble/share/rosidl_default_generators/cmake)
[0.911s] -- Using all available rosidl_typesupport_c: rosidl_typesupport_fastrtps_c;rosidl_typesupport_introspection_c
[0.920s] -- Found rosidl_adapter: 3.1.9 (/opt/ros/humble/share/rosidl_adapter/cmake)
[0.992s] -- Using all available rosidl_typesupport_cpp: rosidl_typesupport_fastrtps_cpp;rosidl_typesupport_introspection_cpp
[1.503s] -- Found ament_cmake_ros: 0.10.0 (/opt/ros/humble/share/ament_cmake_ros/cmake)
[1.787s] -- Using all available rosidl_typesupport_c: rosidl_typesupport_fastrtps_c;rosidl_typesupport_introspection_c
[2.151s] -- Using all available rosidl_typesupport_cpp: rosidl_typesupport_fastrtps_cpp;rosidl_typesupport_introspection_cpp
[2.192s] -- Found PythonInterp: /usr/bin/python3 (found suitable version "3.10.12", minimum required is "3.6") 
[2.193s] -- Found python_cmake_module: 0.10.0 (/opt/ros/humble/share/python_cmake_module/cmake)
[2.240s] -- Found PythonLibs: /usr/lib/x86_64-linux-gnu/libpython3.10.so (found suitable version "3.10.12", minimum required is "3.5") 
[2.240s] -- Using PYTHON_EXECUTABLE: /usr/bin/python3
[2.240s] -- Using PYTHON_INCLUDE_DIRS: /usr/include/python3.10
[2.240s] -- Using PYTHON_LIBRARIES: /usr/lib/x86_64-linux-gnu/libpython3.10.so
[2.274s] -- Found PythonExtra: .so  
[2.414s] -- Found ament_lint_auto: 0.12.15 (/opt/ros/humble/share/ament_lint_auto/cmake)
[2.439s] -- Added test 'lint_cmake' to check CMake code style
[2.441s] -- Added test 'xmllint' to check XML markup files
[2.446s] -- Configuring done
[2.495s] -- Generating done
[2.516s] -- Build files have been written to: /home/vboxuser/ROS-Learning/src/build/custom_interfaces
[2.531s] Invoked command in '/home/vboxuser/ROS-Learning/src/build/custom_interfaces' returned '0': CMAKE_PREFIX_PATH=/opt/ros/humble /usr/bin/cmake /home/vboxuser/ROS-Learning/src/custom_interfaces -DCMAKE_INSTALL_PREFIX=/home/vboxuser/ROS-Learning/src/install/custom_interfaces
[2.532s] Invoking command in '/home/vboxuser/ROS-Learning/src/build/custom_interfaces': CMAKE_PREFIX_PATH=/opt/ros/humble /usr/bin/cmake --build /home/vboxuser/ROS-Learning/src/build/custom_interfaces -- -j4 -l4
[2.582s] [  3%] [34m[1mGenerating C code for ROS interfaces[0m
[2.606s] [  6%] [34m[1mGenerating Rust code for ROS interfaces[0m
[2.613s] [  9%] [34m[1mGenerating C++ code for ROS interfaces[0m
[2.619s] [  9%] Built target ament_cmake_python_copy_custom_interfaces
[3.414s] running egg_info
[3.414s] creating custom_interfaces.egg-info
[3.414s] writing custom_interfaces.egg-info/PKG-INFO
[3.414s] writing dependency_links to custom_interfaces.egg-info/dependency_links.txt
[3.414s] writing top-level names to custom_interfaces.egg-info/top_level.txt
[3.414s] writing manifest file 'custom_interfaces.egg-info/SOURCES.txt'
[3.417s] reading manifest file 'custom_interfaces.egg-info/SOURCES.txt'
[3.419s] writing manifest file 'custom_interfaces.egg-info/SOURCES.txt'
[3.493s] [  9%] Built target ament_cmake_python_build_custom_interfaces_egg
[3.505s] [  9%] Built target custom_interfaces__rs
[3.510s] [  9%] Built target custom_interfaces__cpp
[3.525s] [ 12%] [34m[1mGenerating C++ type support for eProsima Fast-RTPS[0m
[3.528s] [ 15%] [34m[1mGenerating C++ introspection for ROS interfaces[0m
[3.540s] [ 18%] [34m[1mGenerating C++ type support dispatch for ROS interfaces[0m
[3.859s] [ 21%] [32mBuilding C object CMakeFiles/custom_interfaces__rosidl_generator_c.dir/rosidl_generator_c/custom_interfaces/msg/detail/complex__functions.c.o[0m
[4.077s] [ 25%] [32m[1mLinking C shared library libcustom_interfaces__rosidl_generator_c.so[0m
[4.191s] [ 28%] [32mBuilding CXX object CMakeFiles/custom_interfaces__rosidl_typesupport_cpp.dir/rosidl_typesupport_cpp/custom_interfaces/msg/complex__type_support.cpp.o[0m
[4.219s] [ 28%] Built target custom_interfaces__rosidl_generator_c
[4.252s] [ 31%] [34m[1mGenerating C type support for eProsima Fast-RTPS[0m
[4.287s] [ 34%] [32mBuilding CXX object CMakeFiles/custom_interfaces__rosidl_typesupport_introspection_cpp.dir/rosidl_typesupport_introspection_cpp/custom_interfaces/msg/detail/complex__type_support.cpp.o[0m
[4.319s] [ 37%] [32mBuilding CXX object CMakeFiles/custom_interfaces__rosidl_typesupport_fastrtps_cpp.dir/rosidl_typesupport_fastrtps_cpp/custom_interfaces/msg/detail/dds_fastrtps/complex__type_support.cpp.o[0m
[4.736s] [ 40%] [32m[1mLinking CXX shared library libcustom_interfaces__rosidl_typesupport_cpp.so[0m
[4.902s] [ 40%] Built target custom_interfaces__rosidl_typesupport_cpp
[4.915s] [ 43%] [34m[1mGenerating C introspection for ROS interfaces[0m
[4.993s] [ 46%] [32mBuilding CXX object CMakeFiles/custom_interfaces__rosidl_typesupport_fastrtps_c.dir/rosidl_typesupport_fastrtps_c/custom_interfaces/msg/detail/complex__type_support_c.cpp.o[0m
[5.248s] [ 50%] [32m[1mLinking CXX shared library libcustom_interfaces__rosidl_typesupport_introspection_cpp.so[0m
[5.365s] [ 50%] Built target custom_interfaces__rosidl_typesupport_introspection_cpp
[5.394s] [ 53%] [34m[1mGenerating C type support dispatch for ROS interfaces[0m
[5.422s] [ 56%] [32m[1mLinking CXX shared library libcustom_interfaces__rosidl_typesupport_fastrtps_cpp.so[0m
[5.729s] [ 56%] Built target custom_interfaces__rosidl_typesupport_fastrtps_cpp
[5.780s] [ 59%] [32mBuilding C object CMakeFiles/custom_interfaces__rosidl_typesupport_introspection_c.dir/rosidl_typesupport_introspection_c/custom_interfaces/msg/detail/complex__type_support.c.o[0m
[5.824s] [ 62%] [32m[1mLinking C shared library libcustom_interfaces__rosidl_typesupport_introspection_c.so[0m
[5.868s] [ 62%] Built target custom_interfaces__rosidl_typesupport_introspection_c
[5.922s] [ 65%] [32m[1mLinking CXX shared library libcustom_interfaces__rosidl_typesupport_fastrtps_c.so[0m
[6.030s] [ 68%] [32mBuilding CXX object CMakeFiles/custom_interfaces__rosidl_typesupport_c.dir/rosidl_typesupport_c/custom_interfaces/msg/complex__type_support.cpp.o[0m
[6.035s] [ 68%] Built target custom_interfaces__rosidl_typesupport_fastrtps_c
[6.069s] [ 71%] [32m[1mLinking CXX shared library libcustom_interfaces__rosidl_typesupport_c.so[0m
[6.132s] [ 71%] Built target custom_interfaces__rosidl_typesupport_c
[6.158s] [ 71%] Built target custom_interfaces
[6.183s] [ 75%] [34m[1mGenerating Python code for ROS interfaces[0m
[6.785s] [ 75%] Built target custom_interfaces__py
[6.814s] [ 78%] [32mBuilding C object CMakeFiles/custom_interfaces__rosidl_generator_py.dir/rosidl_generator_py/custom_interfaces/msg/_complex_s.c.o[0m
[6.956s] [ 81%] [32m[1mLinking C shared library rosidl_generator_py/custom_interfaces/libcustom_interfaces__rosidl_generator_py.so[0m
[7.010s] [ 81%] Built target custom_interfaces__rosidl_generator_py
[7.039s] [ 90%] [32mBuilding C object CMakeFiles/custom_interfaces__rosidl_typesupport_c__pyext.dir/rosidl_generator_py/custom_interfaces/_custom_interfaces_s.ep.rosidl_typesupport_c.c.o[0m
[7.040s] [ 90%] [32mBuilding C object CMakeFiles/custom_interfaces__rosidl_typesupport_introspection_c__pyext.dir/rosidl_generator_py/custom_interfaces/_custom_interfaces_s.ep.rosidl_typesupport_introspection_c.c.o[0m
[7.040s] [ 90%] [32mBuilding C object CMakeFiles/custom_interfaces__rosidl_typesupport_fastrtps_c__pyext.dir/rosidl_generator_py/custom_interfaces/_custom_interfaces_s.ep.rosidl_typesupport_fastrtps_c.c.o[0m
[7.171s] [ 93%] [32m[1mLinking C shared library rosidl_generator_py/custom_interfaces/custom_interfaces_s__rosidl_typesupport_c.cpython-310-x86_64-linux-gnu.so[0m
[7.176s] [ 96%] [32m[1mLinking C shared library rosidl_generator_py/custom_interfaces/custom_interfaces_s__rosidl_typesupport_fastrtps_c.cpython-310-x86_64-linux-gnu.so[0m
[7.178s] [100%] [32m[1mLinking C shared library rosidl_generator_py/custom_interfaces/custom_interfaces_s__rosidl_typesupport_introspection_c.cpython-310-x86_64-linux-gnu.so[0m
[7.225s] [100%] Built target custom_interfaces__rosidl_typesupport_c__pyext
[7.229s] [100%] Built target custom_interfaces__rosidl_typesupport_fastrtps_c__pyext
[7.231s] [100%] Built target custom_interfaces__rosidl_typesupport_introspection_c__pyext
[7.247s] Invoked command in '/home/vboxuser/ROS-Learning/src/build/custom_interfaces' returned '0': CMAKE_PREFIX_PATH=/opt/ros/humble /usr/bin/cmake --build /home/vboxuser/ROS-Learning/src/build/custom_interfaces -- -j4 -l4
[7.259s] Invoking command in '/home/vboxuser/ROS-Learning/src/build/custom_interfaces': CMAKE_PREFIX_PATH=/opt/ros/humble /usr/bin/cmake --install /home/vboxuser/ROS-Learning/src/build/custom_interfaces
[7.268s] -- Install configuration: ""
[7.268s] -- Installing: /home/vboxuser/ROS-Learning/src/install/custom_interfaces/share/ament_index/resource_index/rosidl_interfaces/custom_interfaces
[7.269s] -- Installing: /home/vboxuser/ROS-Learning/src/install/custom_interfaces/include/custom_interfaces/custom_interfaces
[7.269s] -- Installing: /home/vboxuser/ROS-Learning/src/install/custom_interfaces/include/custom_interfaces/custom_interfaces/msg
[7.269s] -- Installing: /home/vboxuser/ROS-Learning/src/install/custom_interfaces/include/custom_interfaces/custom_interfaces/msg/rosidl_generator_c__visibility_control.h
[7.270s] -- Installing: /home/vboxuser/ROS-Learning/src/install/custom_interfaces/include/custom_interfaces/custom_interfaces/msg/complex.h
[7.270s] -- Installing: /home/vboxuser/ROS-Learning/src/install/custom_interfaces/include/custom_interfaces/custom_interfaces/msg/detail
[7.270s] -- Installing: /home/vboxuser/ROS-Learning/src/install/custom_interfaces/include/custom_interfaces/custom_interfaces/msg/detail/complex__type_support.h
[7.270s] -- Installing: /home/vboxuser/ROS-Learning/src/install/custom_interfaces/include/custom_interfaces/custom_interfaces/msg/detail/complex__functions.h
[7.270s] -- Installing: /home/vboxuser/ROS-Learning/src/install/custom_interfaces/include/custom_interfaces/custom_interfaces/msg/detail/complex__struct.h
[7.271s] -- Installing: /home/vboxuser/ROS-Learning/src/install/custom_interfaces/include/custom_interfaces/custom_interfaces/msg/detail/complex__functions.c
[7.271s] -- Installing: /home/vboxuser/ROS-Learning/src/install/custom_interfaces/share/custom_interfaces/environment/library_path.sh
[7.271s] -- Installing: /home/vboxuser/ROS-Learning/src/install/custom_interfaces/share/custom_interfaces/environment/library_path.dsv
[7.272s] -- Installing: /home/vboxuser/ROS-Learning/src/install/custom_interfaces/lib/libcustom_interfaces__rosidl_generator_c.so
[7.272s] -- Set runtime path of "/home/vboxuser/ROS-Learning/src/install/custom_interfaces/lib/libcustom_interfaces__rosidl_generator_c.so" to ""
[7.272s] -- Up-to-date: /home/vboxuser/ROS-Learning/src/install/custom_interfaces/include/custom_interfaces/custom_interfaces
[7.273s] -- Up-to-date: /home/vboxuser/ROS-Learning/src/install/custom_interfaces/include/custom_interfaces/custom_interfaces/msg
[7.273s] -- Installing: /home/vboxuser/ROS-Learning/src/install/custom_interfaces/include/custom_interfaces/custom_interfaces/msg/rosidl_typesupport_fastrtps_c__visibility_control.h
[7.273s] -- Up-to-date: /home/vboxuser/ROS-Learning/src/install/custom_interfaces/include/custom_interfaces/custom_interfaces/msg/detail
[7.274s] -- Installing: /home/vboxuser/ROS-Learning/src/install/custom_interfaces/include/custom_interfaces/custom_interfaces/msg/detail/complex__rosidl_typesupport_fastrtps_c.h
[7.274s] -- Installing: /home/vboxuser/ROS-Learning/src/install/custom_interfaces/lib/libcustom_interfaces__rosidl_typesupport_fastrtps_c.so
[7.274s] -- Set runtime path of "/home/vboxuser/ROS-Learning/src/install/custom_interfaces/lib/libcustom_interfaces__rosidl_typesupport_fastrtps_c.so" to ""
[7.274s] -- Up-to-date: /home/vboxuser/ROS-Learning/src/install/custom_interfaces/include/custom_interfaces/custom_interfaces
[7.274s] -- Up-to-date: /home/vboxuser/ROS-Learning/src/install/custom_interfaces/include/custom_interfaces/custom_interfaces/msg
[7.275s] -- Installing: /home/vboxuser/ROS-Learning/src/install/custom_interfaces/include/custom_interfaces/custom_interfaces/msg/rosidl_typesupport_introspection_c__visibility_control.h
[7.275s] -- Up-to-date: /home/vboxuser/ROS-Learning/src/install/custom_interfaces/include/custom_interfaces/custom_interfaces/msg/detail
[7.275s] -- Installing: /home/vboxuser/ROS-Learning/src/install/custom_interfaces/include/custom_interfaces/custom_interfaces/msg/detail/complex__rosidl_typesupport_introspection_c.h
[7.276s] -- Installing: /home/vboxuser/ROS-Learning/src/install/custom_interfaces/include/custom_interfaces/custom_interfaces/msg/detail/complex__type_support.c
[7.276s] -- Installing: /home/vboxuser/ROS-Learning/src/install/custom_interfaces/lib/libcustom_interfaces__rosidl_typesupport_introspection_c.so
[7.276s] -- Set runtime path of "/home/vboxuser/ROS-Learning/src/install/custom_interfaces/lib/libcustom_interfaces__rosidl_typesupport_introspection_c.so" to ""
[7.277s] -- Installing: /home/vboxuser/ROS-Learning/src/install/custom_interfaces/lib/libcustom_interfaces__rosidl_typesupport_c.so
[7.277s] -- Set runtime path of "/home/vboxuser/ROS-Learning/src/install/custom_interfaces/lib/libcustom_interfaces__rosidl_typesupport_c.so" to ""
[7.277s] -- Up-to-date: /home/vboxuser/ROS-Learning/src/install/custom_interfaces/include/custom_interfaces/custom_interfaces
[7.277s] -- Up-to-date: /home/vboxuser/ROS-Learning/src/install/custom_interfaces/include/custom_interfaces/custom_interfaces/msg
[7.278s] -- Installing: /home/vboxuser/ROS-Learning/src/install/custom_interfaces/include/custom_interfaces/custom_interfaces/msg/rosidl_generator_cpp__visibility_control.hpp
[7.278s] -- Installing: /home/vboxuser/ROS-Learning/src/install/custom_interfaces/include/custom_interfaces/custom_interfaces/msg/complex.hpp
[7.278s] -- Up-to-date: /home/vboxuser/ROS-Learning/src/install/custom_interfaces/include/custom_interfaces/custom_interfaces/msg/detail
[7.279s] -- Installing: /home/vboxuser/ROS-Learning/src/install/custom_interfaces/include/custom_interfaces/custom_interfaces/msg/detail/complex__struct.hpp
[7.279s] -- Installing: /home/vboxuser/ROS-Learning/src/install/custom_interfaces/include/custom_interfaces/custom_interfaces/msg/detail/complex__traits.hpp
[7.279s] -- Installing: /home/vboxuser/ROS-Learning/src/install/custom_interfaces/include/custom_interfaces/custom_interfaces/msg/detail/complex__builder.hpp
[7.279s] -- Installing: /home/vboxuser/ROS-Learning/src/install/custom_interfaces/include/custom_interfaces/custom_interfaces/msg/detail/complex__type_support.hpp
[7.280s] -- Up-to-date: /home/vboxuser/ROS-Learning/src/install/custom_interfaces/include/custom_interfaces/custom_interfaces
[7.280s] -- Up-to-date: /home/vboxuser/ROS-Learning/src/install/custom_interfaces/include/custom_interfaces/custom_interfaces/msg
[7.280s] -- Installing: /home/vboxuser/ROS-Learning/src/install/custom_interfaces/include/custom_interfaces/custom_interfaces/msg/rosidl_typesupport_fastrtps_cpp__visibility_control.h
[7.280s] -- Up-to-date: /home/vboxuser/ROS-Learning/src/install/custom_interfaces/include/custom_interfaces/custom_interfaces/msg/detail
[7.281s] -- Installing: /home/vboxuser/ROS-Learning/src/install/custom_interfaces/include/custom_interfaces/custom_interfaces/msg/detail/dds_fastrtps
[7.281s] -- Installing: /home/vboxuser/ROS-Learning/src/install/custom_interfaces/include/custom_interfaces/custom_interfaces/msg/detail/complex__rosidl_typesupport_fastrtps_cpp.hpp
[7.281s] -- Installing: /home/vboxuser/ROS-Learning/src/install/custom_interfaces/lib/libcustom_interfaces__rosidl_typesupport_fastrtps_cpp.so
[7.281s] -- Set runtime path of "/home/vboxuser/ROS-Learning/src/install/custom_interfaces/lib/libcustom_interfaces__rosidl_typesupport_fastrtps_cpp.so" to ""
[7.281s] -- Up-to-date: /home/vboxuser/ROS-Learning/src/install/custom_interfaces/include/custom_interfaces/custom_interfaces
[7.281s] -- Up-to-date: /home/vboxuser/ROS-Learning/src/install/custom_interfaces/include/custom_interfaces/custom_interfaces/msg
[7.282s] -- Up-to-date: /home/vboxuser/ROS-Learning/src/install/custom_interfaces/include/custom_interfaces/custom_interfaces/msg/detail
[7.282s] -- Installing: /home/vboxuser/ROS-Learning/src/install/custom_interfaces/include/custom_interfaces/custom_interfaces/msg/detail/complex__rosidl_typesupport_introspection_cpp.hpp
[7.282s] -- Installing: /home/vboxuser/ROS-Learning/src/install/custom_interfaces/include/custom_interfaces/custom_interfaces/msg/detail/complex__type_support.cpp
[7.282s] -- Installing: /home/vboxuser/ROS-Learning/src/install/custom_interfaces/lib/libcustom_interfaces__rosidl_typesupport_introspection_cpp.so
[7.282s] -- Set runtime path of "/home/vboxuser/ROS-Learning/src/install/custom_interfaces/lib/libcustom_interfaces__rosidl_typesupport_introspection_cpp.so" to ""
[7.282s] -- Installing: /home/vboxuser/ROS-Learning/src/install/custom_interfaces/lib/libcustom_interfaces__rosidl_typesupport_cpp.so
[7.282s] -- Set runtime path of "/home/vboxuser/ROS-Learning/src/install/custom_interfaces/lib/libcustom_interfaces__rosidl_typesupport_cpp.so" to ""
[7.283s] -- Installing: /home/vboxuser/ROS-Learning/src/install/custom_interfaces/share/custom_interfaces/environment/pythonpath.sh
[7.283s] -- Installing: /home/vboxuser/ROS-Learning/src/install/custom_interfaces/share/custom_interfaces/environment/pythonpath.dsv
[7.283s] -- Installing: /home/vboxuser/ROS-Learning/src/install/custom_interfaces/local/lib/python3.10/dist-packages/custom_interfaces-0.0.0-py3.10.egg-info
[7.283s] -- Installing: /home/vboxuser/ROS-Learning/src/install/custom_interfaces/local/lib/python3.10/dist-packages/custom_interfaces-0.0.0-py3.10.egg-info/SOURCES.txt
[7.283s] -- Installing: /home/vboxuser/ROS-Learning/src/install/custom_interfaces/local/lib/python3.10/dist-packages/custom_interfaces-0.0.0-py3.10.egg-info/top_level.txt
[7.284s] -- Installing: /home/vboxuser/ROS-Learning/src/install/custom_interfaces/local/lib/python3.10/dist-packages/custom_interfaces-0.0.0-py3.10.egg-info/PKG-INFO
[7.284s] -- Installing: /home/vboxuser/ROS-Learning/src/install/custom_interfaces/local/lib/python3.10/dist-packages/custom_interfaces-0.0.0-py3.10.egg-info/dependency_links.txt
[7.284s] -- Installing: /home/vboxuser/ROS-Learning/src/install/custom_interfaces/local/lib/python3.10/dist-packages/custom_interfaces
[7.284s] -- Installing: /home/vboxuser/ROS-Learning/src/install/custom_interfaces/local/lib/python3.10/dist-packages/custom_interfaces/__init__.py
[7.285s] -- Installing: /home/vboxuser/ROS-Learning/src/install/custom_interfaces/local/lib/python3.10/dist-packages/custom_interfaces/custom_interfaces_s__rosidl_typesupport_c.cpython-310-x86_64-linux-gnu.so
[7.285s] -- Installing: /home/vboxuser/ROS-Learning/src/install/custom_interfaces/local/lib/python3.10/dist-packages/custom_interfaces/_custom_interfaces_s.ep.rosidl_typesupport_c.c
[7.285s] -- Installing: /home/vboxuser/ROS-Learning/src/install/custom_interfaces/local/lib/python3.10/dist-packages/custom_interfaces/custom_interfaces_s__rosidl_typesupport_fastrtps_c.cpython-310-x86_64-linux-gnu.so
[7.285s] -- Installing: /home/vboxuser/ROS-Learning/src/install/custom_interfaces/local/lib/python3.10/dist-packages/custom_interfaces/_custom_interfaces_s.ep.rosidl_typesupport_fastrtps_c.c
[7.286s] -- Installing: /home/vboxuser/ROS-Learning/src/install/custom_interfaces/local/lib/python3.10/dist-packages/custom_interfaces/custom_interfaces_s__rosidl_typesupport_introspection_c.cpython-310-x86_64-linux-gnu.so
[7.286s] -- Installing: /home/vboxuser/ROS-Learning/src/install/custom_interfaces/local/lib/python3.10/dist-packages/custom_interfaces/msg
[7.286s] -- Installing: /home/vboxuser/ROS-Learning/src/install/custom_interfaces/local/lib/python3.10/dist-packages/custom_interfaces/msg/__init__.py
[7.286s] -- Installing: /home/vboxuser/ROS-Learning/src/install/custom_interfaces/local/lib/python3.10/dist-packages/custom_interfaces/msg/_complex.py
[7.286s] -- Installing: /home/vboxuser/ROS-Learning/src/install/custom_interfaces/local/lib/python3.10/dist-packages/custom_interfaces/msg/_complex_s.c
[7.286s] -- Installing: /home/vboxuser/ROS-Learning/src/install/custom_interfaces/local/lib/python3.10/dist-packages/custom_interfaces/libcustom_interfaces__rosidl_generator_py.so
[7.287s] -- Installing: /home/vboxuser/ROS-Learning/src/install/custom_interfaces/local/lib/python3.10/dist-packages/custom_interfaces/_custom_interfaces_s.ep.rosidl_typesupport_introspection_c.c
[7.334s] Listing '/home/vboxuser/ROS-Learning/src/install/custom_interfaces/local/lib/python3.10/dist-packages/custom_interfaces'...
[7.334s] Compiling '/home/vboxuser/ROS-Learning/src/install/custom_interfaces/local/lib/python3.10/dist-packages/custom_interfaces/__init__.py'...
[7.334s] Listing '/home/vboxuser/ROS-Learning/src/install/custom_interfaces/local/lib/python3.10/dist-packages/custom_interfaces/msg'...
[7.334s] Compiling '/home/vboxuser/ROS-Learning/src/install/custom_interfaces/local/lib/python3.10/dist-packages/custom_interfaces/msg/__init__.py'...
[7.334s] Compiling '/home/vboxuser/ROS-Learning/src/install/custom_interfaces/local/lib/python3.10/dist-packages/custom_interfaces/msg/_complex.py'...
[7.341s] -- Installing: /home/vboxuser/ROS-Learning/src/install/custom_interfaces/local/lib/python3.10/dist-packages/custom_interfaces/custom_interfaces_s__rosidl_typesupport_fastrtps_c.cpython-310-x86_64-linux-gnu.so
[7.342s] -- Set runtime path of "/home/vboxuser/ROS-Learning/src/install/custom_interfaces/local/lib/python3.10/dist-packages/custom_interfaces/custom_interfaces_s__rosidl_typesupport_fastrtps_c.cpython-310-x86_64-linux-gnu.so" to ""
[7.342s] -- Installing: /home/vboxuser/ROS-Learning/src/install/custom_interfaces/local/lib/python3.10/dist-packages/custom_interfaces/custom_interfaces_s__rosidl_typesupport_introspection_c.cpython-310-x86_64-linux-gnu.so
[7.342s] -- Set runtime path of "/home/vboxuser/ROS-Learning/src/install/custom_interfaces/local/lib/python3.10/dist-packages/custom_interfaces/custom_interfaces_s__rosidl_typesupport_introspection_c.cpython-310-x86_64-linux-gnu.so" to ""
[7.343s] -- Installing: /home/vboxuser/ROS-Learning/src/install/custom_interfaces/local/lib/python3.10/dist-packages/custom_interfaces/custom_interfaces_s__rosidl_typesupport_c.cpython-310-x86_64-linux-gnu.so
[7.343s] -- Set runtime path of "/home/vboxuser/ROS-Learning/src/install/custom_interfaces/local/lib/python3.10/dist-packages/custom_interfaces/custom_interfaces_s__rosidl_typesupport_c.cpython-310-x86_64-linux-gnu.so" to ""
[7.343s] -- Installing: /home/vboxuser/ROS-Learning/src/install/custom_interfaces/lib/libcustom_interfaces__rosidl_generator_py.so
[7.344s] -- Set runtime path of "/home/vboxuser/ROS-Learning/src/install/custom_interfaces/lib/libcustom_interfaces__rosidl_generator_py.so" to ""
[7.344s] -- Installing: /home/vboxuser/ROS-Learning/src/install/custom_interfaces/share/ament_index/resource_index/rust_packages/custom_interfaces
[7.344s] -- Installing: /home/vboxuser/ROS-Learning/src/install/custom_interfaces/share/custom_interfaces/rust
[7.345s] -- Installing: /home/vboxuser/ROS-Learning/src/install/custom_interfaces/share/custom_interfaces/rust/src
[7.345s] -- Installing: /home/vboxuser/ROS-Learning/src/install/custom_interfaces/share/custom_interfaces/rust/src/msg.rs
[7.345s] -- Installing: /home/vboxuser/ROS-Learning/src/install/custom_interfaces/share/custom_interfaces/rust/src/lib.rs
[7.345s] -- Installing: /home/vboxuser/ROS-Learning/src/install/custom_interfaces/share/custom_interfaces/rust/src/msg
[7.345s] -- Installing: /home/vboxuser/ROS-Learning/src/install/custom_interfaces/share/custom_interfaces/rust/src/msg/rmw.rs
[7.346s] -- Installing: /home/vboxuser/ROS-Learning/src/install/custom_interfaces/share/custom_interfaces/rust/Cargo.toml
[7.346s] -- Installing: /home/vboxuser/ROS-Learning/src/install/custom_interfaces/share/custom_interfaces/rust/build.rs
[7.346s] -- Installing: /home/vboxuser/ROS-Learning/src/install/custom_interfaces/share/custom_interfaces/msg/Complex.idl
[7.346s] -- Installing: /home/vboxuser/ROS-Learning/src/install/custom_interfaces/share/custom_interfaces/msg/Complex.msg
[7.347s] -- Installing: /home/vboxuser/ROS-Learning/src/install/custom_interfaces/share/ament_index/resource_index/package_run_dependencies/custom_interfaces
[7.347s] -- Installing: /home/vboxuser/ROS-Learning/src/install/custom_interfaces/share/ament_index/resource_index/parent_prefix_path/custom_interfaces
[7.347s] -- Installing: /home/vboxuser/ROS-Learning/src/install/custom_interfaces/share/custom_interfaces/environment/ament_prefix_path.sh
[7.347s] -- Installing: /home/vboxuser/ROS-Learning/src/install/custom_interfaces/share/custom_interfaces/environment/ament_prefix_path.dsv
[7.347s] -- Installing: /home/vboxuser/ROS-Learning/src/install/custom_interfaces/share/custom_interfaces/environment/path.sh
[7.347s] -- Installing: /home/vboxuser/ROS-Learning/src/install/custom_interfaces/share/custom_interfaces/environment/path.dsv
[7.348s] -- Installing: /home/vboxuser/ROS-Learning/src/install/custom_interfaces/share/custom_interfaces/local_setup.bash
[7.348s] -- Installing: /home/vboxuser/ROS-Learning/src/install/custom_interfaces/share/custom_interfaces/local_setup.sh
[7.348s] -- Installing: /home/vboxuser/ROS-Learning/src/install/custom_interfaces/share/custom_interfaces/local_setup.zsh
[7.348s] -- Installing: /home/vboxuser/ROS-Learning/src/install/custom_interfaces/share/custom_interfaces/local_setup.dsv
[7.348s] -- Installing: /home/vboxuser/ROS-Learning/src/install/custom_interfaces/share/custom_interfaces/package.dsv
[7.348s] -- Installing: /home/vboxuser/ROS-Learning/src/install/custom_interfaces/share/ament_index/resource_index/packages/custom_interfaces
[7.348s] -- Installing: /home/vboxuser/ROS-Learning/src/install/custom_interfaces/share/custom_interfaces/cmake/export_custom_interfaces__rosidl_generator_cExport.cmake
[7.349s] -- Installing: /home/vboxuser/ROS-Learning/src/install/custom_interfaces/share/custom_interfaces/cmake/export_custom_interfaces__rosidl_generator_cExport-noconfig.cmake
[7.349s] -- Installing: /home/vboxuser/ROS-Learning/src/install/custom_interfaces/share/custom_interfaces/cmake/export_custom_interfaces__rosidl_typesupport_fastrtps_cExport.cmake
[7.349s] -- Installing: /home/vboxuser/ROS-Learning/src/install/custom_interfaces/share/custom_interfaces/cmake/export_custom_interfaces__rosidl_typesupport_fastrtps_cExport-noconfig.cmake
[7.349s] -- Installing: /home/vboxuser/ROS-Learning/src/install/custom_interfaces/share/custom_interfaces/cmake/custom_interfaces__rosidl_typesupport_introspection_cExport.cmake
[7.349s] -- Installing: /home/vboxuser/ROS-Learning/src/install/custom_interfaces/share/custom_interfaces/cmake/custom_interfaces__rosidl_typesupport_introspection_cExport-noconfig.cmake
[7.349s] -- Installing: /home/vboxuser/ROS-Learning/src/install/custom_interfaces/share/custom_interfaces/cmake/custom_interfaces__rosidl_typesupport_cExport.cmake
[7.349s] -- Installing: /home/vboxuser/ROS-Learning/src/install/custom_interfaces/share/custom_interfaces/cmake/custom_interfaces__rosidl_typesupport_cExport-noconfig.cmake
[7.349s] -- Installing: /home/vboxuser/ROS-Learning/src/install/custom_interfaces/share/custom_interfaces/cmake/export_custom_interfaces__rosidl_generator_cppExport.cmake
[7.350s] -- Installing: /home/vboxuser/ROS-Learning/src/install/custom_interfaces/share/custom_interfaces/cmake/export_custom_interfaces__rosidl_typesupport_fastrtps_cppExport.cmake
[7.350s] -- Installing: /home/vboxuser/ROS-Learning/src/install/custom_interfaces/share/custom_interfaces/cmake/export_custom_interfaces__rosidl_typesupport_fastrtps_cppExport-noconfig.cmake
[7.350s] -- Installing: /home/vboxuser/ROS-Learning/src/install/custom_interfaces/share/custom_interfaces/cmake/custom_interfaces__rosidl_typesupport_introspection_cppExport.cmake
[7.350s] -- Installing: /home/vboxuser/ROS-Learning/src/install/custom_interfaces/share/custom_interfaces/cmake/custom_interfaces__rosidl_typesupport_introspection_cppExport-noconfig.cmake
[7.350s] -- Installing: /home/vboxuser/ROS-Learning/src/install/custom_interfaces/share/custom_interfaces/cmake/custom_interfaces__rosidl_typesupport_cppExport.cmake
[7.350s] -- Installing: /home/vboxuser/ROS-Learning/src/install/custom_interfaces/share/custom_interfaces/cmake/custom_interfaces__rosidl_typesupport_cppExport-noconfig.cmake
[7.350s] -- Installing: /home/vboxuser/ROS-Learning/src/install/custom_interfaces/share/custom_interfaces/cmake/export_custom_interfaces__rosidl_generator_pyExport.cmake
[7.351s] -- Installing: /home/vboxuser/ROS-Learning/src/install/custom_interfaces/share/custom_interfaces/cmake/export_custom_interfaces__rosidl_generator_pyExport-noconfig.cmake
[7.351s] -- Installing: /home/vboxuser/ROS-Learning/src/install/custom_interfaces/share/custom_interfaces/cmake/rosidl_cmake-extras.cmake
[7.351s] -- Installing: /home/vboxuser/ROS-Learning/src/install/custom_interfaces/share/custom_interfaces/cmake/ament_cmake_export_include_directories-extras.cmake
[7.351s] -- Installing: /home/vboxuser/ROS-Learning/src/install/custom_interfaces/share/custom_interfaces/cmake/ament_cmake_export_libraries-extras.cmake
[7.351s] -- Installing: /home/vboxuser/ROS-Learning/src/install/custom_interfaces/share/custom_interfaces/cmake/ament_cmake_export_targets-extras.cmake
[7.352s] -- Installing: /home/vboxuser/ROS-Learning/src/install/custom_interfaces/share/custom_interfaces/cmake/rosidl_cmake_export_typesupport_targets-extras.cmake
[7.352s] -- Installing: /home/vboxuser/ROS-Learning/src/install/custom_interfaces/share/custom_interfaces/cmake/ament_cmake_export_dependencies-extras.cmake
[7.352s] -- Installing: /home/vboxuser/ROS-Learning/src/install/custom_interfaces/share/custom_interfaces/cmake/rosidl_cmake_export_typesupport_libraries-extras.cmake
[7.352s] -- Installing: /home/vboxuser/ROS-Learning/src/install/custom_interfaces/share/custom_interfaces/cmake/rosidl_cmake_aggregate_target-extras.cmake
[7.352s] -- Installing: /home/vboxuser/ROS-Learning/src/install/custom_interfaces/share/custom_interfaces/cmake/custom_interfacesConfig.cmake
[7.353s] -- Installing: /home/vboxuser/ROS-Learning/src/install/custom_interfaces/share/custom_interfaces/cmake/custom_interfacesConfig-version.cmake
[7.353s] -- Installing: /home/vboxuser/ROS-Learning/src/install/custom_interfaces/share/custom_interfaces/package.xml
[7.357s] Invoked command in '/home/vboxuser/ROS-Learning/src/build/custom_interfaces' returned '0': CMAKE_PREFIX_PATH=/opt/ros/humble /usr/bin/cmake --install /home/vboxuser/ROS-Learning/src/build/custom_interfaces
