[1.282s] Invoking command in '/home/vboxuser/ws_ros_course/src/first_package': PYTHONPATH=/home/vboxuser/ws_ros_course/build/first_package/prefix_override:/usr/lib/python3/dist-packages/colcon_core/task/python/colcon_distutils_commands:/home/vboxuser/ws_ros_course/install/first_package/lib/python3.10/site-packages:${PYTHONPATH} /usr/bin/python3 -W ignore:setup.py install is deprecated -W ignore:easy_install command is deprecated setup.py egg_info --egg-base ../../build/first_package build --build-base /home/vboxuser/ws_ros_course/build/first_package/build install --record /home/vboxuser/ws_ros_course/build/first_package/install.log --install-scripts $base/lib/first_package --single-version-externally-managed install_data
[1.761s] running egg_info
[1.762s] writing ../../build/first_package/first_package.egg-info/PKG-INFO
[1.763s] writing dependency_links to ../../build/first_package/first_package.egg-info/dependency_links.txt
[1.763s] writing entry points to ../../build/first_package/first_package.egg-info/entry_points.txt
[1.763s] writing requirements to ../../build/first_package/first_package.egg-info/requires.txt
[1.763s] writing top-level names to ../../build/first_package/first_package.egg-info/top_level.txt
[1.766s] reading manifest file '../../build/first_package/first_package.egg-info/SOURCES.txt'
[1.768s] writing manifest file '../../build/first_package/first_package.egg-info/SOURCES.txt'
[1.768s] running build
[1.768s] running build_py
[1.769s] copying first_package/first_node.py -> /home/vboxuser/ws_ros_course/build/first_package/build/lib/first_package
[1.769s] copying first_package/second_node.py -> /home/vboxuser/ws_ros_course/build/first_package/build/lib/first_package
[1.770s] running install
[1.770s] running install_lib
[1.771s] copying /home/vboxuser/ws_ros_course/build/first_package/build/lib/first_package/first_node.py -> /home/vboxuser/ws_ros_course/install/first_package/lib/python3.10/site-packages/first_package
[1.771s] copying /home/vboxuser/ws_ros_course/build/first_package/build/lib/first_package/second_node.py -> /home/vboxuser/ws_ros_course/install/first_package/lib/python3.10/site-packages/first_package
[1.772s] byte-compiling /home/vboxuser/ws_ros_course/install/first_package/lib/python3.10/site-packages/first_package/first_node.py to first_node.cpython-310.pyc
[1.773s] byte-compiling /home/vboxuser/ws_ros_course/install/first_package/lib/python3.10/site-packages/first_package/second_node.py to second_node.cpython-310.pyc
[1.773s] running install_data
[1.773s] running install_egg_info
[1.779s] removing '/home/vboxuser/ws_ros_course/install/first_package/lib/python3.10/site-packages/first_package-0.0.0-py3.10.egg-info' (and everything under it)
[1.783s] Copying ../../build/first_package/first_package.egg-info to /home/vboxuser/ws_ros_course/install/first_package/lib/python3.10/site-packages/first_package-0.0.0-py3.10.egg-info
[1.783s] running install_scripts
[1.816s] Installing first_publisher script to /home/vboxuser/ws_ros_course/install/first_package/lib/first_package
[1.817s] Installing first_subscriber script to /home/vboxuser/ws_ros_course/install/first_package/lib/first_package
[1.817s] writing list of installed files to '/home/vboxuser/ws_ros_course/build/first_package/install.log'
[1.860s] Invoked command in '/home/vboxuser/ws_ros_course/src/first_package' returned '0': PYTHONPATH=/home/vboxuser/ws_ros_course/build/first_package/prefix_override:/usr/lib/python3/dist-packages/colcon_core/task/python/colcon_distutils_commands:/home/vboxuser/ws_ros_course/install/first_package/lib/python3.10/site-packages:${PYTHONPATH} /usr/bin/python3 -W ignore:setup.py install is deprecated -W ignore:easy_install command is deprecated setup.py egg_info --egg-base ../../build/first_package build --build-base /home/vboxuser/ws_ros_course/build/first_package/build install --record /home/vboxuser/ws_ros_course/build/first_package/install.log --install-scripts $base/lib/first_package --single-version-externally-managed install_data
