[0.233s] DEBUG:colcon:Command line arguments: ['/usr/bin/colcon', 'build']
[0.234s] DEBUG:colcon:Parsed command line arguments: Namespace(log_base=None, log_level=None, verb_name='build', build_base='build', install_base='install', merge_install=False, symlink_install=False, test_result_base=None, continue_on_error=False, executor='parallel', parallel_workers=4, event_handlers=None, ignore_user_meta=False, metas=['./colcon.meta'], base_paths=['.'], packages_ignore=None, packages_ignore_regex=None, paths=None, packages_up_to=None, packages_up_to_regex=None, packages_above=None, packages_above_and_dependencies=None, packages_above_depth=None, packages_select_by_dep=None, packages_skip_by_dep=None, packages_skip_up_to=None, packages_select_build_failed=False, packages_skip_build_finished=False, packages_select_test_failures=False, packages_skip_test_passed=False, packages_select=None, packages_skip=None, packages_select_regex=None, packages_skip_regex=None, packages_start=None, packages_end=None, allow_overriding=[], cmake_args=None, cmake_target=None, cmake_target_skip_unavailable=False, cmake_clean_cache=False, cmake_clean_first=False, cmake_force_configure=False, ament_cmake_args=None, catkin_cmake_args=None, catkin_skip_building_tests=False, mixin_files=None, mixin=None, verb_parser=<colcon_mixin.mixin.mixin_argument.MixinArgumentDecorator object at 0x7aa40140dd20>, verb_extension=<colcon_core.verb.build.BuildVerb object at 0x7aa40156ae90>, main=<bound method BuildVerb.main of <colcon_core.verb.build.BuildVerb object at 0x7aa40156ae90>>, mixin_verb=('build',))
[0.575s] Level 1:colcon.colcon_core.package_discovery:discover_packages(colcon_meta) check parameters
[0.575s] Level 1:colcon.colcon_core.package_discovery:discover_packages(recursive) check parameters
[0.576s] Level 1:colcon.colcon_core.package_discovery:discover_packages(ignore) check parameters
[0.576s] Level 1:colcon.colcon_core.package_discovery:discover_packages(path) check parameters
[0.576s] Level 1:colcon.colcon_core.package_discovery:discover_packages(colcon_meta) discover
[0.576s] Level 1:colcon.colcon_core.package_discovery:discover_packages(recursive) discover
[0.576s] INFO:colcon.colcon_core.package_discovery:Crawling recursively for packages in '/home/vboxuser/ws_ros_course'
[0.576s] Level 1:colcon.colcon_core.package_identification:_identify(.) by extensions ['ignore', 'ignore_ament_install']
[0.576s] Level 1:colcon.colcon_core.package_identification:_identify(.) by extension 'ignore'
[0.576s] Level 1:colcon.colcon_core.package_identification:_identify(.) by extension 'ignore_ament_install'
[0.576s] Level 1:colcon.colcon_core.package_identification:_identify(.) by extensions ['colcon_pkg']
[0.576s] Level 1:colcon.colcon_core.package_identification:_identify(.) by extension 'colcon_pkg'
[0.577s] Level 1:colcon.colcon_core.package_identification:_identify(.) by extensions ['colcon_meta']
[0.577s] Level 1:colcon.colcon_core.package_identification:_identify(.) by extension 'colcon_meta'
[0.577s] Level 1:colcon.colcon_core.package_identification:_identify(.) by extensions ['ros']
[0.577s] Level 1:colcon.colcon_core.package_identification:_identify(.) by extension 'ros'
[0.597s] Level 1:colcon.colcon_core.package_identification:_identify(.) by extensions ['cmake', 'python']
[0.597s] Level 1:colcon.colcon_core.package_identification:_identify(.) by extension 'cmake'
[0.597s] Level 1:colcon.colcon_core.package_identification:_identify(.) by extension 'python'
[0.597s] Level 1:colcon.colcon_core.package_identification:_identify(.) by extensions ['python_setup_py']
[0.598s] Level 1:colcon.colcon_core.package_identification:_identify(.) by extension 'python_setup_py'
[0.598s] Level 1:colcon.colcon_core.package_identification:_identify(build) by extensions ['ignore', 'ignore_ament_install']
[0.598s] Level 1:colcon.colcon_core.package_identification:_identify(build) by extension 'ignore'
[0.598s] Level 1:colcon.colcon_core.package_identification:_identify(build) ignored
[0.598s] Level 1:colcon.colcon_core.package_identification:_identify(install) by extensions ['ignore', 'ignore_ament_install']
[0.598s] Level 1:colcon.colcon_core.package_identification:_identify(install) by extension 'ignore'
[0.598s] Level 1:colcon.colcon_core.package_identification:_identify(install) ignored
[0.598s] Level 1:colcon.colcon_core.package_identification:_identify(log) by extensions ['ignore', 'ignore_ament_install']
[0.599s] Level 1:colcon.colcon_core.package_identification:_identify(log) by extension 'ignore'
[0.599s] Level 1:colcon.colcon_core.package_identification:_identify(log) ignored
[0.599s] Level 1:colcon.colcon_core.package_identification:_identify(src) by extensions ['ignore', 'ignore_ament_install']
[0.599s] Level 1:colcon.colcon_core.package_identification:_identify(src) by extension 'ignore'
[0.599s] Level 1:colcon.colcon_core.package_identification:_identify(src) by extension 'ignore_ament_install'
[0.599s] Level 1:colcon.colcon_core.package_identification:_identify(src) by extensions ['colcon_pkg']
[0.599s] Level 1:colcon.colcon_core.package_identification:_identify(src) by extension 'colcon_pkg'
[0.599s] Level 1:colcon.colcon_core.package_identification:_identify(src) by extensions ['colcon_meta']
[0.599s] Level 1:colcon.colcon_core.package_identification:_identify(src) by extension 'colcon_meta'
[0.599s] Level 1:colcon.colcon_core.package_identification:_identify(src) by extensions ['ros']
[0.599s] Level 1:colcon.colcon_core.package_identification:_identify(src) by extension 'ros'
[0.600s] Level 1:colcon.colcon_core.package_identification:_identify(src) by extensions ['cmake', 'python']
[0.600s] Level 1:colcon.colcon_core.package_identification:_identify(src) by extension 'cmake'
[0.600s] Level 1:colcon.colcon_core.package_identification:_identify(src) by extension 'python'
[0.600s] Level 1:colcon.colcon_core.package_identification:_identify(src) by extensions ['python_setup_py']
[0.600s] Level 1:colcon.colcon_core.package_identification:_identify(src) by extension 'python_setup_py'
[0.600s] Level 1:colcon.colcon_core.package_identification:_identify(src/first_package) by extensions ['ignore', 'ignore_ament_install']
[0.600s] Level 1:colcon.colcon_core.package_identification:_identify(src/first_package) by extension 'ignore'
[0.600s] Level 1:colcon.colcon_core.package_identification:_identify(src/first_package) by extension 'ignore_ament_install'
[0.600s] Level 1:colcon.colcon_core.package_identification:_identify(src/first_package) by extensions ['colcon_pkg']
[0.600s] Level 1:colcon.colcon_core.package_identification:_identify(src/first_package) by extension 'colcon_pkg'
[0.600s] Level 1:colcon.colcon_core.package_identification:_identify(src/first_package) by extensions ['colcon_meta']
[0.600s] Level 1:colcon.colcon_core.package_identification:_identify(src/first_package) by extension 'colcon_meta'
[0.600s] Level 1:colcon.colcon_core.package_identification:_identify(src/first_package) by extensions ['ros']
[0.601s] Level 1:colcon.colcon_core.package_identification:_identify(src/first_package) by extension 'ros'
[0.605s] DEBUG:colcon.colcon_core.package_identification:Package 'src/first_package' with type 'ros.ament_python' and name 'first_package'
[0.605s] Level 1:colcon.colcon_core.package_discovery:discover_packages(recursive) using defaults
[0.605s] Level 1:colcon.colcon_core.package_discovery:discover_packages(ignore) discover
[0.606s] Level 1:colcon.colcon_core.package_discovery:discover_packages(ignore) using defaults
[0.606s] Level 1:colcon.colcon_core.package_discovery:discover_packages(path) discover
[0.606s] Level 1:colcon.colcon_core.package_discovery:discover_packages(path) using defaults
[0.662s] Level 1:colcon.colcon_core.package_discovery:discover_packages(prefix_path) check parameters
[0.662s] Level 1:colcon.colcon_core.package_discovery:discover_packages(prefix_path) discover
[0.664s] DEBUG:colcon.colcon_installed_package_information.package_discovery:Found 1 installed packages in /home/vboxuser/ws_ros_course/install
[0.667s] DEBUG:colcon.colcon_installed_package_information.package_discovery:Found 314 installed packages in /opt/ros/humble
[0.671s] Level 1:colcon.colcon_core.package_discovery:discover_packages(prefix_path) using defaults
[0.764s] Level 5:colcon.colcon_core.verb:set package 'first_package' build argument 'cmake_args' from command line to 'None'
[0.764s] Level 5:colcon.colcon_core.verb:set package 'first_package' build argument 'cmake_target' from command line to 'None'
[0.764s] Level 5:colcon.colcon_core.verb:set package 'first_package' build argument 'cmake_target_skip_unavailable' from command line to 'False'
[0.765s] Level 5:colcon.colcon_core.verb:set package 'first_package' build argument 'cmake_clean_cache' from command line to 'False'
[0.765s] Level 5:colcon.colcon_core.verb:set package 'first_package' build argument 'cmake_clean_first' from command line to 'False'
[0.765s] Level 5:colcon.colcon_core.verb:set package 'first_package' build argument 'cmake_force_configure' from command line to 'False'
[0.765s] Level 5:colcon.colcon_core.verb:set package 'first_package' build argument 'ament_cmake_args' from command line to 'None'
[0.765s] Level 5:colcon.colcon_core.verb:set package 'first_package' build argument 'catkin_cmake_args' from command line to 'None'
[0.765s] Level 5:colcon.colcon_core.verb:set package 'first_package' build argument 'catkin_skip_building_tests' from command line to 'False'
[0.765s] DEBUG:colcon.colcon_core.verb:Building package 'first_package' with the following arguments: {'ament_cmake_args': None, 'build_base': '/home/vboxuser/ws_ros_course/build/first_package', 'catkin_cmake_args': None, 'catkin_skip_building_tests': False, 'cmake_args': None, 'cmake_clean_cache': False, 'cmake_clean_first': False, 'cmake_force_configure': False, 'cmake_target': None, 'cmake_target_skip_unavailable': False, 'install_base': '/home/vboxuser/ws_ros_course/install/first_package', 'merge_install': False, 'path': '/home/vboxuser/ws_ros_course/src/first_package', 'symlink_install': False, 'test_result_base': None}
[0.765s] INFO:colcon.colcon_core.executor:Executing jobs using 'parallel' executor
[0.767s] DEBUG:colcon.colcon_parallel_executor.executor.parallel:run_until_complete
[0.767s] INFO:colcon.colcon_ros.task.ament_python.build:Building ROS package in '/home/vboxuser/ws_ros_course/src/first_package' with build type 'ament_python'
[0.767s] Level 1:colcon.colcon_core.shell:create_environment_hook('first_package', 'ament_prefix_path')
[0.771s] INFO:colcon.colcon_core.plugin_system:Skipping extension 'colcon_core.shell.bat': Not used on non-Windows systems
[0.771s] INFO:colcon.colcon_core.shell:Creating environment hook '/home/vboxuser/ws_ros_course/install/first_package/share/first_package/hook/ament_prefix_path.ps1'
[0.773s] INFO:colcon.colcon_core.shell:Creating environment descriptor '/home/vboxuser/ws_ros_course/install/first_package/share/first_package/hook/ament_prefix_path.dsv'
[0.774s] INFO:colcon.colcon_core.shell:Creating environment hook '/home/vboxuser/ws_ros_course/install/first_package/share/first_package/hook/ament_prefix_path.sh'
[0.776s] INFO:colcon.colcon_core.shell:Skip shell extension 'powershell' for command environment: Not usable outside of PowerShell
[0.776s] DEBUG:colcon.colcon_core.shell:Skip shell extension 'dsv' for command environment
[1.281s] INFO:colcon.colcon_core.task.python.build:Building Python package in '/home/vboxuser/ws_ros_course/src/first_package'
[1.281s] INFO:colcon.colcon_core.shell:Skip shell extension 'powershell' for command environment: Not usable outside of PowerShell
[1.281s] DEBUG:colcon.colcon_core.shell:Skip shell extension 'dsv' for command environment
[1.933s] DEBUG:colcon.colcon_core.task.python.build:Available setuptools commands: install_scripts, saveopts, install_data, build_py, install_headers, build_clib, symlink_data, build_ext, clean, bdist_egg, check, install_egg_info, bdist, rotate, upload, test, bdist_dumb, dist_info, install, upload_docs, bdist_rpm, register, build, easy_install, setopt, install_lib, egg_info, build_scripts, sdist, develop, alias
[1.941s] DEBUG:colcon.colcon_core.event_handler.log_command:Invoking command in '/home/vboxuser/ws_ros_course/src/first_package': PYTHONPATH=/home/vboxuser/ws_ros_course/build/first_package/prefix_override:/usr/lib/python3/dist-packages/colcon_core/task/python/colcon_distutils_commands:/home/vboxuser/ws_ros_course/install/first_package/lib/python3.10/site-packages:${PYTHONPATH} /usr/bin/python3 -W ignore:setup.py install is deprecated -W ignore:easy_install command is deprecated setup.py egg_info --egg-base ../../build/first_package build --build-base /home/vboxuser/ws_ros_course/build/first_package/build install --record /home/vboxuser/ws_ros_course/build/first_package/install.log --install-scripts $base/lib/first_package --single-version-externally-managed install_data
[2.501s] DEBUG:colcon.colcon_core.event_handler.log_command:Invoked command in '/home/vboxuser/ws_ros_course/src/first_package' returned '0': PYTHONPATH=/home/vboxuser/ws_ros_course/build/first_package/prefix_override:/usr/lib/python3/dist-packages/colcon_core/task/python/colcon_distutils_commands:/home/vboxuser/ws_ros_course/install/first_package/lib/python3.10/site-packages:${PYTHONPATH} /usr/bin/python3 -W ignore:setup.py install is deprecated -W ignore:easy_install command is deprecated setup.py egg_info --egg-base ../../build/first_package build --build-base /home/vboxuser/ws_ros_course/build/first_package/build install --record /home/vboxuser/ws_ros_course/build/first_package/install.log --install-scripts $base/lib/first_package --single-version-externally-managed install_data
[2.505s] Level 1:colcon.colcon_core.environment:checking '/home/vboxuser/ws_ros_course/install/first_package' for CMake module files
[2.507s] Level 1:colcon.colcon_core.environment:checking '/home/vboxuser/ws_ros_course/install/first_package' for CMake config files
[2.508s] Level 1:colcon.colcon_core.environment:checking '/home/vboxuser/ws_ros_course/install/first_package/lib'
[2.508s] Level 1:colcon.colcon_core.environment:checking '/home/vboxuser/ws_ros_course/install/first_package/bin'
[2.508s] Level 1:colcon.colcon_core.environment:checking '/home/vboxuser/ws_ros_course/install/first_package/lib/pkgconfig/first_package.pc'
[2.509s] Level 1:colcon.colcon_core.environment:checking '/home/vboxuser/ws_ros_course/install/first_package/lib/python3.10/site-packages'
[2.509s] Level 1:colcon.colcon_core.shell:create_environment_hook('first_package', 'pythonpath')
[2.510s] INFO:colcon.colcon_core.shell:Creating environment hook '/home/vboxuser/ws_ros_course/install/first_package/share/first_package/hook/pythonpath.ps1'
[2.511s] INFO:colcon.colcon_core.shell:Creating environment descriptor '/home/vboxuser/ws_ros_course/install/first_package/share/first_package/hook/pythonpath.dsv'
[2.512s] INFO:colcon.colcon_core.shell:Creating environment hook '/home/vboxuser/ws_ros_course/install/first_package/share/first_package/hook/pythonpath.sh'
[2.513s] Level 1:colcon.colcon_core.environment:checking '/home/vboxuser/ws_ros_course/install/first_package/bin'
[2.513s] Level 1:colcon.colcon_core.environment:create_environment_scripts_only(first_package)
[2.514s] INFO:colcon.colcon_core.shell:Creating package script '/home/vboxuser/ws_ros_course/install/first_package/share/first_package/package.ps1'
[2.516s] INFO:colcon.colcon_core.shell:Creating package descriptor '/home/vboxuser/ws_ros_course/install/first_package/share/first_package/package.dsv'
[2.517s] INFO:colcon.colcon_core.shell:Creating package script '/home/vboxuser/ws_ros_course/install/first_package/share/first_package/package.sh'
[2.518s] INFO:colcon.colcon_core.shell:Creating package script '/home/vboxuser/ws_ros_course/install/first_package/share/first_package/package.bash'
[2.520s] INFO:colcon.colcon_core.shell:Creating package script '/home/vboxuser/ws_ros_course/install/first_package/share/first_package/package.zsh'
[2.522s] Level 1:colcon.colcon_core.environment:create_file_with_runtime_dependencies(/home/vboxuser/ws_ros_course/install/first_package/share/colcon-core/packages/first_package)
[2.523s] DEBUG:colcon.colcon_parallel_executor.executor.parallel:closing loop
[2.523s] DEBUG:colcon.colcon_parallel_executor.executor.parallel:loop closed
[2.523s] DEBUG:colcon.colcon_parallel_executor.executor.parallel:run_until_complete finished with '0'
[2.523s] DEBUG:colcon.colcon_core.event_reactor:joining thread
[2.532s] INFO:colcon.colcon_core.plugin_system:Skipping extension 'colcon_notification.desktop_notification.terminal_notifier': Not used on non-Darwin systems
[2.532s] INFO:colcon.colcon_core.plugin_system:Skipping extension 'colcon_notification.desktop_notification.win32': Not used on non-Windows systems
[2.533s] INFO:colcon.colcon_notification.desktop_notification:Sending desktop notification using 'notify2'
[2.557s] DEBUG:colcon.colcon_core.event_reactor:joined thread
[2.558s] INFO:colcon.colcon_core.shell:Creating prefix script '/home/vboxuser/ws_ros_course/install/local_setup.ps1'
[2.560s] INFO:colcon.colcon_core.shell:Creating prefix util module '/home/vboxuser/ws_ros_course/install/_local_setup_util_ps1.py'
[2.564s] INFO:colcon.colcon_core.shell:Creating prefix chain script '/home/vboxuser/ws_ros_course/install/setup.ps1'
[2.566s] INFO:colcon.colcon_core.shell:Creating prefix script '/home/vboxuser/ws_ros_course/install/local_setup.sh'
[2.567s] INFO:colcon.colcon_core.shell:Creating prefix util module '/home/vboxuser/ws_ros_course/install/_local_setup_util_sh.py'
[2.568s] INFO:colcon.colcon_core.shell:Creating prefix chain script '/home/vboxuser/ws_ros_course/install/setup.sh'
[2.571s] INFO:colcon.colcon_core.shell:Creating prefix script '/home/vboxuser/ws_ros_course/install/local_setup.bash'
[2.573s] INFO:colcon.colcon_core.shell:Creating prefix chain script '/home/vboxuser/ws_ros_course/install/setup.bash'
[2.575s] INFO:colcon.colcon_core.shell:Creating prefix script '/home/vboxuser/ws_ros_course/install/local_setup.zsh'
[2.577s] INFO:colcon.colcon_core.shell:Creating prefix chain script '/home/vboxuser/ws_ros_course/install/setup.zsh'
