[0.240s] DEBUG:colcon:Command line arguments: ['/usr/bin/colcon', 'build']
[0.240s] DEBUG:colcon:Parsed command line arguments: Namespace(log_base=None, log_level=None, verb_name='build', build_base='build', install_base='install', merge_install=False, symlink_install=False, test_result_base=None, continue_on_error=False, executor='parallel', parallel_workers=4, event_handlers=None, ignore_user_meta=False, metas=['./colcon.meta'], base_paths=['.'], packages_ignore=None, packages_ignore_regex=None, paths=None, packages_up_to=None, packages_up_to_regex=None, packages_above=None, packages_above_and_dependencies=None, packages_above_depth=None, packages_select_by_dep=None, packages_skip_by_dep=None, packages_skip_up_to=None, packages_select_build_failed=False, packages_skip_build_finished=False, packages_select_test_failures=False, packages_skip_test_passed=False, packages_select=None, packages_skip=None, packages_select_regex=None, packages_skip_regex=None, packages_start=None, packages_end=None, allow_overriding=[], cmake_args=None, cmake_target=None, cmake_target_skip_unavailable=False, cmake_clean_cache=False, cmake_clean_first=False, cmake_force_configure=False, ament_cmake_args=None, catkin_cmake_args=None, catkin_skip_building_tests=False, mixin_files=None, mixin=None, verb_parser=<colcon_mixin.mixin.mixin_argument.MixinArgumentDecorator object at 0x79da72435d50>, verb_extension=<colcon_core.verb.build.BuildVerb object at 0x79da7256aec0>, main=<bound method BuildVerb.main of <colcon_core.verb.build.BuildVerb object at 0x79da7256aec0>>, mixin_verb=('build',))
[0.579s] Level 1:colcon.colcon_core.package_discovery:discover_packages(colcon_meta) check parameters
[0.579s] Level 1:colcon.colcon_core.package_discovery:discover_packages(recursive) check parameters
[0.579s] Level 1:colcon.colcon_core.package_discovery:discover_packages(ignore) check parameters
[0.579s] Level 1:colcon.colcon_core.package_discovery:discover_packages(path) check parameters
[0.579s] Level 1:colcon.colcon_core.package_discovery:discover_packages(colcon_meta) discover
[0.579s] Level 1:colcon.colcon_core.package_discovery:discover_packages(recursive) discover
[0.579s] INFO:colcon.colcon_core.package_discovery:Crawling recursively for packages in '/home/vboxuser/ws_ros_course'
[0.580s] Level 1:colcon.colcon_core.package_identification:_identify(.) by extensions ['ignore', 'ignore_ament_install']
[0.580s] Level 1:colcon.colcon_core.package_identification:_identify(.) by extension 'ignore'
[0.580s] Level 1:colcon.colcon_core.package_identification:_identify(.) by extension 'ignore_ament_install'
[0.580s] Level 1:colcon.colcon_core.package_identification:_identify(.) by extensions ['colcon_pkg']
[0.580s] Level 1:colcon.colcon_core.package_identification:_identify(.) by extension 'colcon_pkg'
[0.580s] Level 1:colcon.colcon_core.package_identification:_identify(.) by extensions ['colcon_meta']
[0.580s] Level 1:colcon.colcon_core.package_identification:_identify(.) by extension 'colcon_meta'
[0.580s] Level 1:colcon.colcon_core.package_identification:_identify(.) by extensions ['ros']
[0.581s] Level 1:colcon.colcon_core.package_identification:_identify(.) by extension 'ros'
[0.603s] Level 1:colcon.colcon_core.package_identification:_identify(.) by extensions ['cmake', 'python']
[0.603s] Level 1:colcon.colcon_core.package_identification:_identify(.) by extension 'cmake'
[0.603s] Level 1:colcon.colcon_core.package_identification:_identify(.) by extension 'python'
[0.603s] Level 1:colcon.colcon_core.package_identification:_identify(.) by extensions ['python_setup_py']
[0.603s] Level 1:colcon.colcon_core.package_identification:_identify(.) by extension 'python_setup_py'
[0.604s] Level 1:colcon.colcon_core.package_identification:_identify(build) by extensions ['ignore', 'ignore_ament_install']
[0.604s] Level 1:colcon.colcon_core.package_identification:_identify(build) by extension 'ignore'
[0.604s] Level 1:colcon.colcon_core.package_identification:_identify(build) ignored
[0.604s] Level 1:colcon.colcon_core.package_identification:_identify(install) by extensions ['ignore', 'ignore_ament_install']
[0.604s] Level 1:colcon.colcon_core.package_identification:_identify(install) by extension 'ignore'
[0.605s] Level 1:colcon.colcon_core.package_identification:_identify(install) ignored
[0.605s] Level 1:colcon.colcon_core.package_identification:_identify(log) by extensions ['ignore', 'ignore_ament_install']
[0.605s] Level 1:colcon.colcon_core.package_identification:_identify(log) by extension 'ignore'
[0.605s] Level 1:colcon.colcon_core.package_identification:_identify(log) ignored
[0.605s] Level 1:colcon.colcon_core.package_identification:_identify(src) by extensions ['ignore', 'ignore_ament_install']
[0.605s] Level 1:colcon.colcon_core.package_identification:_identify(src) by extension 'ignore'
[0.605s] Level 1:colcon.colcon_core.package_identification:_identify(src) by extension 'ignore_ament_install'
[0.605s] Level 1:colcon.colcon_core.package_identification:_identify(src) by extensions ['colcon_pkg']
[0.605s] Level 1:colcon.colcon_core.package_identification:_identify(src) by extension 'colcon_pkg'
[0.605s] Level 1:colcon.colcon_core.package_identification:_identify(src) by extensions ['colcon_meta']
[0.605s] Level 1:colcon.colcon_core.package_identification:_identify(src) by extension 'colcon_meta'
[0.606s] Level 1:colcon.colcon_core.package_identification:_identify(src) by extensions ['ros']
[0.606s] Level 1:colcon.colcon_core.package_identification:_identify(src) by extension 'ros'
[0.606s] Level 1:colcon.colcon_core.package_identification:_identify(src) by extensions ['cmake', 'python']
[0.606s] Level 1:colcon.colcon_core.package_identification:_identify(src) by extension 'cmake'
[0.606s] Level 1:colcon.colcon_core.package_identification:_identify(src) by extension 'python'
[0.606s] Level 1:colcon.colcon_core.package_identification:_identify(src) by extensions ['python_setup_py']
[0.606s] Level 1:colcon.colcon_core.package_identification:_identify(src) by extension 'python_setup_py'
[0.606s] Level 1:colcon.colcon_core.package_identification:_identify(src/first_package) by extensions ['ignore', 'ignore_ament_install']
[0.606s] Level 1:colcon.colcon_core.package_identification:_identify(src/first_package) by extension 'ignore'
[0.606s] Level 1:colcon.colcon_core.package_identification:_identify(src/first_package) by extension 'ignore_ament_install'
[0.607s] Level 1:colcon.colcon_core.package_identification:_identify(src/first_package) by extensions ['colcon_pkg']
[0.607s] Level 1:colcon.colcon_core.package_identification:_identify(src/first_package) by extension 'colcon_pkg'
[0.607s] Level 1:colcon.colcon_core.package_identification:_identify(src/first_package) by extensions ['colcon_meta']
[0.607s] Level 1:colcon.colcon_core.package_identification:_identify(src/first_package) by extension 'colcon_meta'
[0.607s] Level 1:colcon.colcon_core.package_identification:_identify(src/first_package) by extensions ['ros']
[0.607s] Level 1:colcon.colcon_core.package_identification:_identify(src/first_package) by extension 'ros'
[0.612s] DEBUG:colcon.colcon_core.package_identification:Package 'src/first_package' with type 'ros.ament_python' and name 'first_package'
[0.612s] Level 1:colcon.colcon_core.package_discovery:discover_packages(recursive) using defaults
[0.612s] Level 1:colcon.colcon_core.package_discovery:discover_packages(ignore) discover
[0.612s] Level 1:colcon.colcon_core.package_discovery:discover_packages(ignore) using defaults
[0.612s] Level 1:colcon.colcon_core.package_discovery:discover_packages(path) discover
[0.612s] Level 1:colcon.colcon_core.package_discovery:discover_packages(path) using defaults
[0.678s] Level 1:colcon.colcon_core.package_discovery:discover_packages(prefix_path) check parameters
[0.678s] Level 1:colcon.colcon_core.package_discovery:discover_packages(prefix_path) discover
[0.681s] DEBUG:colcon.colcon_installed_package_information.package_discovery:Found 1 installed packages in /home/vboxuser/ws_ros_course/install
[0.684s] DEBUG:colcon.colcon_installed_package_information.package_discovery:Found 314 installed packages in /opt/ros/humble
[0.690s] Level 1:colcon.colcon_core.package_discovery:discover_packages(prefix_path) using defaults
[0.788s] Level 5:colcon.colcon_core.verb:set package 'first_package' build argument 'cmake_args' from command line to 'None'
[0.789s] Level 5:colcon.colcon_core.verb:set package 'first_package' build argument 'cmake_target' from command line to 'None'
[0.789s] Level 5:colcon.colcon_core.verb:set package 'first_package' build argument 'cmake_target_skip_unavailable' from command line to 'False'
[0.789s] Level 5:colcon.colcon_core.verb:set package 'first_package' build argument 'cmake_clean_cache' from command line to 'False'
[0.789s] Level 5:colcon.colcon_core.verb:set package 'first_package' build argument 'cmake_clean_first' from command line to 'False'
[0.789s] Level 5:colcon.colcon_core.verb:set package 'first_package' build argument 'cmake_force_configure' from command line to 'False'
[0.789s] Level 5:colcon.colcon_core.verb:set package 'first_package' build argument 'ament_cmake_args' from command line to 'None'
[0.789s] Level 5:colcon.colcon_core.verb:set package 'first_package' build argument 'catkin_cmake_args' from command line to 'None'
[0.789s] Level 5:colcon.colcon_core.verb:set package 'first_package' build argument 'catkin_skip_building_tests' from command line to 'False'
[0.789s] DEBUG:colcon.colcon_core.verb:Building package 'first_package' with the following arguments: {'ament_cmake_args': None, 'build_base': '/home/vboxuser/ws_ros_course/build/first_package', 'catkin_cmake_args': None, 'catkin_skip_building_tests': False, 'cmake_args': None, 'cmake_clean_cache': False, 'cmake_clean_first': False, 'cmake_force_configure': False, 'cmake_target': None, 'cmake_target_skip_unavailable': False, 'install_base': '/home/vboxuser/ws_ros_course/install/first_package', 'merge_install': False, 'path': '/home/vboxuser/ws_ros_course/src/first_package', 'symlink_install': False, 'test_result_base': None}
[0.789s] INFO:colcon.colcon_core.executor:Executing jobs using 'parallel' executor
[0.791s] DEBUG:colcon.colcon_parallel_executor.executor.parallel:run_until_complete
[0.791s] INFO:colcon.colcon_ros.task.ament_python.build:Building ROS package in '/home/vboxuser/ws_ros_course/src/first_package' with build type 'ament_python'
[0.791s] Level 1:colcon.colcon_core.shell:create_environment_hook('first_package', 'ament_prefix_path')
[0.795s] INFO:colcon.colcon_core.plugin_system:Skipping extension 'colcon_core.shell.bat': Not used on non-Windows systems
[0.795s] INFO:colcon.colcon_core.shell:Creating environment hook '/home/vboxuser/ws_ros_course/install/first_package/share/first_package/hook/ament_prefix_path.ps1'
[0.796s] INFO:colcon.colcon_core.shell:Creating environment descriptor '/home/vboxuser/ws_ros_course/install/first_package/share/first_package/hook/ament_prefix_path.dsv'
[0.797s] INFO:colcon.colcon_core.shell:Creating environment hook '/home/vboxuser/ws_ros_course/install/first_package/share/first_package/hook/ament_prefix_path.sh'
[0.799s] INFO:colcon.colcon_core.shell:Skip shell extension 'powershell' for command environment: Not usable outside of PowerShell
[0.799s] DEBUG:colcon.colcon_core.shell:Skip shell extension 'dsv' for command environment
[1.299s] INFO:colcon.colcon_core.task.python.build:Building Python package in '/home/vboxuser/ws_ros_course/src/first_package'
[1.300s] INFO:colcon.colcon_core.shell:Skip shell extension 'powershell' for command environment: Not usable outside of PowerShell
[1.300s] DEBUG:colcon.colcon_core.shell:Skip shell extension 'dsv' for command environment
[1.898s] DEBUG:colcon.colcon_core.task.python.build:Available setuptools commands: clean, bdist_dumb, register, upload, install_headers, install_lib, install_data, sdist, dist_info, egg_info, saveopts, check, easy_install, symlink_data, bdist, install_egg_info, bdist_rpm, setopt, install, bdist_egg, install_scripts, build, build_clib, develop, build_ext, build_py, upload_docs, test, rotate, alias, build_scripts
[1.903s] DEBUG:colcon.colcon_core.event_handler.log_command:Invoking command in '/home/vboxuser/ws_ros_course/src/first_package': PYTHONPATH=/home/vboxuser/ws_ros_course/build/first_package/prefix_override:/usr/lib/python3/dist-packages/colcon_core/task/python/colcon_distutils_commands:/home/vboxuser/ws_ros_course/install/first_package/lib/python3.10/site-packages:${PYTHONPATH} /usr/bin/python3 -W ignore:setup.py install is deprecated -W ignore:easy_install command is deprecated setup.py egg_info --egg-base ../../build/first_package build --build-base /home/vboxuser/ws_ros_course/build/first_package/build install --record /home/vboxuser/ws_ros_course/build/first_package/install.log --install-scripts $base/lib/first_package --single-version-externally-managed install_data
[2.479s] DEBUG:colcon.colcon_core.event_handler.log_command:Invoked command in '/home/vboxuser/ws_ros_course/src/first_package' returned '0': PYTHONPATH=/home/vboxuser/ws_ros_course/build/first_package/prefix_override:/usr/lib/python3/dist-packages/colcon_core/task/python/colcon_distutils_commands:/home/vboxuser/ws_ros_course/install/first_package/lib/python3.10/site-packages:${PYTHONPATH} /usr/bin/python3 -W ignore:setup.py install is deprecated -W ignore:easy_install command is deprecated setup.py egg_info --egg-base ../../build/first_package build --build-base /home/vboxuser/ws_ros_course/build/first_package/build install --record /home/vboxuser/ws_ros_course/build/first_package/install.log --install-scripts $base/lib/first_package --single-version-externally-managed install_data
[2.482s] Level 1:colcon.colcon_core.environment:checking '/home/vboxuser/ws_ros_course/install/first_package' for CMake module files
[2.482s] Level 1:colcon.colcon_core.environment:checking '/home/vboxuser/ws_ros_course/install/first_package' for CMake config files
[2.484s] Level 1:colcon.colcon_core.environment:checking '/home/vboxuser/ws_ros_course/install/first_package/lib'
[2.485s] Level 1:colcon.colcon_core.environment:checking '/home/vboxuser/ws_ros_course/install/first_package/bin'
[2.485s] Level 1:colcon.colcon_core.environment:checking '/home/vboxuser/ws_ros_course/install/first_package/lib/pkgconfig/first_package.pc'
[2.486s] Level 1:colcon.colcon_core.environment:checking '/home/vboxuser/ws_ros_course/install/first_package/lib/python3.10/site-packages'
[2.486s] Level 1:colcon.colcon_core.shell:create_environment_hook('first_package', 'pythonpath')
[2.486s] INFO:colcon.colcon_core.shell:Creating environment hook '/home/vboxuser/ws_ros_course/install/first_package/share/first_package/hook/pythonpath.ps1'
[2.487s] INFO:colcon.colcon_core.shell:Creating environment descriptor '/home/vboxuser/ws_ros_course/install/first_package/share/first_package/hook/pythonpath.dsv'
[2.488s] INFO:colcon.colcon_core.shell:Creating environment hook '/home/vboxuser/ws_ros_course/install/first_package/share/first_package/hook/pythonpath.sh'
[2.489s] Level 1:colcon.colcon_core.environment:checking '/home/vboxuser/ws_ros_course/install/first_package/bin'
[2.489s] Level 1:colcon.colcon_core.environment:create_environment_scripts_only(first_package)
[2.490s] INFO:colcon.colcon_core.shell:Creating package script '/home/vboxuser/ws_ros_course/install/first_package/share/first_package/package.ps1'
[2.493s] INFO:colcon.colcon_core.shell:Creating package descriptor '/home/vboxuser/ws_ros_course/install/first_package/share/first_package/package.dsv'
[2.494s] INFO:colcon.colcon_core.shell:Creating package script '/home/vboxuser/ws_ros_course/install/first_package/share/first_package/package.sh'
[2.495s] INFO:colcon.colcon_core.shell:Creating package script '/home/vboxuser/ws_ros_course/install/first_package/share/first_package/package.bash'
[2.497s] INFO:colcon.colcon_core.shell:Creating package script '/home/vboxuser/ws_ros_course/install/first_package/share/first_package/package.zsh'
[2.498s] Level 1:colcon.colcon_core.environment:create_file_with_runtime_dependencies(/home/vboxuser/ws_ros_course/install/first_package/share/colcon-core/packages/first_package)
[2.499s] DEBUG:colcon.colcon_parallel_executor.executor.parallel:closing loop
[2.499s] DEBUG:colcon.colcon_parallel_executor.executor.parallel:loop closed
[2.499s] DEBUG:colcon.colcon_parallel_executor.executor.parallel:run_until_complete finished with '0'
[2.499s] DEBUG:colcon.colcon_core.event_reactor:joining thread
[2.510s] INFO:colcon.colcon_core.plugin_system:Skipping extension 'colcon_notification.desktop_notification.terminal_notifier': Not used on non-Darwin systems
[2.510s] INFO:colcon.colcon_core.plugin_system:Skipping extension 'colcon_notification.desktop_notification.win32': Not used on non-Windows systems
[2.510s] INFO:colcon.colcon_notification.desktop_notification:Sending desktop notification using 'notify2'
[2.534s] DEBUG:colcon.colcon_core.event_reactor:joined thread
[2.535s] INFO:colcon.colcon_core.shell:Creating prefix script '/home/vboxuser/ws_ros_course/install/local_setup.ps1'
[2.537s] INFO:colcon.colcon_core.shell:Creating prefix util module '/home/vboxuser/ws_ros_course/install/_local_setup_util_ps1.py'
[2.541s] INFO:colcon.colcon_core.shell:Creating prefix chain script '/home/vboxuser/ws_ros_course/install/setup.ps1'
[2.550s] INFO:colcon.colcon_core.shell:Creating prefix script '/home/vboxuser/ws_ros_course/install/local_setup.sh'
[2.551s] INFO:colcon.colcon_core.shell:Creating prefix util module '/home/vboxuser/ws_ros_course/install/_local_setup_util_sh.py'
[2.553s] INFO:colcon.colcon_core.shell:Creating prefix chain script '/home/vboxuser/ws_ros_course/install/setup.sh'
[2.556s] INFO:colcon.colcon_core.shell:Creating prefix script '/home/vboxuser/ws_ros_course/install/local_setup.bash'
[2.558s] INFO:colcon.colcon_core.shell:Creating prefix chain script '/home/vboxuser/ws_ros_course/install/setup.bash'
[2.561s] INFO:colcon.colcon_core.shell:Creating prefix script '/home/vboxuser/ws_ros_course/install/local_setup.zsh'
[2.562s] INFO:colcon.colcon_core.shell:Creating prefix chain script '/home/vboxuser/ws_ros_course/install/setup.zsh'
